Archive member included to satisfy reference by file (symbol)

c:/program files (x86)/gnu tools arm embedded/6.2 2016q4/bin/../lib/gcc/arm-none-eabi/6.2.1/../../../../arm-none-eabi/lib/thumb/v7e-m/fpv4-sp/hard\libc_nano.a(lib_a-exit.o)
                              c:/program files (x86)/gnu tools arm embedded/6.2 2016q4/bin/../lib/gcc/arm-none-eabi/6.2.1/../../../../arm-none-eabi/lib/thumb/v7e-m/fpv4-sp/hard/crt0.o (exit)
c:/program files (x86)/gnu tools arm embedded/6.2 2016q4/bin/../lib/gcc/arm-none-eabi/6.2.1/../../../../arm-none-eabi/lib/thumb/v7e-m/fpv4-sp/hard\libc_nano.a(lib_a-impure.o)
                              c:/program files (x86)/gnu tools arm embedded/6.2 2016q4/bin/../lib/gcc/arm-none-eabi/6.2.1/../../../../arm-none-eabi/lib/thumb/v7e-m/fpv4-sp/hard\libc_nano.a(lib_a-exit.o) (_global_impure_ptr)
c:/program files (x86)/gnu tools arm embedded/6.2 2016q4/bin/../lib/gcc/arm-none-eabi/6.2.1/../../../../arm-none-eabi/lib/thumb/v7e-m/fpv4-sp/hard\libc_nano.a(lib_a-init.o)
                              c:/program files (x86)/gnu tools arm embedded/6.2 2016q4/bin/../lib/gcc/arm-none-eabi/6.2.1/../../../../arm-none-eabi/lib/thumb/v7e-m/fpv4-sp/hard/crt0.o (__libc_init_array)
c:/program files (x86)/gnu tools arm embedded/6.2 2016q4/bin/../lib/gcc/arm-none-eabi/6.2.1/../../../../arm-none-eabi/lib/thumb/v7e-m/fpv4-sp/hard\libc_nano.a(lib_a-locale.o)
                              _build/nrf52832_xxaa/nrf_log_str_formatter.c.o (__locale_ctype_ptr)
c:/program files (x86)/gnu tools arm embedded/6.2 2016q4/bin/../lib/gcc/arm-none-eabi/6.2.1/../../../../arm-none-eabi/lib/thumb/v7e-m/fpv4-sp/hard\libc_nano.a(lib_a-mbtowc_r.o)
                              c:/program files (x86)/gnu tools arm embedded/6.2 2016q4/bin/../lib/gcc/arm-none-eabi/6.2.1/../../../../arm-none-eabi/lib/thumb/v7e-m/fpv4-sp/hard\libc_nano.a(lib_a-locale.o) (__ascii_mbtowc)
c:/program files (x86)/gnu tools arm embedded/6.2 2016q4/bin/../lib/gcc/arm-none-eabi/6.2.1/../../../../arm-none-eabi/lib/thumb/v7e-m/fpv4-sp/hard\libc_nano.a(lib_a-memcpy-stub.o)
                              _build/nrf52832_xxaa/nrf_log_frontend.c.o (memcpy)
c:/program files (x86)/gnu tools arm embedded/6.2 2016q4/bin/../lib/gcc/arm-none-eabi/6.2.1/../../../../arm-none-eabi/lib/thumb/v7e-m/fpv4-sp/hard\libc_nano.a(lib_a-memset.o)
                              c:/program files (x86)/gnu tools arm embedded/6.2 2016q4/bin/../lib/gcc/arm-none-eabi/6.2.1/../../../../arm-none-eabi/lib/thumb/v7e-m/fpv4-sp/hard/crt0.o (memset)
c:/program files (x86)/gnu tools arm embedded/6.2 2016q4/bin/../lib/gcc/arm-none-eabi/6.2.1/../../../../arm-none-eabi/lib/thumb/v7e-m/fpv4-sp/hard\libc_nano.a(lib_a-strcmp.o)
                              c:/program files (x86)/gnu tools arm embedded/6.2 2016q4/bin/../lib/gcc/arm-none-eabi/6.2.1/../../../../arm-none-eabi/lib/thumb/v7e-m/fpv4-sp/hard\libc_nano.a(lib_a-locale.o) (strcmp)
c:/program files (x86)/gnu tools arm embedded/6.2 2016q4/bin/../lib/gcc/arm-none-eabi/6.2.1/../../../../arm-none-eabi/lib/thumb/v7e-m/fpv4-sp/hard\libc_nano.a(lib_a-strcpy.o)
                              _build/nrf52832_xxaa/SEGGER_RTT.c.o (strcpy)
c:/program files (x86)/gnu tools arm embedded/6.2 2016q4/bin/../lib/gcc/arm-none-eabi/6.2.1/../../../../arm-none-eabi/lib/thumb/v7e-m/fpv4-sp/hard\libc_nano.a(lib_a-strlen.o)
                              _build/nrf52832_xxaa/nrf_fprintf_format.c.o (strlen)
c:/program files (x86)/gnu tools arm embedded/6.2 2016q4/bin/../lib/gcc/arm-none-eabi/6.2.1/../../../../arm-none-eabi/lib/thumb/v7e-m/fpv4-sp/hard\libc_nano.a(lib_a-wctomb_r.o)
                              c:/program files (x86)/gnu tools arm embedded/6.2 2016q4/bin/../lib/gcc/arm-none-eabi/6.2.1/../../../../arm-none-eabi/lib/thumb/v7e-m/fpv4-sp/hard\libc_nano.a(lib_a-locale.o) (__ascii_wctomb)
c:/program files (x86)/gnu tools arm embedded/6.2 2016q4/bin/../lib/gcc/arm-none-eabi/6.2.1/../../../../arm-none-eabi/lib/thumb/v7e-m/fpv4-sp/hard\libc_nano.a(lib_a-ctype_.o)
                              c:/program files (x86)/gnu tools arm embedded/6.2 2016q4/bin/../lib/gcc/arm-none-eabi/6.2.1/../../../../arm-none-eabi/lib/thumb/v7e-m/fpv4-sp/hard\libc_nano.a(lib_a-locale.o) (_ctype_)
c:/program files (x86)/gnu tools arm embedded/6.2 2016q4/bin/../lib/gcc/arm-none-eabi/6.2.1/../../../../arm-none-eabi/lib/thumb/v7e-m/fpv4-sp/hard\libnosys.a(_exit.o)
                              c:/program files (x86)/gnu tools arm embedded/6.2 2016q4/bin/../lib/gcc/arm-none-eabi/6.2.1/../../../../arm-none-eabi/lib/thumb/v7e-m/fpv4-sp/hard\libc_nano.a(lib_a-exit.o) (_exit)

Allocating common symbols
Common symbol       size              file

led_toggle_timer_handle
                    0x4               _build/nrf52832_xxaa/main.c.o
xQueueRegistry      0x10              _build/nrf52832_xxaa/queue.c.o
led_toggle_task_handle
                    0x4               _build/nrf52832_xxaa/main.c.o
_SEGGER_RTT         0x78              _build/nrf52832_xxaa/SEGGER_RTT.c.o

Discarded input sections

[...]
Memory Configuration

Name             Origin             Length             Attributes
FLASH            0x00000000         0x00080000         xr
RAM              0x20000000         0x00010000         xrw
*default*        0x00000000         0xffffffff

Linker script and memory map


.text           0x00000000     0x41d0
 *(.isr_vector)
 .isr_vector    0x00000000      0x200 _build/nrf52832_xxaa/gcc_startup_nrf52.S.o
                0x00000000                __isr_vector
 *(.text*)
 .text          0x00000200       0x6c c:/program files (x86)/gnu tools arm embedded/6.2 2016q4/bin/../lib/gcc/arm-none-eabi/6.2.1/thumb/v7e-m/fpv4-sp/hard/crtbegin.o
 .text          0x0000026c       0x74 c:/program files (x86)/gnu tools arm embedded/6.2 2016q4/bin/../lib/gcc/arm-none-eabi/6.2.1/../../../../arm-none-eabi/lib/thumb/v7e-m/fpv4-sp/hard/crt0.o
                0x0000026c                _start
                0x0000026c                _mainCRTStartup
 .text.nrf_fprintf_buffer_flush
                0x000002e0       0x18 _build/nrf52832_xxaa/nrf_fprintf.c.o
                0x000002e0                nrf_fprintf_buffer_flush
 .text.nrf_fprintf
                0x000002f8       0x20 _build/nrf52832_xxaa/nrf_fprintf.c.o
                0x000002f8                nrf_fprintf
 .text.unsigned_print
                0x00000318      0x120 _build/nrf52832_xxaa/nrf_fprintf_format.c.o
 .text.nrf_fprintf_fmt
                0x00000438      0x504 _build/nrf52832_xxaa/nrf_fprintf_format.c.o
                0x00000438                nrf_fprintf_fmt
 .text.nrf_log_init
                0x0000093c       0x54 _build/nrf52832_xxaa/nrf_log_frontend.c.o
                0x0000093c                nrf_log_init
 .text.nrf_log_module_name_get
                0x00000990       0x58 _build/nrf52832_xxaa/nrf_log_frontend.c.o
                0x00000990                nrf_log_module_name_get
 .text.nrf_log_color_id_get
                0x000009e8       0x20 _build/nrf52832_xxaa/nrf_log_frontend.c.o
                0x000009e8                nrf_log_color_id_get
 .text.nrf_log_frontend_dequeue
                0x00000a08      0x1fc _build/nrf52832_xxaa/nrf_log_frontend.c.o
                0x00000a08                nrf_log_frontend_dequeue
 .text.nrf_log_frontend_std_0
                0x00000c04      0x164 _build/nrf52832_xxaa/nrf_log_frontend.c.o
                0x00000c04                nrf_log_frontend_std_0
 .text.nrf_log_backend_add
                0x00000d68       0x5c _build/nrf52832_xxaa/nrf_log_frontend.c.o
                0x00000d68                nrf_log_backend_add
 .text.nrf_log_panic
                0x00000dc4       0x28 _build/nrf52832_xxaa/nrf_log_frontend.c.o
                0x00000dc4                nrf_log_panic
 .text.nrf_log_backend_rtt_panic_set
                0x00000dec        0x4 _build/nrf52832_xxaa/nrf_log_backend_rtt.c.o
 .text.nrf_log_backend_rtt_put
                0x00000df0       0x20 _build/nrf52832_xxaa/nrf_log_backend_rtt.c.o
 .text.serial_tx
                0x00000e10       0x28 _build/nrf52832_xxaa/nrf_log_backend_rtt.c.o
 .text.nrf_log_backend_rtt_flush
                0x00000e38        0x4 _build/nrf52832_xxaa/nrf_log_backend_rtt.c.o
 .text.nrf_log_backend_rtt_init
                0x00000e3c        0x4 _build/nrf52832_xxaa/nrf_log_backend_rtt.c.o
                0x00000e3c                nrf_log_backend_rtt_init
 .text.nrf_log_backend_serial_put
                0x00000e40       0xe0 _build/nrf52832_xxaa/nrf_log_backend_serial.c.o
                0x00000e40                nrf_log_backend_serial_put
 .text.nrf_log_default_backends_init
                0x00000f20       0x1c _build/nrf52832_xxaa/nrf_log_default_backends.c.o
                0x00000f20                nrf_log_default_backends_init
 .text.nrf_log_std_entry_process
                0x00000f3c      0x130 _build/nrf52832_xxaa/nrf_log_str_formatter.c.o
                0x00000f3c                nrf_log_std_entry_process
 .text.nrf_log_hexdump_entry_process
                0x0000106c      0x140 _build/nrf52832_xxaa/nrf_log_str_formatter.c.o
                0x0000106c                nrf_log_hexdump_entry_process
 .text.bsp_board_led_invert
                0x000011ac       0x24 _build/nrf52832_xxaa/boards.c.o
                0x000011ac                bsp_board_led_invert
 .text.bsp_board_leds_init
                0x000011d0       0x3c _build/nrf52832_xxaa/boards.c.o
                0x000011d0                bsp_board_leds_init
 .text.pvPortMalloc
                0x0000120c       0x58 _build/nrf52832_xxaa/heap_1.c.o
                0x0000120c                pvPortMalloc
 .text.vPortFree
                0x00001264        0x4 _build/nrf52832_xxaa/heap_1.c.o
                0x00001264                vPortFree
 .text.vListInitialise
                0x00001268       0x18 _build/nrf52832_xxaa/list.c.o
                0x00001268                vListInitialise
 .text.vListInitialiseItem
                0x00001280        0x8 _build/nrf52832_xxaa/list.c.o
                0x00001280                vListInitialiseItem
 .text.vListInsertEnd
                0x00001288       0x18 _build/nrf52832_xxaa/list.c.o
                0x00001288                vListInsertEnd
 .text.vListInsert
                0x000012a0       0x34 _build/nrf52832_xxaa/list.c.o
                0x000012a0                vListInsert
 .text.uxListRemove
                0x000012d4       0x24 _build/nrf52832_xxaa/list.c.o
                0x000012d4                uxListRemove
 .text.vPortStartFirstTask
                0x000012f8       0x1c _build/nrf52832_xxaa/port.c.o
                0x000012f8                vPortStartFirstTask
 .text.SVC_Handler
                0x00001314       0x20 _build/nrf52832_xxaa/port.c.o
                0x00001314                SVC_Handler
 .text.PendSV_Handler
                0x00001334       0x60 _build/nrf52832_xxaa/port.c.o
                0x00001334                PendSV_Handler
 .text.prvTaskExitError
                0x00001394        0x8 _build/nrf52832_xxaa/port_cmsis.c.o
 .text.pxPortInitialiseStack
                0x0000139c       0x2c _build/nrf52832_xxaa/port_cmsis.c.o
                0x0000139c                pxPortInitialiseStack
 .text.xPortStartScheduler
                0x000013c8       0x4c _build/nrf52832_xxaa/port_cmsis.c.o
                0x000013c8                xPortStartScheduler
 .text.vPortEnterCritical
                0x00001414       0x14 _build/nrf52832_xxaa/port_cmsis.c.o
                0x00001414                vPortEnterCritical
 .text.vPortExitCritical
                0x00001428       0x14 _build/nrf52832_xxaa/port_cmsis.c.o
                0x00001428                vPortExitCritical
 .text.RTC1_IRQHandler
                0x0000143c       0x88 _build/nrf52832_xxaa/port_cmsis_systick.c.o
                0x0000143c                RTC1_IRQHandler
 .text.vPortSetupTimerInterrupt
                0x000014c4       0x40 _build/nrf52832_xxaa/port_cmsis_systick.c.o
                0x000014c4                vPortSetupTimerInterrupt
 .text.vPortSuppressTicksAndSleep
                0x00001504       0xc0 _build/nrf52832_xxaa/port_cmsis_systick.c.o
                0x00001504                vPortSuppressTicksAndSleep
 .text.xQueueGenericCreate
                0x000015c4       0x6c _build/nrf52832_xxaa/queue.c.o
                0x000015c4                xQueueGenericCreate
 .text.xQueueGenericSend
                0x00001630      0x318 _build/nrf52832_xxaa/queue.c.o
                0x00001630                xQueueGenericSend
 .text.xQueueGenericSendFromISR
                0x00001948       0xe8 _build/nrf52832_xxaa/queue.c.o
                0x00001948                xQueueGenericSendFromISR
 .text.xQueueGenericReceive
                0x00001a30      0x2e0 _build/nrf52832_xxaa/queue.c.o
                0x00001a30                xQueueGenericReceive
 .text.vQueueAddToRegistry
                0x00001d10       0x24 _build/nrf52832_xxaa/queue.c.o
                0x00001d10                vQueueAddToRegistry
 .text.vQueueWaitForMessageRestricted
                0x00001d34       0xb0 _build/nrf52832_xxaa/queue.c.o
                0x00001d34                vQueueWaitForMessageRestricted
 .text.xTaskGenericCreate
                0x00001de4      0x1e8 _build/nrf52832_xxaa/tasks.c.o
                0x00001de4                xTaskGenericCreate
 .text.vTaskStartScheduler
                0x00001fcc      0x1a4 _build/nrf52832_xxaa/tasks.c.o
                0x00001fcc                vTaskStartScheduler
 .text.vTaskSuspendAll
                0x00002170       0x10 _build/nrf52832_xxaa/tasks.c.o
                0x00002170                vTaskSuspendAll
 .text.xTaskGetTickCount
                0x00002180        0xc _build/nrf52832_xxaa/tasks.c.o
                0x00002180                xTaskGetTickCount
 .text.vTaskStepTick
                0x0000218c       0x10 _build/nrf52832_xxaa/tasks.c.o
                0x0000218c                vTaskStepTick
 .text.xTaskIncrementTick
                0x0000219c      0x128 _build/nrf52832_xxaa/tasks.c.o
                0x0000219c                xTaskIncrementTick
 .text.xTaskResumeAll
                0x000022c4       0xf8 _build/nrf52832_xxaa/tasks.c.o
                0x000022c4                xTaskResumeAll
 .text.vTaskDelay
                0x000023bc       0xa0 _build/nrf52832_xxaa/tasks.c.o
                0x000023bc                vTaskDelay
 .text.prvIdleTask
                0x0000245c       0xf4 _build/nrf52832_xxaa/tasks.c.o
 .text.vTaskSwitchContext
                0x00002550       0x58 _build/nrf52832_xxaa/tasks.c.o
                0x00002550                vTaskSwitchContext
 .text.vTaskPlaceOnEventList
                0x000025a8       0x94 _build/nrf52832_xxaa/tasks.c.o
                0x000025a8                vTaskPlaceOnEventList
 .text.vTaskPlaceOnEventListRestricted
                0x0000263c       0x7c _build/nrf52832_xxaa/tasks.c.o
                0x0000263c                vTaskPlaceOnEventListRestricted
 .text.xTaskRemoveFromEventList
                0x000026b8       0xa0 _build/nrf52832_xxaa/tasks.c.o
                0x000026b8                xTaskRemoveFromEventList
 .text.vTaskSetTimeOutState
                0x00002758       0x18 _build/nrf52832_xxaa/tasks.c.o
                0x00002758                vTaskSetTimeOutState
 .text.xTaskCheckForTimeOut
                0x00002770       0x60 _build/nrf52832_xxaa/tasks.c.o
                0x00002770                xTaskCheckForTimeOut
 .text.vTaskMissedYield
                0x000027d0        0xc _build/nrf52832_xxaa/tasks.c.o
                0x000027d0                vTaskMissedYield
 .text.eTaskConfirmSleepModeStatus
                0x000027dc       0x20 _build/nrf52832_xxaa/tasks.c.o
                0x000027dc                eTaskConfirmSleepModeStatus
 .text.xTaskGetSchedulerState
                0x000027fc       0x20 _build/nrf52832_xxaa/tasks.c.o
                0x000027fc                xTaskGetSchedulerState
 .text.vTaskPriorityInherit
                0x0000281c       0x98 _build/nrf52832_xxaa/tasks.c.o
                0x0000281c                vTaskPriorityInherit
 .text.xTaskPriorityDisinherit
                0x000028b4       0x84 _build/nrf52832_xxaa/tasks.c.o
                0x000028b4                xTaskPriorityDisinherit
 .text.pvTaskIncrementMutexHeldCount
                0x00002938       0x18 _build/nrf52832_xxaa/tasks.c.o
                0x00002938                pvTaskIncrementMutexHeldCount
 .text.xTimerCreateTimerTask
                0x00002950       0x88 _build/nrf52832_xxaa/timers.c.o
                0x00002950                xTimerCreateTimerTask
 .text.xTimerCreate
                0x000029d8       0xa8 _build/nrf52832_xxaa/timers.c.o
                0x000029d8                xTimerCreate
 .text.xTimerGenericCommand
                0x00002a80       0x58 _build/nrf52832_xxaa/timers.c.o
                0x00002a80                xTimerGenericCommand
 .text.prvTimerTask
                0x00002ad8      0x2b0 _build/nrf52832_xxaa/timers.c.o
 .text.app_error_handler_bare
                0x00002d88       0x20 _build/nrf52832_xxaa/app_error.c.o
                0x00002d88                app_error_handler_bare
 .text.app_error_fault_handler
                0x00002da8       0x68 _build/nrf52832_xxaa/app_error_weak.c.o
                0x00002da8                app_error_fault_handler
 .text.app_util_critical_region_enter
                0x00002e10       0x10 _build/nrf52832_xxaa/app_util_platform.c.o
                0x00002e10                app_util_critical_region_enter
 .text.app_util_critical_region_exit
                0x00002e20       0x14 _build/nrf52832_xxaa/app_util_platform.c.o
                0x00002e20                app_util_critical_region_exit
 .text.nrf_balloc_init
                0x00002e34       0x38 _build/nrf52832_xxaa/nrf_balloc.c.o
                0x00002e34                nrf_balloc_init
 .text.nrf_balloc_alloc
                0x00002e6c       0x4c _build/nrf52832_xxaa/nrf_balloc.c.o
                0x00002e6c                nrf_balloc_alloc
 .text.nrf_balloc_free
                0x00002eb8       0x2c _build/nrf52832_xxaa/nrf_balloc.c.o
                0x00002eb8                nrf_balloc_free
 .text.nrf_memobj_pool_init
                0x00002ee4        0x4 _build/nrf52832_xxaa/nrf_memobj.c.o
                0x00002ee4                nrf_memobj_pool_init
 .text.nrf_memobj_alloc
                0x00002ee8       0x90 _build/nrf52832_xxaa/nrf_memobj.c.o
                0x00002ee8                nrf_memobj_alloc
 .text.nrf_memobj_get
                0x00002f78       0x20 _build/nrf52832_xxaa/nrf_memobj.c.o
                0x00002f78                nrf_memobj_get
 .text.nrf_memobj_put
                0x00002f98       0x50 _build/nrf52832_xxaa/nrf_memobj.c.o
                0x00002f98                nrf_memobj_put
 .text.nrf_memobj_write
                0x00002fe8       0x5c _build/nrf52832_xxaa/nrf_memobj.c.o
                0x00002fe8                nrf_memobj_write
 .text.nrf_memobj_read
                0x00003044       0x5c _build/nrf52832_xxaa/nrf_memobj.c.o
                0x00003044                nrf_memobj_read
 .text.nrf_drv_clock_init
                0x000030a0       0x40 _build/nrf52832_xxaa/nrf_drv_clock.c.o
                0x000030a0                nrf_drv_clock_init
 .text.nrf_drv_clock_lfclk_request
                0x000030e0       0x7c _build/nrf52832_xxaa/nrf_drv_clock.c.o
                0x000030e0                nrf_drv_clock_lfclk_request
 .text.POWER_CLOCK_IRQHandler
                0x0000315c       0x78 _build/nrf52832_xxaa/nrf_drv_clock.c.o
                0x0000315c                POWER_CLOCK_IRQHandler
 .text.nrf_drv_common_irq_enable
                0x000031d4       0x50 _build/nrf52832_xxaa/nrf_drv_common.c.o
                0x000031d4                nrf_drv_common_irq_enable
 .text.GPIOTE_IRQHandler
                0x00003224      0x528 _build/nrf52832_xxaa/nrf_drv_gpiote.c.o
                0x00003224                GPIOTE_IRQHandler
 .text.led_toggle_timer_callback
                0x0000374c       0x24 _build/nrf52832_xxaa/main.c.o
 .text.led_toggle_task_function
                0x00003770       0x2c _build/nrf52832_xxaa/main.c.o
 .text.startup.main
                0x0000379c       0xb4 _build/nrf52832_xxaa/main.c.o
                0x0000379c                main
 .text.SEGGER_RTT_WriteNoLock
                0x00003850      0x188 _build/nrf52832_xxaa/SEGGER_RTT.c.o
                0x00003850                SEGGER_RTT_WriteNoLock
 .text.SEGGER_RTT_Init
                0x000039d8       0x60 _build/nrf52832_xxaa/SEGGER_RTT.c.o
                0x000039d8                SEGGER_RTT_Init
 .text          0x00003a38       0x3c _build/nrf52832_xxaa/gcc_startup_nrf52.S.o
                0x00003a38                Reset_Handler
                0x00003a60                NMI_Handler
                0x00003a62                HardFault_Handler
                0x00003a64                MemoryManagement_Handler
                0x00003a66                BusFault_Handler
                0x00003a68                UsageFault_Handler
                0x00003a6c                DebugMon_Handler
                0x00003a70                SysTick_Handler
                0x00003a72                RADIO_IRQHandler
                0x00003a72                PDM_IRQHandler
                0x00003a72                SWI0_EGU0_IRQHandler
                0x00003a72                PWM1_IRQHandler
                0x00003a72                QDEC_IRQHandler
                0x00003a72                TIMER3_IRQHandler
                0x00003a72                FPU_IRQHandler
                0x00003a72                SPIM0_SPIS0_TWIM0_TWIS0_SPI0_TWI0_IRQHandler
                0x00003a72                TEMP_IRQHandler
                0x00003a72                UARTE0_UART0_IRQHandler
                0x00003a72                TIMER4_IRQHandler
                0x00003a72                I2S_IRQHandler
                0x00003a72                RTC0_IRQHandler
                0x00003a72                TIMER0_IRQHandler
                0x00003a72                SWI2_EGU2_IRQHandler
                0x00003a72                TIMER1_IRQHandler
                0x00003a72                PWM2_IRQHandler
                0x00003a72                ECB_IRQHandler
                0x00003a72                SPIM1_SPIS1_TWIM1_TWIS1_SPI1_TWI1_IRQHandler
                0x00003a72                Default_Handler
                0x00003a72                SAADC_IRQHandler
                0x00003a72                CCM_AAR_IRQHandler
                0x00003a72                WDT_IRQHandler
                0x00003a72                SWI5_EGU5_IRQHandler
                0x00003a72                RNG_IRQHandler
                0x00003a72                RTC2_IRQHandler
                0x00003a72                PWM0_IRQHandler
                0x00003a72                SWI3_EGU3_IRQHandler
                0x00003a72                SWI1_EGU1_IRQHandler
                0x00003a72                SPIM2_SPIS2_SPI2_IRQHandler
                0x00003a72                NFCT_IRQHandler
                0x00003a72                SWI4_EGU4_IRQHandler
                0x00003a72                MWU_IRQHandler
                0x00003a72                TIMER2_IRQHandler
                0x00003a72                COMP_LPCOMP_IRQHandler
 .text.SystemInit
                0x00003a74      0x390 _build/nrf52832_xxaa/system_nrf52.c.o
                0x00003a74                SystemInit
 .text.exit     0x00003e04       0x28 c:/program files (x86)/gnu tools arm embedded/6.2 2016q4/bin/../lib/gcc/arm-none-eabi/6.2.1/../../../../arm-none-eabi/lib/thumb/v7e-m/fpv4-sp/hard\libc_nano.a(lib_a-exit.o)
                0x00003e04                exit
 .text.__libc_init_array
                0x00003e2c       0x48 c:/program files (x86)/gnu tools arm embedded/6.2 2016q4/bin/../lib/gcc/arm-none-eabi/6.2.1/../../../../arm-none-eabi/lib/thumb/v7e-m/fpv4-sp/hard\libc_nano.a(lib_a-init.o)
                0x00003e2c                __libc_init_array
 .text.__locale_ctype_ptr
                0x00003e74       0x1c c:/program files (x86)/gnu tools arm embedded/6.2 2016q4/bin/../lib/gcc/arm-none-eabi/6.2.1/../../../../arm-none-eabi/lib/thumb/v7e-m/fpv4-sp/hard\libc_nano.a(lib_a-locale.o)
                0x00003e74                __locale_ctype_ptr
 .text.__ascii_mbtowc
                0x00003e90       0x24 c:/program files (x86)/gnu tools arm embedded/6.2 2016q4/bin/../lib/gcc/arm-none-eabi/6.2.1/../../../../arm-none-eabi/lib/thumb/v7e-m/fpv4-sp/hard\libc_nano.a(lib_a-mbtowc_r.o)
                0x00003e90                __ascii_mbtowc
 .text.memcpy   0x00003eb4       0x16 c:/program files (x86)/gnu tools arm embedded/6.2 2016q4/bin/../lib/gcc/arm-none-eabi/6.2.1/../../../../arm-none-eabi/lib/thumb/v7e-m/fpv4-sp/hard\libc_nano.a(lib_a-memcpy-stub.o)
                0x00003eb4                memcpy
 .text.memset   0x00003eca       0x10 c:/program files (x86)/gnu tools arm embedded/6.2 2016q4/bin/../lib/gcc/arm-none-eabi/6.2.1/../../../../arm-none-eabi/lib/thumb/v7e-m/fpv4-sp/hard\libc_nano.a(lib_a-memset.o)
                0x00003eca                memset
 .text.strcpy   0x00003eda       0x10 c:/program files (x86)/gnu tools arm embedded/6.2 2016q4/bin/../lib/gcc/arm-none-eabi/6.2.1/../../../../arm-none-eabi/lib/thumb/v7e-m/fpv4-sp/hard\libc_nano.a(lib_a-strcpy.o)
                0x00003eda                strcpy
 .text          0x00003eea       0x10 c:/program files (x86)/gnu tools arm embedded/6.2 2016q4/bin/../lib/gcc/arm-none-eabi/6.2.1/../../../../arm-none-eabi/lib/thumb/v7e-m/fpv4-sp/hard\libc_nano.a(lib_a-strlen.o)
                0x00003eea                strlen
 .text.__ascii_wctomb
                0x00003efa       0x1a c:/program files (x86)/gnu tools arm embedded/6.2 2016q4/bin/../lib/gcc/arm-none-eabi/6.2.1/../../../../arm-none-eabi/lib/thumb/v7e-m/fpv4-sp/hard\libc_nano.a(lib_a-wctomb_r.o)
                0x00003efa                __ascii_wctomb
 .text._exit    0x00003f14        0x4 c:/program files (x86)/gnu tools arm embedded/6.2 2016q4/bin/../lib/gcc/arm-none-eabi/6.2.1/../../../../arm-none-eabi/lib/thumb/v7e-m/fpv4-sp/hard\libnosys.a(_exit.o)
                0x00003f14                _exit
 *(.init)
 .init          0x00003f18        0x4 c:/program files (x86)/gnu tools arm embedded/6.2 2016q4/bin/../lib/gcc/arm-none-eabi/6.2.1/thumb/v7e-m/fpv4-sp/hard/crti.o
                0x00003f18                _init
 .init          0x00003f1c        0x8 c:/program files (x86)/gnu tools arm embedded/6.2 2016q4/bin/../lib/gcc/arm-none-eabi/6.2.1/thumb/v7e-m/fpv4-sp/hard/crtn.o
 *(.fini)
 .fini          0x00003f24        0x4 c:/program files (x86)/gnu tools arm embedded/6.2 2016q4/bin/../lib/gcc/arm-none-eabi/6.2.1/thumb/v7e-m/fpv4-sp/hard/crti.o
                0x00003f24                _fini
 .fini          0x00003f28        0x8 c:/program files (x86)/gnu tools arm embedded/6.2 2016q4/bin/../lib/gcc/arm-none-eabi/6.2.1/thumb/v7e-m/fpv4-sp/hard/crtn.o
 *crtbegin.o(.ctors)
 *crtbegin?.o(.ctors)
 *(EXCLUDE_FILE(*crtend.o *crtend?.o) .ctors)
 *(SORT(.ctors.*))
 *(.ctors)
 *crtbegin.o(.dtors)
 *crtbegin?.o(.dtors)
 *(EXCLUDE_FILE(*crtend.o *crtend?.o) .dtors)
 *(SORT(.dtors.*))
 *(.dtors)
 *(.rodata*)
 .rodata._aV2C.7810
                0x00003f30       0x10 _build/nrf52832_xxaa/nrf_fprintf_format.c.o
 .rodata.mempool
                0x00003f40       0x14 _build/nrf52832_xxaa/nrf_log_frontend.c.o
 .rodata.str1.4
                0x00003f54        0x4 _build/nrf52832_xxaa/nrf_log_frontend.c.o
 .rodata.nrf_log_backend_rtt_api
                0x00003f58        0xc _build/nrf52832_xxaa/nrf_log_backend_rtt.c.o
                0x00003f58                nrf_log_backend_rtt_api
 .rodata.m_colors
                0x00003f64       0x24 _build/nrf52832_xxaa/nrf_log_str_formatter.c.o
 .rodata.nrf_log_hexdump_entry_process.str1.4
                0x00003f88       0x13 _build/nrf52832_xxaa/nrf_log_str_formatter.c.o
                                 0x16 (size before relaxing)
 *fill*         0x00003f9b        0x1 
 .rodata.nrf_log_std_entry_process.str1.4
                0x00003f9c       0x1b _build/nrf52832_xxaa/nrf_log_str_formatter.c.o
 *fill*         0x00003fb7        0x1 
 .rodata.severity_names
                0x00003fb8       0x14 _build/nrf52832_xxaa/nrf_log_str_formatter.c.o
 .rodata.str1.4
                0x00003fcc       0x5e _build/nrf52832_xxaa/nrf_log_str_formatter.c.o
 *fill*         0x0000402a        0x2 
 .rodata.m_board_led_list
                0x0000402c        0x4 _build/nrf52832_xxaa/boards.c.o
 .rodata.xTimerCreateTimerTask.str1.4
                0x00004030       0x10 _build/nrf52832_xxaa/timers.c.o
 .rodata.app_error_fault_handler.str1.4
                0x00004040       0x19 _build/nrf52832_xxaa/app_error_weak.c.o
 *fill*         0x00004059        0x3 
 .rodata.str1.4
                0x0000405c        0x7 _build/nrf52832_xxaa/nrf_balloc.c.o
 *fill*         0x00004063        0x1 
 .rodata.str1.4
                0x00004064        0x6 _build/nrf52832_xxaa/nrf_drv_clock.c.o
 *fill*         0x0000406a        0x2 
 .rodata.str1.4
                0x0000406c        0x7 _build/nrf52832_xxaa/nrf_drv_gpiote.c.o
 *fill*         0x00004073        0x1 
 .rodata.led_toggle_task_function.str1.4
                0x00004074        0x7 _build/nrf52832_xxaa/main.c.o
 *fill*         0x0000407b        0x1 
 .rodata.led_toggle_timer_callback.str1.4
                0x0000407c        0x8 _build/nrf52832_xxaa/main.c.o
 .rodata.main.str1.4
                0x00004084       0x1d _build/nrf52832_xxaa/main.c.o
 *fill*         0x000040a1        0x3 
 .rodata.SEGGER_RTT_ReadNoLock.str1.4
                0x000040a4       0x18 _build/nrf52832_xxaa/SEGGER_RTT.c.o
                                 0x17 (size before relaxing)
 .rodata._global_impure_ptr
                0x000040bc        0x4 c:/program files (x86)/gnu tools arm embedded/6.2 2016q4/bin/../lib/gcc/arm-none-eabi/6.2.1/../../../../arm-none-eabi/lib/thumb/v7e-m/fpv4-sp/hard\libc_nano.a(lib_a-impure.o)
                0x000040bc                _global_impure_ptr
 .rodata._setlocale_r.str1.1
                0x000040c0        0x8 c:/program files (x86)/gnu tools arm embedded/6.2 2016q4/bin/../lib/gcc/arm-none-eabi/6.2.1/../../../../arm-none-eabi/lib/thumb/v7e-m/fpv4-sp/hard\libc_nano.a(lib_a-locale.o)
                                  0x9 (size before relaxing)
 .rodata.str1.1
                0x000040c8        0x2 c:/program files (x86)/gnu tools arm embedded/6.2 2016q4/bin/../lib/gcc/arm-none-eabi/6.2.1/../../../../arm-none-eabi/lib/thumb/v7e-m/fpv4-sp/hard\libc_nano.a(lib_a-locale.o)
 .rodata._ctype_
                0x000040ca      0x101 c:/program files (x86)/gnu tools arm embedded/6.2 2016q4/bin/../lib/gcc/arm-none-eabi/6.2.1/../../../../arm-none-eabi/lib/thumb/v7e-m/fpv4-sp/hard\libc_nano.a(lib_a-ctype_.o)
                0x000040ca                _ctype_
 *(.eh_frame*)
 *fill*         0x000041cb        0x1 
 .eh_frame      0x000041cc        0x0 c:/program files (x86)/gnu tools arm embedded/6.2 2016q4/bin/../lib/gcc/arm-none-eabi/6.2.1/thumb/v7e-m/fpv4-sp/hard/crtbegin.o
 .eh_frame      0x000041cc        0x4 c:/program files (x86)/gnu tools arm embedded/6.2 2016q4/bin/../lib/gcc/arm-none-eabi/6.2.1/thumb/v7e-m/fpv4-sp/hard/crtend.o

.glue_7         0x000041d0        0x0
 .glue_7        0x000041d0        0x0 linker stubs

.glue_7t        0x000041d0        0x0
 .glue_7t       0x000041d0        0x0 linker stubs

.vfp11_veneer   0x000041d0        0x0
 .vfp11_veneer  0x000041d0        0x0 linker stubs

.v4_bx          0x000041d0        0x0
 .v4_bx         0x000041d0        0x0 linker stubs

.iplt           0x000041d0        0x0
 .iplt          0x000041d0        0x0 c:/program files (x86)/gnu tools arm embedded/6.2 2016q4/bin/../lib/gcc/arm-none-eabi/6.2.1/thumb/v7e-m/fpv4-sp/hard/crtbegin.o

.pwr_mgmt_data  0x000041d0        0x0
                [!provide]                PROVIDE (__start_pwr_mgmt_data, .)
 *(SORT(.pwr_mgmt_data*))
                [!provide]                PROVIDE (__stop_pwr_mgmt_data, .)

.log_const_data
                0x000041d0       0x20
                0x000041d0                PROVIDE (__start_log_const_data, .)
 *(.log_const_data)
 .log_const_data
                0x000041d0        0x8 _build/nrf52832_xxaa/nrf_log_frontend.c.o
                0x000041d0                m_nrf_log_app_logs_data_const
 .log_const_data
                0x000041d8        0x8 _build/nrf52832_xxaa/nrf_balloc.c.o
                0x000041d8                m_nrf_log_balloc_logs_data_const
 .log_const_data
                0x000041e0        0x8 _build/nrf52832_xxaa/nrf_drv_clock.c.o
                0x000041e0                m_nrf_log_clock_logs_data_const
 .log_const_data
                0x000041e8        0x8 _build/nrf52832_xxaa/nrf_drv_gpiote.c.o
                0x000041e8                m_nrf_log_gpiote_logs_data_const
                0x000041f0                PROVIDE (__stop_log_const_data, .)

.cli_command    0x000041f0        0x0
                [!provide]                PROVIDE (__start_cli_command, .)
 *(.cli_command)
                [!provide]                PROVIDE (__stop_cli_command, .)

.sdh_stack_observers
                0x000041f0        0x0
                [!provide]                PROVIDE (__start_sdh_stack_observers, .)
 *(SORT(.sdh_stack_observers*))
                [!provide]                PROVIDE (__stop_sdh_stack_observers, .)

.sdh_req_observers
                0x000041f0        0x0
                [!provide]                PROVIDE (__start_sdh_req_observers, .)
 *(SORT(.sdh_req_observers*))
                [!provide]                PROVIDE (__stop_sdh_req_observers, .)

.sdh_state_observers
                0x000041f0        0x0
                [!provide]                PROVIDE (__start_sdh_state_observers, .)
 *(SORT(.sdh_state_observers*))
                [!provide]                PROVIDE (__stop_sdh_state_observers, .)

.sdh_ant_observers
                0x000041f0        0x0
                [!provide]                PROVIDE (__start_sdh_ant_observers, .)
 *(SORT(.sdh_ant_observers*))
                [!provide]                PROVIDE (__stop_sdh_ant_observers, .)

.sdh_ble_observers
                0x000041f0        0x0
                [!provide]                PROVIDE (__start_sdh_ble_observers, .)
 *(SORT(.sdh_ble_observers*))
                [!provide]                PROVIDE (__stop_sdh_ble_observers, .)

.sdh_soc_observers
                0x000041f0        0x0
                [!provide]                PROVIDE (__start_sdh_soc_observers, .)
 *(SORT(.sdh_soc_observers*))
                [!provide]                PROVIDE (__stop_sdh_soc_observers, .)

.ARM.extab
 *(.ARM.extab* .gnu.linkonce.armextab.*)
                0x000041f0                __exidx_start = .

.ARM.exidx      0x000041f0        0x8
 *(.ARM.exidx* .gnu.linkonce.armexidx.*)
 .ARM.exidx     0x000041f0        0x8 c:/program files (x86)/gnu tools arm embedded/6.2 2016q4/bin/../lib/gcc/arm-none-eabi/6.2.1/../../../../arm-none-eabi/lib/thumb/v7e-m/fpv4-sp/hard/crt0.o
                0x000041f8                __exidx_end = .
                0x000041f8                __etext = .

.rel.dyn        0x000041f8        0x0
 .rel.iplt      0x000041f8        0x0 c:/program files (x86)/gnu tools arm embedded/6.2 2016q4/bin/../lib/gcc/arm-none-eabi/6.2.1/thumb/v7e-m/fpv4-sp/hard/crtbegin.o

.data           0x20000000      0x1f0 load address 0x000041f8
                0x20000000                __data_start__ = .
 *(vtable)
 *(.data*)
 .data.rtt_log_backend
                0x20000000        0xc _build/nrf52832_xxaa/nrf_log_default_backends.c.o
 .data.xNextTaskUnblockTime
                0x2000000c        0x4 _build/nrf52832_xxaa/tasks.c.o
 .data.SystemCoreClock
                0x20000010        0x4 _build/nrf52832_xxaa/system_nrf52.c.o
                0x20000010                SystemCoreClock
 .data._impure_ptr
                0x20000014        0x4 c:/program files (x86)/gnu tools arm embedded/6.2 2016q4/bin/../lib/gcc/arm-none-eabi/6.2.1/../../../../arm-none-eabi/lib/thumb/v7e-m/fpv4-sp/hard\libc_nano.a(lib_a-impure.o)
                0x20000014                _impure_ptr
 .data.impure_data
                0x20000018       0x60 c:/program files (x86)/gnu tools arm embedded/6.2 2016q4/bin/../lib/gcc/arm-none-eabi/6.2.1/../../../../arm-none-eabi/lib/thumb/v7e-m/fpv4-sp/hard\libc_nano.a(lib_a-impure.o)
 .data.__global_locale
                0x20000078      0x16c c:/program files (x86)/gnu tools arm embedded/6.2 2016q4/bin/../lib/gcc/arm-none-eabi/6.2.1/../../../../arm-none-eabi/lib/thumb/v7e-m/fpv4-sp/hard\libc_nano.a(lib_a-locale.o)
                0x20000078                __global_locale
                0x200001e4                . = ALIGN (0x4)
                0x200001e4                PROVIDE (__preinit_array_start, .)
 *(.preinit_array)
                0x200001e4                PROVIDE (__preinit_array_end, .)
                0x200001e4                . = ALIGN (0x4)
                0x200001e4                PROVIDE (__init_array_start, .)
 *(SORT(.init_array.*))
 *(.init_array)
 .init_array    0x200001e4        0x4 c:/program files (x86)/gnu tools arm embedded/6.2 2016q4/bin/../lib/gcc/arm-none-eabi/6.2.1/thumb/v7e-m/fpv4-sp/hard/crtbegin.o
                0x200001e8                PROVIDE (__init_array_end, .)
                0x200001e8                . = ALIGN (0x4)
                [!provide]                PROVIDE (__fini_array_start, .)
 *(SORT(.fini_array.*))
 *(.fini_array)
 .fini_array    0x200001e8        0x4 c:/program files (x86)/gnu tools arm embedded/6.2 2016q4/bin/../lib/gcc/arm-none-eabi/6.2.1/thumb/v7e-m/fpv4-sp/hard/crtbegin.o
                [!provide]                PROVIDE (__fini_array_end, .)
 *(.jcr*)
 .jcr           0x200001ec        0x0 c:/program files (x86)/gnu tools arm embedded/6.2 2016q4/bin/../lib/gcc/arm-none-eabi/6.2.1/thumb/v7e-m/fpv4-sp/hard/crtbegin.o
 .jcr           0x200001ec        0x4 c:/program files (x86)/gnu tools arm embedded/6.2 2016q4/bin/../lib/gcc/arm-none-eabi/6.2.1/thumb/v7e-m/fpv4-sp/hard/crtend.o
                0x200001f0                . = ALIGN (0x4)
                0x200001f0                __data_end__ = .
LOAD c:/program files (x86)/gnu tools arm embedded/6.2 2016q4/bin/../lib/gcc/arm-none-eabi/6.2.1/thumb/v7e-m/fpv4-sp/hard/crti.o
LOAD c:/program files (x86)/gnu tools arm embedded/6.2 2016q4/bin/../lib/gcc/arm-none-eabi/6.2.1/thumb/v7e-m/fpv4-sp/hard/crtbegin.o
LOAD c:/program files (x86)/gnu tools arm embedded/6.2 2016q4/bin/../lib/gcc/arm-none-eabi/6.2.1/../../../../arm-none-eabi/lib/thumb/v7e-m/fpv4-sp/hard/crt0.o
LOAD _build/nrf52832_xxaa/nrf_fprintf.c.o
LOAD _build/nrf52832_xxaa/nrf_fprintf_format.c.o
LOAD _build/nrf52832_xxaa/nrf_log_frontend.c.o
LOAD _build/nrf52832_xxaa/nrf_log_backend_rtt.c.o
LOAD _build/nrf52832_xxaa/nrf_log_backend_serial.c.o
LOAD _build/nrf52832_xxaa/nrf_log_default_backends.c.o
LOAD _build/nrf52832_xxaa/nrf_log_str_formatter.c.o
LOAD _build/nrf52832_xxaa/boards.c.o
LOAD _build/nrf52832_xxaa/croutine.c.o
LOAD _build/nrf52832_xxaa/event_groups.c.o
LOAD _build/nrf52832_xxaa/heap_1.c.o
LOAD _build/nrf52832_xxaa/list.c.o
LOAD _build/nrf52832_xxaa/port.c.o
LOAD _build/nrf52832_xxaa/port_cmsis.c.o
LOAD _build/nrf52832_xxaa/port_cmsis_systick.c.o
LOAD _build/nrf52832_xxaa/queue.c.o
LOAD _build/nrf52832_xxaa/tasks.c.o
LOAD _build/nrf52832_xxaa/timers.c.o
LOAD _build/nrf52832_xxaa/app_button.c.o
LOAD _build/nrf52832_xxaa/app_error.c.o
LOAD _build/nrf52832_xxaa/app_error_weak.c.o
LOAD _build/nrf52832_xxaa/app_timer_freertos.c.o
LOAD _build/nrf52832_xxaa/app_util_platform.c.o
LOAD _build/nrf52832_xxaa/nrf_assert.c.o
LOAD _build/nrf52832_xxaa/nrf_balloc.c.o
LOAD _build/nrf52832_xxaa/nrf_memobj.c.o
LOAD _build/nrf52832_xxaa/nrf_strerror.c.o
LOAD _build/nrf52832_xxaa/nrf_drv_clock.c.o
LOAD _build/nrf52832_xxaa/nrf_drv_common.c.o
LOAD _build/nrf52832_xxaa/nrf_drv_gpiote.c.o
LOAD _build/nrf52832_xxaa/nrf_nvic.c.o
LOAD _build/nrf52832_xxaa/nrf_soc.c.o
LOAD _build/nrf52832_xxaa/bsp.c.o
LOAD _build/nrf52832_xxaa/bsp_nfc.c.o
LOAD _build/nrf52832_xxaa/main.c.o
LOAD _build/nrf52832_xxaa/RTT_Syscalls_GCC.c.o
LOAD _build/nrf52832_xxaa/SEGGER_RTT.c.o
LOAD _build/nrf52832_xxaa/SEGGER_RTT_printf.c.o
LOAD _build/nrf52832_xxaa/gcc_startup_nrf52.S.o
LOAD _build/nrf52832_xxaa/system_nrf52.c.o
LOAD c:/program files (x86)/gnu tools arm embedded/6.2 2016q4/bin/../lib/gcc/arm-none-eabi/6.2.1/../../../../arm-none-eabi/lib/thumb/v7e-m/fpv4-sp/hard\libc_nano.a
LOAD c:/program files (x86)/gnu tools arm embedded/6.2 2016q4/bin/../lib/gcc/arm-none-eabi/6.2.1/../../../../arm-none-eabi/lib/thumb/v7e-m/fpv4-sp/hard\libnosys.a
LOAD c:/program files (x86)/gnu tools arm embedded/6.2 2016q4/bin/../lib/gcc/arm-none-eabi/6.2.1/../../../../arm-none-eabi/lib/thumb/v7e-m/fpv4-sp/hard\libm.a
START GROUP
LOAD c:/program files (x86)/gnu tools arm embedded/6.2 2016q4/bin/../lib/gcc/arm-none-eabi/6.2.1/thumb/v7e-m/fpv4-sp/hard\libgcc.a
LOAD c:/program files (x86)/gnu tools arm embedded/6.2 2016q4/bin/../lib/gcc/arm-none-eabi/6.2.1/../../../../arm-none-eabi/lib/thumb/v7e-m/fpv4-sp/hard\libg_nano.a
LOAD c:/program files (x86)/gnu tools arm embedded/6.2 2016q4/bin/../lib/gcc/arm-none-eabi/6.2.1/../../../../arm-none-eabi/lib/thumb/v7e-m/fpv4-sp/hard\libc_nano.a
END GROUP
START GROUP
LOAD c:/program files (x86)/gnu tools arm embedded/6.2 2016q4/bin/../lib/gcc/arm-none-eabi/6.2.1/thumb/v7e-m/fpv4-sp/hard\libgcc.a
LOAD c:/program files (x86)/gnu tools arm embedded/6.2 2016q4/bin/../lib/gcc/arm-none-eabi/6.2.1/../../../../arm-none-eabi/lib/thumb/v7e-m/fpv4-sp/hard\libc_nano.a
END GROUP
LOAD c:/program files (x86)/gnu tools arm embedded/6.2 2016q4/bin/../lib/gcc/arm-none-eabi/6.2.1/thumb/v7e-m/fpv4-sp/hard/crtend.o
LOAD c:/program files (x86)/gnu tools arm embedded/6.2 2016q4/bin/../lib/gcc/arm-none-eabi/6.2.1/thumb/v7e-m/fpv4-sp/hard/crtn.o
START GROUP
LOAD c:/program files (x86)/gnu tools arm embedded/6.2 2016q4/bin/../lib/gcc/arm-none-eabi/6.2.1/thumb/v7e-m/fpv4-sp/hard\libgcc.a
LOAD c:/program files (x86)/gnu tools arm embedded/6.2 2016q4/bin/../lib/gcc/arm-none-eabi/6.2.1/../../../../arm-none-eabi/lib/thumb/v7e-m/fpv4-sp/hard\libc.a
LOAD c:/program files (x86)/gnu tools arm embedded/6.2 2016q4/bin/../lib/gcc/arm-none-eabi/6.2.1/../../../../arm-none-eabi/lib/thumb/v7e-m/fpv4-sp/hard\libnosys.a
END GROUP

.igot.plt       0x200001f0        0x0 load address 0x000043e8
 .igot.plt      0x200001f0        0x0 c:/program files (x86)/gnu tools arm embedded/6.2 2016q4/bin/../lib/gcc/arm-none-eabi/6.2.1/thumb/v7e-m/fpv4-sp/hard/crtbegin.o
                0x200001f0                . = ALIGN (0x4)

.svc_data       0x200001f0        0x0
                [!provide]                PROVIDE (__start_svc_data, .)
 *(.svc_data)
                [!provide]                PROVIDE (__stop_svc_data, .)

.fs_data        0x200001f0        0x0
                [!provide]                PROVIDE (__start_fs_data, .)
 *(.fs_data)
                [!provide]                PROVIDE (__stop_fs_data, .)

.log_dynamic_data
                0x200001f0       0x30 load address 0x000043e8
                0x200001f0                PROVIDE (__start_log_dynamic_data, .)
 *(.log_dynamic_data)
 .log_dynamic_data
                0x200001f0        0xc _build/nrf52832_xxaa/nrf_log_frontend.c.o
                0x200001f0                m_nrf_log_app_logs_data_dynamic
 .log_dynamic_data
                0x200001fc        0xc _build/nrf52832_xxaa/nrf_balloc.c.o
                0x200001fc                m_nrf_log_balloc_logs_data_dynamic
 .log_dynamic_data
                0x20000208        0xc _build/nrf52832_xxaa/nrf_drv_clock.c.o
                0x20000208                m_nrf_log_clock_logs_data_dynamic
 .log_dynamic_data
                0x20000214        0xc _build/nrf52832_xxaa/nrf_drv_gpiote.c.o
                0x20000214                m_nrf_log_gpiote_logs_data_dynamic
                [!provide]                PROVIDE (__stop_log_dynamic_data, .)

.cli_sorted_cmd_ptrs
                0x20000220        0x0
                [!provide]                PROVIDE (__start_cli_sorted_cmd_ptrs, .)
 *(.cli_sorted_cmd_ptrs)
                [!provide]                PROVIDE (__stop_cli_sorted_cmd_ptrs, .)

.bss            0x20000220     0x197c load address 0x00004418
                0x20000220                . = ALIGN (0x4)
                0x20000220                __bss_start__ = .
 *(.bss*)
 .bss           0x20000220       0x1c c:/program files (x86)/gnu tools arm embedded/6.2 2016q4/bin/../lib/gcc/arm-none-eabi/6.2.1/thumb/v7e-m/fpv4-sp/hard/crtbegin.o
 .bss.m_log_data
                0x2000023c      0x420 _build/nrf52832_xxaa/nrf_log_frontend.c.o
 .bss.mempool_nrf_balloc_cb
                0x2000065c        0x8 _build/nrf52832_xxaa/nrf_log_frontend.c.o
 .bss.mempool_nrf_balloc_pool_mem
                0x20000664       0xc0 _build/nrf52832_xxaa/nrf_log_frontend.c.o
 .bss.mempool_nrf_balloc_pool_stack
                0x20000724        0x8 _build/nrf52832_xxaa/nrf_log_frontend.c.o
 .bss.m_string_buff
                0x2000072c       0x40 _build/nrf52832_xxaa/nrf_log_backend_rtt.c.o
 .bss.pucAlignedHeap.8221
                0x2000076c        0x4 _build/nrf52832_xxaa/heap_1.c.o
 .bss.ucHeap    0x20000770     0x1000 _build/nrf52832_xxaa/heap_1.c.o
 .bss.xNextFreeByte
                0x20001770        0x4 _build/nrf52832_xxaa/heap_1.c.o
 .bss.uxCriticalNesting
                0x20001774        0x4 _build/nrf52832_xxaa/port_cmsis.c.o
 .bss.pxCurrentTCB
                0x20001778        0x4 _build/nrf52832_xxaa/tasks.c.o
                0x20001778                pxCurrentTCB
 .bss.pxDelayedTaskList
                0x2000177c        0x4 _build/nrf52832_xxaa/tasks.c.o
 .bss.pxOverflowDelayedTaskList
                0x20001780        0x4 _build/nrf52832_xxaa/tasks.c.o
 .bss.pxReadyTasksLists
                0x20001784       0x3c _build/nrf52832_xxaa/tasks.c.o
 .bss.uxCurrentNumberOfTasks
                0x200017c0        0x4 _build/nrf52832_xxaa/tasks.c.o
 .bss.uxPendedTicks
                0x200017c4        0x4 _build/nrf52832_xxaa/tasks.c.o
 .bss.uxSchedulerSuspended
                0x200017c8        0x4 _build/nrf52832_xxaa/tasks.c.o
 .bss.uxTaskNumber
                0x200017cc        0x4 _build/nrf52832_xxaa/tasks.c.o
 .bss.uxTasksDeleted
                0x200017d0        0x4 _build/nrf52832_xxaa/tasks.c.o
 .bss.uxTopReadyPriority
                0x200017d4        0x4 _build/nrf52832_xxaa/tasks.c.o
 .bss.xDelayedTaskList1
                0x200017d8       0x14 _build/nrf52832_xxaa/tasks.c.o
 .bss.xDelayedTaskList2
                0x200017ec       0x14 _build/nrf52832_xxaa/tasks.c.o
 .bss.xIdleTaskHandle
                0x20001800        0x4 _build/nrf52832_xxaa/tasks.c.o
 .bss.xNumOfOverflows
                0x20001804        0x4 _build/nrf52832_xxaa/tasks.c.o
 .bss.xPendingReadyList
                0x20001808       0x14 _build/nrf52832_xxaa/tasks.c.o
 .bss.xSchedulerRunning
                0x2000181c        0x4 _build/nrf52832_xxaa/tasks.c.o
 .bss.xSuspendedTaskList
                0x20001820       0x14 _build/nrf52832_xxaa/tasks.c.o
 .bss.xTasksWaitingTermination
                0x20001834       0x14 _build/nrf52832_xxaa/tasks.c.o
 .bss.xTickCount
                0x20001848        0x4 _build/nrf52832_xxaa/tasks.c.o
 .bss.xYieldPending
                0x2000184c        0x4 _build/nrf52832_xxaa/tasks.c.o
 .bss.pxCurrentTimerList
                0x20001850        0x4 _build/nrf52832_xxaa/timers.c.o
 .bss.pxOverflowTimerList
                0x20001854        0x4 _build/nrf52832_xxaa/timers.c.o
 .bss.xActiveTimerList1
                0x20001858       0x14 _build/nrf52832_xxaa/timers.c.o
 .bss.xActiveTimerList2
                0x2000186c       0x14 _build/nrf52832_xxaa/timers.c.o
 .bss.xLastTime.8477
                0x20001880        0x4 _build/nrf52832_xxaa/timers.c.o
 .bss.xTimerQueue
                0x20001884        0x4 _build/nrf52832_xxaa/timers.c.o
 .bss.xTimerTaskHandle
                0x20001888        0x4 _build/nrf52832_xxaa/timers.c.o
 .bss.m_in_critical_region
                0x2000188c        0x4 _build/nrf52832_xxaa/app_util_platform.c.o
 .bss.m_clock_cb
                0x20001890       0x14 _build/nrf52832_xxaa/nrf_drv_clock.c.o
 .bss.m_cb      0x200018a4       0x58 _build/nrf52832_xxaa/nrf_drv_gpiote.c.o
 .bss._acDownBuffer
                0x200018fc       0x10 _build/nrf52832_xxaa/SEGGER_RTT.c.o
 .bss._acUpBuffer
                0x2000190c      0x200 _build/nrf52832_xxaa/SEGGER_RTT.c.o
 *(COMMON)
 COMMON         0x20001b0c       0x10 _build/nrf52832_xxaa/queue.c.o
                0x20001b0c                xQueueRegistry
 COMMON         0x20001b1c        0x8 _build/nrf52832_xxaa/main.c.o
                0x20001b1c                led_toggle_timer_handle
                0x20001b20                led_toggle_task_handle
 COMMON         0x20001b24       0x78 _build/nrf52832_xxaa/SEGGER_RTT.c.o
                0x20001b24                _SEGGER_RTT
                0x20001b9c                . = ALIGN (0x4)
                0x20001b9c                __bss_end__ = .

.heap           0x20001ba0     0x2000
                0x20001ba0                __HeapBase = .
                0x20001ba0                __end__ = .
                [!provide]                PROVIDE (end, .)
 *(.heap*)
 .heap          0x20001ba0     0x2000 _build/nrf52832_xxaa/gcc_startup_nrf52.S.o
                0x20003ba0                __HeapLimit = .

.stack_dummy    0x20001ba0     0x2000
 *(.stack*)
 .stack         0x20001ba0     0x2000 _build/nrf52832_xxaa/gcc_startup_nrf52.S.o
                0x20010000                __StackTop = (ORIGIN (RAM) + LENGTH (RAM))
                0x2000e000                __StackLimit = (__StackTop - SIZEOF (.stack_dummy))
                0x20010000                PROVIDE (__stack, __StackTop)
                0x00000001                ASSERT ((__StackLimit >= __HeapLimit), region RAM overflowed with stack)
OUTPUT(_build/nrf52832_xxaa.out elf32-littlearm)

.ARM.attributes
                0x00000000       0x30
 .ARM.attributes
                0x00000000       0x22 c:/program files (x86)/gnu tools arm embedded/6.2 2016q4/bin/../lib/gcc/arm-none-eabi/6.2.1/thumb/v7e-m/fpv4-sp/hard/crti.o
 .ARM.attributes
                0x00000022       0x34 c:/program files (x86)/gnu tools arm embedded/6.2 2016q4/bin/../lib/gcc/arm-none-eabi/6.2.1/thumb/v7e-m/fpv4-sp/hard/crtbegin.o
 .ARM.attributes
                0x00000056       0x20 c:/program files (x86)/gnu tools arm embedded/6.2 2016q4/bin/../lib/gcc/arm-none-eabi/6.2.1/../../../../arm-none-eabi/lib/thumb/v7e-m/fpv4-sp/hard/crt0.o
 .ARM.attributes
                0x00000076       0x39 _build/nrf52832_xxaa/nrf_fprintf.c.o
 .ARM.attributes
                0x000000af       0x39 _build/nrf52832_xxaa/nrf_fprintf_format.c.o
 .ARM.attributes
                0x000000e8       0x39 _build/nrf52832_xxaa/nrf_log_frontend.c.o
 .ARM.attributes
                0x00000121       0x39 _build/nrf52832_xxaa/nrf_log_backend_rtt.c.o
 .ARM.attributes
                0x0000015a       0x39 _build/nrf52832_xxaa/nrf_log_backend_serial.c.o
 .ARM.attributes
                0x00000193       0x39 _build/nrf52832_xxaa/nrf_log_default_backends.c.o
 .ARM.attributes
                0x000001cc       0x39 _build/nrf52832_xxaa/nrf_log_str_formatter.c.o
 .ARM.attributes
                0x00000205       0x39 _build/nrf52832_xxaa/boards.c.o
 .ARM.attributes
                0x0000023e       0x39 _build/nrf52832_xxaa/heap_1.c.o
 .ARM.attributes
                0x00000277       0x39 _build/nrf52832_xxaa/list.c.o
 .ARM.attributes
                0x000002b0       0x39 _build/nrf52832_xxaa/port.c.o
 .ARM.attributes
                0x000002e9       0x39 _build/nrf52832_xxaa/port_cmsis.c.o
 .ARM.attributes
                0x00000322       0x39 _build/nrf52832_xxaa/port_cmsis_systick.c.o
 .ARM.attributes
                0x0000035b       0x39 _build/nrf52832_xxaa/queue.c.o
 .ARM.attributes
                0x00000394       0x39 _build/nrf52832_xxaa/tasks.c.o
 .ARM.attributes
                0x000003cd       0x39 _build/nrf52832_xxaa/timers.c.o
 .ARM.attributes
                0x00000406       0x39 _build/nrf52832_xxaa/app_error.c.o
 .ARM.attributes
                0x0000043f       0x39 _build/nrf52832_xxaa/app_error_weak.c.o
 .ARM.attributes
                0x00000478       0x39 _build/nrf52832_xxaa/app_util_platform.c.o
 .ARM.attributes
                0x000004b1       0x39 _build/nrf52832_xxaa/nrf_balloc.c.o
 .ARM.attributes
                0x000004ea       0x39 _build/nrf52832_xxaa/nrf_memobj.c.o
 .ARM.attributes
                0x00000523       0x39 _build/nrf52832_xxaa/nrf_drv_clock.c.o
 .ARM.attributes
                0x0000055c       0x39 _build/nrf52832_xxaa/nrf_drv_common.c.o
 .ARM.attributes
                0x00000595       0x39 _build/nrf52832_xxaa/nrf_drv_gpiote.c.o
 .ARM.attributes
                0x000005ce       0x39 _build/nrf52832_xxaa/main.c.o
 .ARM.attributes
                0x00000607       0x39 _build/nrf52832_xxaa/SEGGER_RTT.c.o
 .ARM.attributes
                0x00000640       0x20 _build/nrf52832_xxaa/gcc_startup_nrf52.S.o
 .ARM.attributes
                0x00000660       0x39 _build/nrf52832_xxaa/system_nrf52.c.o
 .ARM.attributes
                0x00000699       0x34 c:/program files (x86)/gnu tools arm embedded/6.2 2016q4/bin/../lib/gcc/arm-none-eabi/6.2.1/../../../../arm-none-eabi/lib/thumb/v7e-m/fpv4-sp/hard\libc_nano.a(lib_a-exit.o)
 .ARM.attributes
                0x000006cd       0x34 c:/program files (x86)/gnu tools arm embedded/6.2 2016q4/bin/../lib/gcc/arm-none-eabi/6.2.1/../../../../arm-none-eabi/lib/thumb/v7e-m/fpv4-sp/hard\libc_nano.a(lib_a-impure.o)
 .ARM.attributes
                0x00000701       0x34 c:/program files (x86)/gnu tools arm embedded/6.2 2016q4/bin/../lib/gcc/arm-none-eabi/6.2.1/../../../../arm-none-eabi/lib/thumb/v7e-m/fpv4-sp/hard\libc_nano.a(lib_a-init.o)
 .ARM.attributes
                0x00000735       0x34 c:/program files (x86)/gnu tools arm embedded/6.2 2016q4/bin/../lib/gcc/arm-none-eabi/6.2.1/../../../../arm-none-eabi/lib/thumb/v7e-m/fpv4-sp/hard\libc_nano.a(lib_a-locale.o)
 .ARM.attributes
                0x00000769       0x34 c:/program files (x86)/gnu tools arm embedded/6.2 2016q4/bin/../lib/gcc/arm-none-eabi/6.2.1/../../../../arm-none-eabi/lib/thumb/v7e-m/fpv4-sp/hard\libc_nano.a(lib_a-mbtowc_r.o)
 .ARM.attributes
                0x0000079d       0x34 c:/program files (x86)/gnu tools arm embedded/6.2 2016q4/bin/../lib/gcc/arm-none-eabi/6.2.1/../../../../arm-none-eabi/lib/thumb/v7e-m/fpv4-sp/hard\libc_nano.a(lib_a-memcpy-stub.o)
 .ARM.attributes
                0x000007d1       0x34 c:/program files (x86)/gnu tools arm embedded/6.2 2016q4/bin/../lib/gcc/arm-none-eabi/6.2.1/../../../../arm-none-eabi/lib/thumb/v7e-m/fpv4-sp/hard\libc_nano.a(lib_a-memset.o)
 .ARM.attributes
                0x00000805       0x34 c:/program files (x86)/gnu tools arm embedded/6.2 2016q4/bin/../lib/gcc/arm-none-eabi/6.2.1/../../../../arm-none-eabi/lib/thumb/v7e-m/fpv4-sp/hard\libc_nano.a(lib_a-strcpy.o)
 .ARM.attributes
                0x00000839       0x1b c:/program files (x86)/gnu tools arm embedded/6.2 2016q4/bin/../lib/gcc/arm-none-eabi/6.2.1/../../../../arm-none-eabi/lib/thumb/v7e-m/fpv4-sp/hard\libc_nano.a(lib_a-strlen.o)
 .ARM.attributes
                0x00000854       0x34 c:/program files (x86)/gnu tools arm embedded/6.2 2016q4/bin/../lib/gcc/arm-none-eabi/6.2.1/../../../../arm-none-eabi/lib/thumb/v7e-m/fpv4-sp/hard\libc_nano.a(lib_a-wctomb_r.o)
 .ARM.attributes
                0x00000888       0x34 c:/program files (x86)/gnu tools arm embedded/6.2 2016q4/bin/../lib/gcc/arm-none-eabi/6.2.1/../../../../arm-none-eabi/lib/thumb/v7e-m/fpv4-sp/hard\libc_nano.a(lib_a-ctype_.o)
 .ARM.attributes
                0x000008bc       0x34 c:/program files (x86)/gnu tools arm embedded/6.2 2016q4/bin/../lib/gcc/arm-none-eabi/6.2.1/../../../../arm-none-eabi/lib/thumb/v7e-m/fpv4-sp/hard\libnosys.a(_exit.o)
 .ARM.attributes
                0x000008f0       0x34 c:/program files (x86)/gnu tools arm embedded/6.2 2016q4/bin/../lib/gcc/arm-none-eabi/6.2.1/thumb/v7e-m/fpv4-sp/hard/crtend.o
 .ARM.attributes
                0x00000924       0x22 c:/program files (x86)/gnu tools arm embedded/6.2 2016q4/bin/../lib/gcc/arm-none-eabi/6.2.1/thumb/v7e-m/fpv4-sp/hard/crtn.o

.comment        0x00000000       0x6e
 .comment       0x00000000       0x6e _build/nrf52832_xxaa/nrf_fprintf.c.o
                                 0x6f (size before relaxing)
 .comment       0x0000006e       0x6f _build/nrf52832_xxaa/nrf_fprintf_format.c.o
 .comment       0x0000006e       0x6f _build/nrf52832_xxaa/nrf_log_frontend.c.o
 .comment       0x0000006e       0x6f _build/nrf52832_xxaa/nrf_log_backend_rtt.c.o
 .comment       0x0000006e       0x6f _build/nrf52832_xxaa/nrf_log_backend_serial.c.o
 .comment       0x0000006e       0x6f _build/nrf52832_xxaa/nrf_log_default_backends.c.o
 .comment       0x0000006e       0x6f _build/nrf52832_xxaa/nrf_log_str_formatter.c.o
 .comment       0x0000006e       0x6f _build/nrf52832_xxaa/boards.c.o
 .comment       0x0000006e       0x6f _build/nrf52832_xxaa/heap_1.c.o
 .comment       0x0000006e       0x6f _build/nrf52832_xxaa/list.c.o
 .comment       0x0000006e       0x6f _build/nrf52832_xxaa/port.c.o
 .comment       0x0000006e       0x6f _build/nrf52832_xxaa/port_cmsis.c.o
 .comment       0x0000006e       0x6f _build/nrf52832_xxaa/port_cmsis_systick.c.o
 .comment       0x0000006e       0x6f _build/nrf52832_xxaa/queue.c.o
 .comment       0x0000006e       0x6f _build/nrf52832_xxaa/tasks.c.o
 .comment       0x0000006e       0x6f _build/nrf52832_xxaa/timers.c.o
 .comment       0x0000006e       0x6f _build/nrf52832_xxaa/app_error.c.o
 .comment       0x0000006e       0x6f _build/nrf52832_xxaa/app_error_weak.c.o
 .comment       0x0000006e       0x6f _build/nrf52832_xxaa/app_util_platform.c.o
 .comment       0x0000006e       0x6f _build/nrf52832_xxaa/nrf_balloc.c.o
 .comment       0x0000006e       0x6f _build/nrf52832_xxaa/nrf_memobj.c.o
 .comment       0x0000006e       0x6f _build/nrf52832_xxaa/nrf_drv_clock.c.o
 .comment       0x0000006e       0x6f _build/nrf52832_xxaa/nrf_drv_common.c.o
 .comment       0x0000006e       0x6f _build/nrf52832_xxaa/nrf_drv_gpiote.c.o
 .comment       0x0000006e       0x6f _build/nrf52832_xxaa/main.c.o
 .comment       0x0000006e       0x6f _build/nrf52832_xxaa/SEGGER_RTT.c.o
 .comment       0x0000006e       0x6f _build/nrf52832_xxaa/system_nrf52.c.o

.debug_info     0x00000000    0x248c8
 .debug_info    0x00000000      0xa8e _build/nrf52832_xxaa/nrf_fprintf.c.o
 .debug_info    0x00000a8e     0x1144 _build/nrf52832_xxaa/nrf_fprintf_format.c.o
 .debug_info    0x00001bd2     0x3695 _build/nrf52832_xxaa/nrf_log_frontend.c.o
 .debug_info    0x00005267      0xdb5 _build/nrf52832_xxaa/nrf_log_backend_rtt.c.o
 .debug_info    0x0000601c      0xfed _build/nrf52832_xxaa/nrf_log_backend_serial.c.o
 .debug_info    0x00007009      0xb4b _build/nrf52832_xxaa/nrf_log_default_backends.c.o
 .debug_info    0x00007b54     0x101f _build/nrf52832_xxaa/nrf_log_str_formatter.c.o
 .debug_info    0x00008b73     0x13fc _build/nrf52832_xxaa/boards.c.o
 .debug_info    0x00009f6f      0xa0a _build/nrf52832_xxaa/heap_1.c.o
 .debug_info    0x0000a979      0xaf4 _build/nrf52832_xxaa/list.c.o
 .debug_info    0x0000b46d      0x91f _build/nrf52832_xxaa/port.c.o
 .debug_info    0x0000bd8c     0x1074 _build/nrf52832_xxaa/port_cmsis.c.o
 .debug_info    0x0000ce00     0x17bb _build/nrf52832_xxaa/port_cmsis_systick.c.o
 .debug_info    0x0000e5bb     0x2416 _build/nrf52832_xxaa/queue.c.o
 .debug_info    0x000109d1     0x338d _build/nrf52832_xxaa/tasks.c.o
 .debug_info    0x00013d5e     0x1d37 _build/nrf52832_xxaa/timers.c.o
 .debug_info    0x00015a95      0xb54 _build/nrf52832_xxaa/app_error.c.o
 .debug_info    0x000165e9      0xc66 _build/nrf52832_xxaa/app_error_weak.c.o
 .debug_info    0x0001724f      0xf9f _build/nrf52832_xxaa/app_util_platform.c.o
 .debug_info    0x000181ee      0xc72 _build/nrf52832_xxaa/nrf_balloc.c.o
 .debug_info    0x00018e60     0x122d _build/nrf52832_xxaa/nrf_memobj.c.o
 .debug_info    0x0001a08d     0x1a0f _build/nrf52832_xxaa/nrf_drv_clock.c.o
 .debug_info    0x0001ba9c      0xe7d _build/nrf52832_xxaa/nrf_drv_common.c.o
 .debug_info    0x0001c919     0x307a _build/nrf52832_xxaa/nrf_drv_gpiote.c.o
 .debug_info    0x0001f993      0xe54 _build/nrf52832_xxaa/main.c.o
 .debug_info    0x000207e7     0x2f2f _build/nrf52832_xxaa/SEGGER_RTT.c.o
 .debug_info    0x00023716       0xb1 _build/nrf52832_xxaa/gcc_startup_nrf52.S.o
 .debug_info    0x000237c7     0x1101 _build/nrf52832_xxaa/system_nrf52.c.o

.debug_abbrev   0x00000000     0x55b7
 .debug_abbrev  0x00000000      0x239 _build/nrf52832_xxaa/nrf_fprintf.c.o
 .debug_abbrev  0x00000239      0x382 _build/nrf52832_xxaa/nrf_fprintf_format.c.o
 .debug_abbrev  0x000005bb      0x553 _build/nrf52832_xxaa/nrf_log_frontend.c.o
 .debug_abbrev  0x00000b0e      0x2c7 _build/nrf52832_xxaa/nrf_log_backend_rtt.c.o
 .debug_abbrev  0x00000dd5      0x27d _build/nrf52832_xxaa/nrf_log_backend_serial.c.o
 .debug_abbrev  0x00001052      0x254 _build/nrf52832_xxaa/nrf_log_default_backends.c.o
 .debug_abbrev  0x000012a6      0x299 _build/nrf52832_xxaa/nrf_log_str_formatter.c.o
 .debug_abbrev  0x0000153f      0x382 _build/nrf52832_xxaa/boards.c.o
 .debug_abbrev  0x000018c1      0x262 _build/nrf52832_xxaa/heap_1.c.o
 .debug_abbrev  0x00001b23      0x223 _build/nrf52832_xxaa/list.c.o
 .debug_abbrev  0x00001d46      0x1b1 _build/nrf52832_xxaa/port.c.o
 .debug_abbrev  0x00001ef7      0x36b _build/nrf52832_xxaa/port_cmsis.c.o
 .debug_abbrev  0x00002262      0x407 _build/nrf52832_xxaa/port_cmsis_systick.c.o
 .debug_abbrev  0x00002669      0x3f4 _build/nrf52832_xxaa/queue.c.o
 .debug_abbrev  0x00002a5d      0x4d4 _build/nrf52832_xxaa/tasks.c.o
 .debug_abbrev  0x00002f31      0x3f8 _build/nrf52832_xxaa/timers.c.o
 .debug_abbrev  0x00003329      0x235 _build/nrf52832_xxaa/app_error.c.o
 .debug_abbrev  0x0000355e      0x260 _build/nrf52832_xxaa/app_error_weak.c.o
 .debug_abbrev  0x000037be      0x324 _build/nrf52832_xxaa/app_util_platform.c.o
 .debug_abbrev  0x00003ae2      0x2d9 _build/nrf52832_xxaa/nrf_balloc.c.o
 .debug_abbrev  0x00003dbb      0x385 _build/nrf52832_xxaa/nrf_memobj.c.o
 .debug_abbrev  0x00004140      0x4dc _build/nrf52832_xxaa/nrf_drv_clock.c.o
 .debug_abbrev  0x0000461c      0x285 _build/nrf52832_xxaa/nrf_drv_common.c.o
 .debug_abbrev  0x000048a1      0x4f3 _build/nrf52832_xxaa/nrf_drv_gpiote.c.o
 .debug_abbrev  0x00004d94      0x2b7 _build/nrf52832_xxaa/main.c.o
 .debug_abbrev  0x0000504b      0x378 _build/nrf52832_xxaa/SEGGER_RTT.c.o
 .debug_abbrev  0x000053c3       0x14 _build/nrf52832_xxaa/gcc_startup_nrf52.S.o
 .debug_abbrev  0x000053d7      0x1e0 _build/nrf52832_xxaa/system_nrf52.c.o

.debug_loc      0x00000000    0x10d23
 .debug_loc     0x00000000       0x3f _build/nrf52832_xxaa/nrf_fprintf.c.o
 .debug_loc     0x0000003f      0xcc6 _build/nrf52832_xxaa/nrf_fprintf_format.c.o
 .debug_loc     0x00000d05     0x33ef _build/nrf52832_xxaa/nrf_log_frontend.c.o
 .debug_loc     0x000040f4      0x127 _build/nrf52832_xxaa/nrf_log_backend_rtt.c.o
 .debug_loc     0x0000421b      0x185 _build/nrf52832_xxaa/nrf_log_backend_serial.c.o
 .debug_loc     0x000043a0       0x15 _build/nrf52832_xxaa/nrf_log_default_backends.c.o
 .debug_loc     0x000043b5      0x59c _build/nrf52832_xxaa/nrf_log_str_formatter.c.o
 .debug_loc     0x00004951      0x845 _build/nrf52832_xxaa/boards.c.o
 .debug_loc     0x00005196       0xae _build/nrf52832_xxaa/heap_1.c.o
 .debug_loc     0x00005244       0x70 _build/nrf52832_xxaa/list.c.o
 .debug_loc     0x000052b4       0xa5 _build/nrf52832_xxaa/port_cmsis.c.o
 .debug_loc     0x00005359      0x545 _build/nrf52832_xxaa/port_cmsis_systick.c.o
 .debug_loc     0x0000589e     0x11ef _build/nrf52832_xxaa/queue.c.o
 .debug_loc     0x00006a8d     0x1ee1 _build/nrf52832_xxaa/tasks.c.o
 .debug_loc     0x0000896e      0xe0d _build/nrf52832_xxaa/timers.c.o
 .debug_loc     0x0000977b      0x145 _build/nrf52832_xxaa/app_error.c.o
 .debug_loc     0x000098c0       0x63 _build/nrf52832_xxaa/app_error_weak.c.o
 .debug_loc     0x00009923       0xae _build/nrf52832_xxaa/app_util_platform.c.o
 .debug_loc     0x000099d1      0x226 _build/nrf52832_xxaa/nrf_balloc.c.o
 .debug_loc     0x00009bf7      0xa38 _build/nrf52832_xxaa/nrf_memobj.c.o
 .debug_loc     0x0000a62f      0x406 _build/nrf52832_xxaa/nrf_drv_clock.c.o
 .debug_loc     0x0000aa35       0xea _build/nrf52832_xxaa/nrf_drv_common.c.o
 .debug_loc     0x0000ab1f     0x24d0 _build/nrf52832_xxaa/nrf_drv_gpiote.c.o
 .debug_loc     0x0000cfef       0x7e _build/nrf52832_xxaa/main.c.o
 .debug_loc     0x0000d06d     0x3cb6 _build/nrf52832_xxaa/SEGGER_RTT.c.o

.debug_aranges  0x00000000      0x9c8
 .debug_aranges
                0x00000000       0x28 _build/nrf52832_xxaa/nrf_fprintf.c.o
 .debug_aranges
                0x00000028       0x28 _build/nrf52832_xxaa/nrf_fprintf_format.c.o
 .debug_aranges
                0x00000050       0xb8 _build/nrf52832_xxaa/nrf_log_frontend.c.o
 .debug_aranges
                0x00000108       0x38 _build/nrf52832_xxaa/nrf_log_backend_rtt.c.o
 .debug_aranges
                0x00000140       0x20 _build/nrf52832_xxaa/nrf_log_backend_serial.c.o
 .debug_aranges
                0x00000160       0x20 _build/nrf52832_xxaa/nrf_log_default_backends.c.o
 .debug_aranges
                0x00000180       0x28 _build/nrf52832_xxaa/nrf_log_str_formatter.c.o
 .debug_aranges
                0x000001a8       0x80 _build/nrf52832_xxaa/boards.c.o
 .debug_aranges
                0x00000228       0x38 _build/nrf52832_xxaa/heap_1.c.o
 .debug_aranges
                0x00000260       0x40 _build/nrf52832_xxaa/list.c.o
 .debug_aranges
                0x000002a0       0x30 _build/nrf52832_xxaa/port.c.o
 .debug_aranges
                0x000002d0       0x48 _build/nrf52832_xxaa/port_cmsis.c.o
 .debug_aranges
                0x00000318       0x30 _build/nrf52832_xxaa/port_cmsis_systick.c.o
 .debug_aranges
                0x00000348       0xc0 _build/nrf52832_xxaa/queue.c.o
 .debug_aranges
                0x00000408      0x178 _build/nrf52832_xxaa/tasks.c.o
 .debug_aranges
                0x00000580       0x70 _build/nrf52832_xxaa/timers.c.o
 .debug_aranges
                0x000005f0       0x30 _build/nrf52832_xxaa/app_error.c.o
 .debug_aranges
                0x00000620       0x20 _build/nrf52832_xxaa/app_error_weak.c.o
 .debug_aranges
                0x00000640       0x48 _build/nrf52832_xxaa/app_util_platform.c.o
 .debug_aranges
                0x00000688       0x30 _build/nrf52832_xxaa/nrf_balloc.c.o
 .debug_aranges
                0x000006b8       0x50 _build/nrf52832_xxaa/nrf_memobj.c.o
 .debug_aranges
                0x00000708       0x80 _build/nrf52832_xxaa/nrf_drv_clock.c.o
 .debug_aranges
                0x00000788       0x28 _build/nrf52832_xxaa/nrf_drv_common.c.o
 .debug_aranges
                0x000007b0       0xd8 _build/nrf52832_xxaa/nrf_drv_gpiote.c.o
 .debug_aranges
                0x00000888       0x30 _build/nrf52832_xxaa/main.c.o
 .debug_aranges
                0x000008b8       0xc8 _build/nrf52832_xxaa/SEGGER_RTT.c.o
 .debug_aranges
                0x00000980       0x20 _build/nrf52832_xxaa/gcc_startup_nrf52.S.o
 .debug_aranges
                0x000009a0       0x28 _build/nrf52832_xxaa/system_nrf52.c.o

.debug_ranges   0x00000000     0x2e68
 .debug_ranges  0x00000000       0x18 _build/nrf52832_xxaa/nrf_fprintf.c.o
 .debug_ranges  0x00000018      0x1f0 _build/nrf52832_xxaa/nrf_fprintf_format.c.o
 .debug_ranges  0x00000208      0x720 _build/nrf52832_xxaa/nrf_log_frontend.c.o
 .debug_ranges  0x00000928       0x28 _build/nrf52832_xxaa/nrf_log_backend_rtt.c.o
 .debug_ranges  0x00000950       0x28 _build/nrf52832_xxaa/nrf_log_backend_serial.c.o
 .debug_ranges  0x00000978       0x10 _build/nrf52832_xxaa/nrf_log_default_backends.c.o
 .debug_ranges  0x00000988       0xe8 _build/nrf52832_xxaa/nrf_log_str_formatter.c.o
 .debug_ranges  0x00000a70      0x178 _build/nrf52832_xxaa/boards.c.o
 .debug_ranges  0x00000be8       0x28 _build/nrf52832_xxaa/heap_1.c.o
 .debug_ranges  0x00000c10       0x30 _build/nrf52832_xxaa/list.c.o
 .debug_ranges  0x00000c40       0x20 _build/nrf52832_xxaa/port.c.o
 .debug_ranges  0x00000c60       0x50 _build/nrf52832_xxaa/port_cmsis.c.o
 .debug_ranges  0x00000cb0      0x258 _build/nrf52832_xxaa/port_cmsis_systick.c.o
 .debug_ranges  0x00000f08      0x230 _build/nrf52832_xxaa/queue.c.o
 .debug_ranges  0x00001138      0x648 _build/nrf52832_xxaa/tasks.c.o
 .debug_ranges  0x00001780      0x228 _build/nrf52832_xxaa/timers.c.o
 .debug_ranges  0x000019a8       0x20 _build/nrf52832_xxaa/app_error.c.o
 .debug_ranges  0x000019c8       0x10 _build/nrf52832_xxaa/app_error_weak.c.o
 .debug_ranges  0x000019d8       0x50 _build/nrf52832_xxaa/app_util_platform.c.o
 .debug_ranges  0x00001a28       0x38 _build/nrf52832_xxaa/nrf_balloc.c.o
 .debug_ranges  0x00001a60       0x98 _build/nrf52832_xxaa/nrf_memobj.c.o
 .debug_ranges  0x00001af8      0x2b8 _build/nrf52832_xxaa/nrf_drv_clock.c.o
 .debug_ranges  0x00001db0       0x38 _build/nrf52832_xxaa/nrf_drv_common.c.o
 .debug_ranges  0x00001de8      0xaa8 _build/nrf52832_xxaa/nrf_drv_gpiote.c.o
 .debug_ranges  0x00002890       0x70 _build/nrf52832_xxaa/main.c.o
 .debug_ranges  0x00002900      0x420 _build/nrf52832_xxaa/SEGGER_RTT.c.o
 .debug_ranges  0x00002d20      0x148 _build/nrf52832_xxaa/system_nrf52.c.o

.debug_macro    0x00000000    0x17d06
 .debug_macro   0x00000000      0x29a _build/nrf52832_xxaa/nrf_fprintf.c.o
 .debug_macro   0x0000029a      0x8bc _build/nrf52832_xxaa/nrf_fprintf.c.o
 .debug_macro   0x00000b56       0x22 _build/nrf52832_xxaa/nrf_fprintf.c.o
 .debug_macro   0x00000b78       0x4f _build/nrf52832_xxaa/nrf_fprintf.c.o
 .debug_macro   0x00000bc7       0x51 _build/nrf52832_xxaa/nrf_fprintf.c.o
 .debug_macro   0x00000c18       0xef _build/nrf52832_xxaa/nrf_fprintf.c.o
 .debug_macro   0x00000d07       0x6a _build/nrf52832_xxaa/nrf_fprintf.c.o
 .debug_macro   0x00000d71      0x1df _build/nrf52832_xxaa/nrf_fprintf.c.o
 .debug_macro   0x00000f50       0x22 _build/nrf52832_xxaa/nrf_fprintf.c.o
 .debug_macro   0x00000f72       0x52 _build/nrf52832_xxaa/nrf_fprintf.c.o
 .debug_macro   0x00000fc4       0x35 _build/nrf52832_xxaa/nrf_fprintf.c.o
 .debug_macro   0x00000ff9       0x9c _build/nrf52832_xxaa/nrf_fprintf.c.o
 .debug_macro   0x00001095      0x16d _build/nrf52832_xxaa/nrf_fprintf.c.o
 .debug_macro   0x00001202       0x52 _build/nrf52832_xxaa/nrf_fprintf.c.o
 .debug_macro   0x00001254       0x1f _build/nrf52832_xxaa/nrf_fprintf.c.o
 .debug_macro   0x00001273       0x43 _build/nrf52832_xxaa/nrf_fprintf.c.o
 .debug_macro   0x000012b6       0x20 _build/nrf52832_xxaa/nrf_fprintf.c.o
 .debug_macro   0x000012d6      0x187 _build/nrf52832_xxaa/nrf_fprintf.c.o
 .debug_macro   0x0000145d      0x330 _build/nrf52832_xxaa/nrf_fprintf.c.o
 .debug_macro   0x0000178d       0x10 _build/nrf52832_xxaa/nrf_fprintf.c.o
 .debug_macro   0x0000179d       0x35 _build/nrf52832_xxaa/nrf_fprintf.c.o
 .debug_macro   0x000017d2      0x557 _build/nrf52832_xxaa/nrf_fprintf.c.o
 .debug_macro   0x00001d29      0x16d _build/nrf52832_xxaa/nrf_fprintf.c.o
 .debug_macro   0x00001e96       0x2e _build/nrf52832_xxaa/nrf_fprintf.c.o
 .debug_macro   0x00001ec4       0x22 _build/nrf52832_xxaa/nrf_fprintf.c.o
 .debug_macro   0x00001ee6       0x8e _build/nrf52832_xxaa/nrf_fprintf.c.o
 .debug_macro   0x00001f74       0x78 _build/nrf52832_xxaa/nrf_fprintf.c.o
 .debug_macro   0x00001fec       0x22 _build/nrf52832_xxaa/nrf_fprintf.c.o
 .debug_macro   0x0000200e       0x2d _build/nrf52832_xxaa/nrf_fprintf.c.o
 .debug_macro   0x0000203b       0x3b _build/nrf52832_xxaa/nrf_fprintf.c.o
 .debug_macro   0x00002076       0x50 _build/nrf52832_xxaa/nrf_fprintf.c.o
 .debug_macro   0x000020c6      0xe66 _build/nrf52832_xxaa/nrf_fprintf.c.o
 .debug_macro   0x00002f2c      0x392 _build/nrf52832_xxaa/nrf_fprintf.c.o
 .debug_macro   0x000032be     0xcc8d _build/nrf52832_xxaa/nrf_fprintf.c.o
 .debug_macro   0x0000ff4b     0x1313 _build/nrf52832_xxaa/nrf_fprintf.c.o
 .debug_macro   0x0001125e       0x82 _build/nrf52832_xxaa/nrf_fprintf.c.o
 .debug_macro   0x000112e0      0x48a _build/nrf52832_xxaa/nrf_fprintf.c.o
 .debug_macro   0x0001176a       0x4b _build/nrf52832_xxaa/nrf_fprintf.c.o
 .debug_macro   0x000117b5       0x58 _build/nrf52832_xxaa/nrf_fprintf.c.o
 .debug_macro   0x0001180d       0x1c _build/nrf52832_xxaa/nrf_fprintf.c.o
 .debug_macro   0x00011829       0x10 _build/nrf52832_xxaa/nrf_fprintf.c.o
 .debug_macro   0x00011839       0xb6 _build/nrf52832_xxaa/nrf_fprintf.c.o
 .debug_macro   0x000118ef       0x16 _build/nrf52832_xxaa/nrf_fprintf.c.o
 .debug_macro   0x00011905      0x145 _build/nrf52832_xxaa/nrf_fprintf.c.o
 .debug_macro   0x00011a4a       0x2b _build/nrf52832_xxaa/nrf_fprintf.c.o
 .debug_macro   0x00011a75       0x10 _build/nrf52832_xxaa/nrf_fprintf.c.o
 .debug_macro   0x00011a85      0x2ac _build/nrf52832_xxaa/nrf_fprintf_format.c.o
 .debug_macro   0x00011d31      0x37e _build/nrf52832_xxaa/nrf_log_frontend.c.o
 .debug_macro   0x000120af       0x10 _build/nrf52832_xxaa/nrf_log_frontend.c.o
 .debug_macro   0x000120bf       0x7e _build/nrf52832_xxaa/nrf_log_frontend.c.o
 .debug_macro   0x0001213d       0x31 _build/nrf52832_xxaa/nrf_log_frontend.c.o
 .debug_macro   0x0001216e       0x10 _build/nrf52832_xxaa/nrf_log_frontend.c.o
 .debug_macro   0x0001217e      0x156 _build/nrf52832_xxaa/nrf_log_frontend.c.o
 .debug_macro   0x000122d4       0x76 _build/nrf52832_xxaa/nrf_log_frontend.c.o
 .debug_macro   0x0001234a       0x22 _build/nrf52832_xxaa/nrf_log_frontend.c.o
 .debug_macro   0x0001236c       0x16 _build/nrf52832_xxaa/nrf_log_frontend.c.o
 .debug_macro   0x00012382       0x22 _build/nrf52832_xxaa/nrf_log_frontend.c.o
 .debug_macro   0x000123a4       0x92 _build/nrf52832_xxaa/nrf_log_frontend.c.o
 .debug_macro   0x00012436       0x10 _build/nrf52832_xxaa/nrf_log_frontend.c.o
 .debug_macro   0x00012446       0x1c _build/nrf52832_xxaa/nrf_log_frontend.c.o
 .debug_macro   0x00012462       0x16 _build/nrf52832_xxaa/nrf_log_frontend.c.o
 .debug_macro   0x00012478       0x3b _build/nrf52832_xxaa/nrf_log_frontend.c.o
 .debug_macro   0x000124b3      0x379 _build/nrf52832_xxaa/nrf_log_backend_rtt.c.o
 .debug_macro   0x0001282c       0x8c _build/nrf52832_xxaa/nrf_log_backend_rtt.c.o
 .debug_macro   0x000128b8      0x150 _build/nrf52832_xxaa/nrf_log_backend_rtt.c.o
 .debug_macro   0x00012a08       0x34 _build/nrf52832_xxaa/nrf_log_backend_rtt.c.o
 .debug_macro   0x00012a3c      0x115 _build/nrf52832_xxaa/nrf_log_backend_rtt.c.o
 .debug_macro   0x00012b51      0x339 _build/nrf52832_xxaa/nrf_log_backend_serial.c.o
 .debug_macro   0x00012e8a      0x335 _build/nrf52832_xxaa/nrf_log_default_backends.c.o
 .debug_macro   0x000131bf      0x375 _build/nrf52832_xxaa/nrf_log_str_formatter.c.o
 .debug_macro   0x00013534       0x9c _build/nrf52832_xxaa/nrf_log_str_formatter.c.o
 .debug_macro   0x000135d0      0x29d _build/nrf52832_xxaa/boards.c.o
 .debug_macro   0x0001386d       0x35 _build/nrf52832_xxaa/boards.c.o
 .debug_macro   0x000138a2       0x22 _build/nrf52832_xxaa/boards.c.o
 .debug_macro   0x000138c4      0x2ce _build/nrf52832_xxaa/boards.c.o
 .debug_macro   0x00013b92       0x16 _build/nrf52832_xxaa/boards.c.o
 .debug_macro   0x00013ba8       0x97 _build/nrf52832_xxaa/boards.c.o
 .debug_macro   0x00013c3f       0xf6 _build/nrf52832_xxaa/boards.c.o
 .debug_macro   0x00013d35       0x16 _build/nrf52832_xxaa/boards.c.o
 .debug_macro   0x00013d4b      0x261 _build/nrf52832_xxaa/boards.c.o
 .debug_macro   0x00013fac      0x115 _build/nrf52832_xxaa/boards.c.o
 .debug_macro   0x000140c1      0x311 _build/nrf52832_xxaa/heap_1.c.o
 .debug_macro   0x000143d2      0x2f0 _build/nrf52832_xxaa/list.c.o
 .debug_macro   0x000146c2      0x2e0 _build/nrf52832_xxaa/port.c.o
 .debug_macro   0x000149a2      0x30a _build/nrf52832_xxaa/port_cmsis.c.o
 .debug_macro   0x00014cac      0x3a3 _build/nrf52832_xxaa/port_cmsis_systick.c.o
 .debug_macro   0x0001504f       0x16 _build/nrf52832_xxaa/port_cmsis_systick.c.o
 .debug_macro   0x00015065       0x28 _build/nrf52832_xxaa/port_cmsis_systick.c.o
 .debug_macro   0x0001508d       0x10 _build/nrf52832_xxaa/port_cmsis_systick.c.o
 .debug_macro   0x0001509d       0x28 _build/nrf52832_xxaa/port_cmsis_systick.c.o
 .debug_macro   0x000150c5      0x362 _build/nrf52832_xxaa/queue.c.o
 .debug_macro   0x00015427       0xb0 _build/nrf52832_xxaa/queue.c.o
 .debug_macro   0x000154d7      0x39e _build/nrf52832_xxaa/tasks.c.o
 .debug_macro   0x00015875       0x16 _build/nrf52832_xxaa/tasks.c.o
 .debug_macro   0x0001588b      0x32d _build/nrf52832_xxaa/timers.c.o
 .debug_macro   0x00015bb8      0x229 _build/nrf52832_xxaa/app_error.c.o
 .debug_macro   0x00015de1      0x338 _build/nrf52832_xxaa/app_error_weak.c.o
 .debug_macro   0x00016119       0x16 _build/nrf52832_xxaa/app_error_weak.c.o
 .debug_macro   0x0001612f      0x245 _build/nrf52832_xxaa/app_util_platform.c.o
 .debug_macro   0x00016374      0x30d _build/nrf52832_xxaa/nrf_balloc.c.o
 .debug_macro   0x00016681      0x14a _build/nrf52832_xxaa/nrf_balloc.c.o
 .debug_macro   0x000167cb      0x2ee _build/nrf52832_xxaa/nrf_memobj.c.o
 .debug_macro   0x00016ab9       0x10 _build/nrf52832_xxaa/nrf_memobj.c.o
 .debug_macro   0x00016ac9      0x33d _build/nrf52832_xxaa/nrf_drv_clock.c.o
 .debug_macro   0x00016e06      0x2b9 _build/nrf52832_xxaa/nrf_drv_common.c.o
 .debug_macro   0x000170bf       0x22 _build/nrf52832_xxaa/nrf_drv_common.c.o
 .debug_macro   0x000170e1      0x3a1 _build/nrf52832_xxaa/nrf_drv_gpiote.c.o
 .debug_macro   0x00017482       0x16 _build/nrf52832_xxaa/nrf_drv_gpiote.c.o
 .debug_macro   0x00017498      0x469 _build/nrf52832_xxaa/main.c.o
 .debug_macro   0x00017901       0x37 _build/nrf52832_xxaa/main.c.o
 .debug_macro   0x00017938       0x10 _build/nrf52832_xxaa/main.c.o
 .debug_macro   0x00017948      0x2c9 _build/nrf52832_xxaa/SEGGER_RTT.c.o
 .debug_macro   0x00017c11       0xf5 _build/nrf52832_xxaa/system_nrf52.c.o

.debug_line     0x00000000    0x108d5
 .debug_line    0x00000000      0x63c _build/nrf52832_xxaa/nrf_fprintf.c.o
 .debug_line    0x0000063c      0x851 _build/nrf52832_xxaa/nrf_fprintf_format.c.o
 .debug_line    0x00000e8d     0x1034 _build/nrf52832_xxaa/nrf_log_frontend.c.o
 .debug_line    0x00001ec1      0x8d2 _build/nrf52832_xxaa/nrf_log_backend_rtt.c.o
 .debug_line    0x00002793      0x884 _build/nrf52832_xxaa/nrf_log_backend_serial.c.o
 .debug_line    0x00003017      0x7e3 _build/nrf52832_xxaa/nrf_log_default_backends.c.o
 .debug_line    0x000037fa      0x8be _build/nrf52832_xxaa/nrf_log_str_formatter.c.o
 .debug_line    0x000040b8      0x7d3 _build/nrf52832_xxaa/boards.c.o
 .debug_line    0x0000488b      0x7d8 _build/nrf52832_xxaa/heap_1.c.o
 .debug_line    0x00005063      0x7d9 _build/nrf52832_xxaa/list.c.o
 .debug_line    0x0000583c      0x73c _build/nrf52832_xxaa/port.c.o
 .debug_line    0x00005f78      0x7c0 _build/nrf52832_xxaa/port_cmsis.c.o
 .debug_line    0x00006738      0xb8e _build/nrf52832_xxaa/port_cmsis_systick.c.o
 .debug_line    0x000072c6      0xdcd _build/nrf52832_xxaa/queue.c.o
 .debug_line    0x00008093     0x12df _build/nrf52832_xxaa/tasks.c.o
 .debug_line    0x00009372      0x9eb _build/nrf52832_xxaa/timers.c.o
 .debug_line    0x00009d5d      0x5ab _build/nrf52832_xxaa/app_error.c.o
 .debug_line    0x0000a308      0x8aa _build/nrf52832_xxaa/app_error_weak.c.o
 .debug_line    0x0000abb2      0x624 _build/nrf52832_xxaa/app_util_platform.c.o
 .debug_line    0x0000b1d6      0x812 _build/nrf52832_xxaa/nrf_balloc.c.o
 .debug_line    0x0000b9e8      0x856 _build/nrf52832_xxaa/nrf_memobj.c.o
 .debug_line    0x0000c23e      0xadc _build/nrf52832_xxaa/nrf_drv_clock.c.o
 .debug_line    0x0000cd1a      0x6d4 _build/nrf52832_xxaa/nrf_drv_common.c.o
 .debug_line    0x0000d3ee     0x1210 _build/nrf52832_xxaa/nrf_drv_gpiote.c.o
 .debug_line    0x0000e5fe      0xc99 _build/nrf52832_xxaa/main.c.o
 .debug_line    0x0000f297     0x10c4 _build/nrf52832_xxaa/SEGGER_RTT.c.o
 .debug_line    0x0001035b       0xa3 _build/nrf52832_xxaa/gcc_startup_nrf52.S.o
 .debug_line    0x000103fe      0x4d7 _build/nrf52832_xxaa/system_nrf52.c.o

.debug_str      0x00000000    0x75dca
 .debug_str     0x00000000    0x64d08 _build/nrf52832_xxaa/nrf_fprintf.c.o
                              0x659a2 (size before relaxing)
 .debug_str     0x00064d08      0x139 _build/nrf52832_xxaa/nrf_fprintf_format.c.o
                              0x65a97 (size before relaxing)
 .debug_str     0x00064e41     0x3eee _build/nrf52832_xxaa/nrf_log_frontend.c.o
                              0x69601 (size before relaxing)
 .debug_str     0x00068d2f      0x9d6 _build/nrf52832_xxaa/nrf_log_backend_rtt.c.o
                              0x6873f (size before relaxing)
 .debug_str     0x00069705      0x110 _build/nrf52832_xxaa/nrf_log_backend_serial.c.o
                              0x680e6 (size before relaxing)
 .debug_str     0x00069815      0x10e _build/nrf52832_xxaa/nrf_log_default_backends.c.o
                              0x67ea2 (size before relaxing)
 .debug_str     0x00069923      0x613 _build/nrf52832_xxaa/nrf_log_str_formatter.c.o
                              0x684eb (size before relaxing)
 .debug_str     0x00069f36     0x1aff _build/nrf52832_xxaa/boards.c.o
                              0x62d44 (size before relaxing)
 .debug_str     0x0006ba35     0x3262 _build/nrf52832_xxaa/heap_1.c.o
                              0x687e1 (size before relaxing)
 .debug_str     0x0006ec97      0x169 _build/nrf52832_xxaa/list.c.o
                              0x68230 (size before relaxing)
 .debug_str     0x0006ee00       0x67 _build/nrf52832_xxaa/port.c.o
                              0x6862f (size before relaxing)
 .debug_str     0x0006ee67      0x516 _build/nrf52832_xxaa/port_cmsis.c.o
                              0x68c15 (size before relaxing)
 .debug_str     0x0006f37d      0x84e _build/nrf52832_xxaa/port_cmsis_systick.c.o
                              0x6b9bd (size before relaxing)
 .debug_str     0x0006fbcb     0x120d _build/nrf52832_xxaa/queue.c.o
                              0x69b01 (size before relaxing)
 .debug_str     0x00070dd8     0x1729 _build/nrf52832_xxaa/tasks.c.o
                              0x6a309 (size before relaxing)
 .debug_str     0x00072501      0x4b0 _build/nrf52832_xxaa/timers.c.o
                              0x6a077 (size before relaxing)
 .debug_str     0x000729b1      0x117 _build/nrf52832_xxaa/app_error.c.o
                              0x61207 (size before relaxing)
 .debug_str     0x00072ac8       0x90 _build/nrf52832_xxaa/app_error_weak.c.o
                              0x685e7 (size before relaxing)
 .debug_str     0x00072b58      0x1c8 _build/nrf52832_xxaa/app_util_platform.c.o
                              0x61919 (size before relaxing)
 .debug_str     0x00072d20      0x1b3 _build/nrf52832_xxaa/nrf_balloc.c.o
                              0x6838a (size before relaxing)
 .debug_str     0x00072ed3      0x1e5 _build/nrf52832_xxaa/nrf_memobj.c.o
                              0x66ca4 (size before relaxing)
 .debug_str     0x000730b8      0x94e _build/nrf52832_xxaa/nrf_drv_clock.c.o
                              0x684aa (size before relaxing)
 .debug_str     0x00073a06       0x81 _build/nrf52832_xxaa/nrf_drv_common.c.o
                              0x664e6 (size before relaxing)
 .debug_str     0x00073a87     0x166d _build/nrf52832_xxaa/nrf_drv_gpiote.c.o
                              0x69c6c (size before relaxing)
 .debug_str     0x000750f4      0x487 _build/nrf52832_xxaa/main.c.o
                              0x6db62 (size before relaxing)
 .debug_str     0x0007557b      0x4e2 _build/nrf52832_xxaa/SEGGER_RTT.c.o
                              0x62060 (size before relaxing)
 .debug_str     0x00075a5d      0x36d _build/nrf52832_xxaa/system_nrf52.c.o
                              0x5bb6f (size before relaxing)

.debug_frame    0x00000000     0x1de0
 .debug_frame   0x00000000       0x58 _build/nrf52832_xxaa/nrf_fprintf.c.o
 .debug_frame   0x00000058       0xa0 _build/nrf52832_xxaa/nrf_fprintf_format.c.o
 .debug_frame   0x000000f8      0x31c _build/nrf52832_xxaa/nrf_log_frontend.c.o
 .debug_frame   0x00000414       0x84 _build/nrf52832_xxaa/nrf_log_backend_rtt.c.o
 .debug_frame   0x00000498       0x3c _build/nrf52832_xxaa/nrf_log_backend_serial.c.o
 .debug_frame   0x000004d4       0x28 _build/nrf52832_xxaa/nrf_log_default_backends.c.o
 .debug_frame   0x000004fc       0x8c _build/nrf52832_xxaa/nrf_log_str_formatter.c.o
 .debug_frame   0x00000588      0x104 _build/nrf52832_xxaa/boards.c.o
 .debug_frame   0x0000068c       0x5c _build/nrf52832_xxaa/heap_1.c.o
 .debug_frame   0x000006e8       0x70 _build/nrf52832_xxaa/list.c.o
 .debug_frame   0x00000758       0x40 _build/nrf52832_xxaa/port.c.o
 .debug_frame   0x00000798       0x84 _build/nrf52832_xxaa/port_cmsis.c.o
 .debug_frame   0x0000081c       0x80 _build/nrf52832_xxaa/port_cmsis_systick.c.o
 .debug_frame   0x0000089c      0x278 _build/nrf52832_xxaa/queue.c.o
 .debug_frame   0x00000b14      0x544 _build/nrf52832_xxaa/tasks.c.o
 .debug_frame   0x00001058      0x17c _build/nrf52832_xxaa/timers.c.o
 .debug_frame   0x000011d4       0x70 _build/nrf52832_xxaa/app_error.c.o
 .debug_frame   0x00001244       0x28 _build/nrf52832_xxaa/app_error_weak.c.o
 .debug_frame   0x0000126c       0x70 _build/nrf52832_xxaa/app_util_platform.c.o
 .debug_frame   0x000012dc       0x6c _build/nrf52832_xxaa/nrf_balloc.c.o
 .debug_frame   0x00001348       0xe4 _build/nrf52832_xxaa/nrf_memobj.c.o
 .debug_frame   0x0000142c      0x140 _build/nrf52832_xxaa/nrf_drv_clock.c.o
 .debug_frame   0x0000156c       0x3c _build/nrf52832_xxaa/nrf_drv_common.c.o
 .debug_frame   0x000015a8      0x268 _build/nrf52832_xxaa/nrf_drv_gpiote.c.o
 .debug_frame   0x00001810       0x60 _build/nrf52832_xxaa/main.c.o
 .debug_frame   0x00001870      0x360 _build/nrf52832_xxaa/SEGGER_RTT.c.o
 .debug_frame   0x00001bd0       0x48 _build/nrf52832_xxaa/system_nrf52.c.o
 .debug_frame   0x00001c18       0x28 c:/program files (x86)/gnu tools arm embedded/6.2 2016q4/bin/../lib/gcc/arm-none-eabi/6.2.1/../../../../arm-none-eabi/lib/thumb/v7e-m/fpv4-sp/hard\libc_nano.a(lib_a-exit.o)
 .debug_frame   0x00001c40       0x2c c:/program files (x86)/gnu tools arm embedded/6.2 2016q4/bin/../lib/gcc/arm-none-eabi/6.2.1/../../../../arm-none-eabi/lib/thumb/v7e-m/fpv4-sp/hard\libc_nano.a(lib_a-init.o)
 .debug_frame   0x00001c6c       0x68 c:/program files (x86)/gnu tools arm embedded/6.2 2016q4/bin/../lib/gcc/arm-none-eabi/6.2.1/../../../../arm-none-eabi/lib/thumb/v7e-m/fpv4-sp/hard\libc_nano.a(lib_a-locale.o)
 .debug_frame   0x00001cd4       0x48 c:/program files (x86)/gnu tools arm embedded/6.2 2016q4/bin/../lib/gcc/arm-none-eabi/6.2.1/../../../../arm-none-eabi/lib/thumb/v7e-m/fpv4-sp/hard\libc_nano.a(lib_a-mbtowc_r.o)
 .debug_frame   0x00001d1c       0x28 c:/program files (x86)/gnu tools arm embedded/6.2 2016q4/bin/../lib/gcc/arm-none-eabi/6.2.1/../../../../arm-none-eabi/lib/thumb/v7e-m/fpv4-sp/hard\libc_nano.a(lib_a-memcpy-stub.o)
 .debug_frame   0x00001d44       0x20 c:/program files (x86)/gnu tools arm embedded/6.2 2016q4/bin/../lib/gcc/arm-none-eabi/6.2.1/../../../../arm-none-eabi/lib/thumb/v7e-m/fpv4-sp/hard\libc_nano.a(lib_a-memset.o)
 .debug_frame   0x00001d64       0x20 c:/program files (x86)/gnu tools arm embedded/6.2 2016q4/bin/../lib/gcc/arm-none-eabi/6.2.1/../../../../arm-none-eabi/lib/thumb/v7e-m/fpv4-sp/hard\libc_nano.a(lib_a-strcpy.o)
 .debug_frame   0x00001d84       0x3c c:/program files (x86)/gnu tools arm embedded/6.2 2016q4/bin/../lib/gcc/arm-none-eabi/6.2.1/../../../../arm-none-eabi/lib/thumb/v7e-m/fpv4-sp/hard\libc_nano.a(lib_a-wctomb_r.o)
 .debug_frame   0x00001dc0       0x20 c:/program files (x86)/gnu tools arm embedded/6.2 2016q4/bin/../lib/gcc/arm-none-eabi/6.2.1/../../../../arm-none-eabi/lib/thumb/v7e-m/fpv4-sp/hard\libnosys.a(_exit.o)
