Archive member included to satisfy reference by file (symbol)

c:/program files (x86)/gnu tools arm embedded/6.2 2016q4/bin/../lib/gcc/arm-none-eabi/6.2.1/../../../../arm-none-eabi/lib/thumb/v7e-m/fpv4-sp/hard\libc_nano.a(lib_a-exit.o)
                              c:/program files (x86)/gnu tools arm embedded/6.2 2016q4/bin/../lib/gcc/arm-none-eabi/6.2.1/../../../../arm-none-eabi/lib/thumb/v7e-m/fpv4-sp/hard/crt0.o (exit)
c:/program files (x86)/gnu tools arm embedded/6.2 2016q4/bin/../lib/gcc/arm-none-eabi/6.2.1/../../../../arm-none-eabi/lib/thumb/v7e-m/fpv4-sp/hard\libc_nano.a(lib_a-impure.o)
                              c:/program files (x86)/gnu tools arm embedded/6.2 2016q4/bin/../lib/gcc/arm-none-eabi/6.2.1/../../../../arm-none-eabi/lib/thumb/v7e-m/fpv4-sp/hard\libc_nano.a(lib_a-exit.o) (_global_impure_ptr)
c:/program files (x86)/gnu tools arm embedded/6.2 2016q4/bin/../lib/gcc/arm-none-eabi/6.2.1/../../../../arm-none-eabi/lib/thumb/v7e-m/fpv4-sp/hard\libc_nano.a(lib_a-init.o)
                              c:/program files (x86)/gnu tools arm embedded/6.2 2016q4/bin/../lib/gcc/arm-none-eabi/6.2.1/../../../../arm-none-eabi/lib/thumb/v7e-m/fpv4-sp/hard/crt0.o (__libc_init_array)
c:/program files (x86)/gnu tools arm embedded/6.2 2016q4/bin/../lib/gcc/arm-none-eabi/6.2.1/../../../../arm-none-eabi/lib/thumb/v7e-m/fpv4-sp/hard\libc_nano.a(lib_a-memcpy-stub.o)
                              _build/nrf52832_xxaa/queue.c.o (memcpy)
c:/program files (x86)/gnu tools arm embedded/6.2 2016q4/bin/../lib/gcc/arm-none-eabi/6.2.1/../../../../arm-none-eabi/lib/thumb/v7e-m/fpv4-sp/hard\libc_nano.a(lib_a-memset.o)
                              c:/program files (x86)/gnu tools arm embedded/6.2 2016q4/bin/../lib/gcc/arm-none-eabi/6.2.1/../../../../arm-none-eabi/lib/thumb/v7e-m/fpv4-sp/hard/crt0.o (memset)
c:/program files (x86)/gnu tools arm embedded/6.2 2016q4/bin/../lib/gcc/arm-none-eabi/6.2.1/../../../../arm-none-eabi/lib/thumb/v7e-m/fpv4-sp/hard\libnosys.a(_exit.o)
                              c:/program files (x86)/gnu tools arm embedded/6.2 2016q4/bin/../lib/gcc/arm-none-eabi/6.2.1/../../../../arm-none-eabi/lib/thumb/v7e-m/fpv4-sp/hard\libc_nano.a(lib_a-exit.o) (_exit)

Allocating common symbols
Common symbol       size              file

led_toggle_timer_handle
                    0x4               _build/nrf52832_xxaa/main.c.o
xQueueRegistry      0x10              _build/nrf52832_xxaa/queue.c.o
led_toggle_task_handle
                    0x4               _build/nrf52832_xxaa/main.c.o

Discarded input sections

 .text          0x00000000        0x0 c:/program files (x86)/gnu tools arm embedded/6.2 2016q4/bin/../lib/gcc/arm-none-eabi/6.2.1/thumb/v7e-m/fpv4-sp/hard/crti.o
 .data          0x00000000        0x0 c:/program files (x86)/gnu tools arm embedded/6.2 2016q4/bin/../lib/gcc/arm-none-eabi/6.2.1/thumb/v7e-m/fpv4-sp/hard/crti.o
 .bss           0x00000000        0x0 c:/program files (x86)/gnu tools arm embedded/6.2 2016q4/bin/../lib/gcc/arm-none-eabi/6.2.1/thumb/v7e-m/fpv4-sp/hard/crti.o
 .data          0x00000000        0x4 c:/program files (x86)/gnu tools arm embedded/6.2 2016q4/bin/../lib/gcc/arm-none-eabi/6.2.1/thumb/v7e-m/fpv4-sp/hard/crtbegin.o
 .data          0x00000000        0x0 c:/program files (x86)/gnu tools arm embedded/6.2 2016q4/bin/../lib/gcc/arm-none-eabi/6.2.1/../../../../arm-none-eabi/lib/thumb/v7e-m/fpv4-sp/hard/crt0.o
 .bss           0x00000000        0x0 c:/program files (x86)/gnu tools arm embedded/6.2 2016q4/bin/../lib/gcc/arm-none-eabi/6.2.1/../../../../arm-none-eabi/lib/thumb/v7e-m/fpv4-sp/hard/crt0.o
 .ARM.extab     0x00000000        0x0 c:/program files (x86)/gnu tools arm embedded/6.2 2016q4/bin/../lib/gcc/arm-none-eabi/6.2.1/../../../../arm-none-eabi/lib/thumb/v7e-m/fpv4-sp/hard/crt0.o
 .group         0x00000000        0x8 _build/nrf52832_xxaa/nrf_log_frontend.c.o
 .group         0x00000000        0x8 _build/nrf52832_xxaa/nrf_log_frontend.c.o
 .group         0x00000000        0x8 _build/nrf52832_xxaa/nrf_log_frontend.c.o
 .group         0x00000000        0x8 _build/nrf52832_xxaa/nrf_log_frontend.c.o
 .group         0x00000000        0x8 _build/nrf52832_xxaa/nrf_log_frontend.c.o
 .group         0x00000000        0x8 _build/nrf52832_xxaa/nrf_log_frontend.c.o
 .group         0x00000000        0x8 _build/nrf52832_xxaa/nrf_log_frontend.c.o
 .group         0x00000000        0x8 _build/nrf52832_xxaa/nrf_log_frontend.c.o
 .group         0x00000000        0x8 _build/nrf52832_xxaa/nrf_log_frontend.c.o
 .group         0x00000000        0x8 _build/nrf52832_xxaa/nrf_log_frontend.c.o
 .group         0x00000000        0x8 _build/nrf52832_xxaa/nrf_log_frontend.c.o
 .group         0x00000000        0x8 _build/nrf52832_xxaa/nrf_log_frontend.c.o
 .group         0x00000000        0x8 _build/nrf52832_xxaa/nrf_log_frontend.c.o
 .group         0x00000000        0x8 _build/nrf52832_xxaa/nrf_log_frontend.c.o
 .group         0x00000000        0x8 _build/nrf52832_xxaa/nrf_log_frontend.c.o
[...]
Memory Configuration

Name             Origin             Length             Attributes
FLASH            0x00000000         0x00080000         xr
RAM              0x20000000         0x00010000         xrw
*default*        0x00000000         0xffffffff

Linker script and memory map


.text           0x00000000     0x2b28
 *(.isr_vector)
 .isr_vector    0x00000000      0x200 _build/nrf52832_xxaa/gcc_startup_nrf52.S.o
                0x00000000                __isr_vector
 *(.text*)
 .text          0x00000200       0x6c c:/program files (x86)/gnu tools arm embedded/6.2 2016q4/bin/../lib/gcc/arm-none-eabi/6.2.1/thumb/v7e-m/fpv4-sp/hard/crtbegin.o
 .text          0x0000026c       0x74 c:/program files (x86)/gnu tools arm embedded/6.2 2016q4/bin/../lib/gcc/arm-none-eabi/6.2.1/../../../../arm-none-eabi/lib/thumb/v7e-m/fpv4-sp/hard/crt0.o
                0x0000026c                _start
                0x0000026c                _mainCRTStartup
 .text.bsp_board_led_invert
                0x000002e0       0x24 _build/nrf52832_xxaa/boards.c.o
                0x000002e0                bsp_board_led_invert
 .text.bsp_board_leds_init
                0x00000304       0x3c _build/nrf52832_xxaa/boards.c.o
                0x00000304                bsp_board_leds_init
 .text.pvPortMalloc
                0x00000340       0x58 _build/nrf52832_xxaa/heap_1.c.o
                0x00000340                pvPortMalloc
 .text.vPortFree
                0x00000398        0x4 _build/nrf52832_xxaa/heap_1.c.o
                0x00000398                vPortFree
 .text.vListInitialise
                0x0000039c       0x18 _build/nrf52832_xxaa/list.c.o
                0x0000039c                vListInitialise
 .text.vListInitialiseItem
                0x000003b4        0x8 _build/nrf52832_xxaa/list.c.o
                0x000003b4                vListInitialiseItem
 .text.vListInsertEnd
                0x000003bc       0x18 _build/nrf52832_xxaa/list.c.o
                0x000003bc                vListInsertEnd
 .text.vListInsert
                0x000003d4       0x34 _build/nrf52832_xxaa/list.c.o
                0x000003d4                vListInsert
 .text.uxListRemove
                0x00000408       0x24 _build/nrf52832_xxaa/list.c.o
                0x00000408                uxListRemove
 .text.vPortStartFirstTask
                0x0000042c       0x1c _build/nrf52832_xxaa/port.c.o
                0x0000042c                vPortStartFirstTask
 .text.SVC_Handler
                0x00000448       0x20 _build/nrf52832_xxaa/port.c.o
                0x00000448                SVC_Handler
 .text.PendSV_Handler
                0x00000468       0x60 _build/nrf52832_xxaa/port.c.o
                0x00000468                PendSV_Handler
 .text.prvTaskExitError
                0x000004c8        0x8 _build/nrf52832_xxaa/port_cmsis.c.o
 .text.pxPortInitialiseStack
                0x000004d0       0x2c _build/nrf52832_xxaa/port_cmsis.c.o
                0x000004d0                pxPortInitialiseStack
 .text.xPortStartScheduler
                0x000004fc       0x4c _build/nrf52832_xxaa/port_cmsis.c.o
                0x000004fc                xPortStartScheduler
 .text.vPortEnterCritical
                0x00000548       0x14 _build/nrf52832_xxaa/port_cmsis.c.o
                0x00000548                vPortEnterCritical
 .text.vPortExitCritical
                0x0000055c       0x14 _build/nrf52832_xxaa/port_cmsis.c.o
                0x0000055c                vPortExitCritical
 .text.RTC1_IRQHandler
                0x00000570       0x88 _build/nrf52832_xxaa/port_cmsis_systick.c.o
                0x00000570                RTC1_IRQHandler
 .text.vPortSetupTimerInterrupt
                0x000005f8       0x40 _build/nrf52832_xxaa/port_cmsis_systick.c.o
                0x000005f8                vPortSetupTimerInterrupt
 .text.vPortSuppressTicksAndSleep
                0x00000638       0xc0 _build/nrf52832_xxaa/port_cmsis_systick.c.o
                0x00000638                vPortSuppressTicksAndSleep
 .text.xQueueGenericCreate
                0x000006f8       0x6c _build/nrf52832_xxaa/queue.c.o
                0x000006f8                xQueueGenericCreate
 .text.xQueueGenericSend
                0x00000764      0x318 _build/nrf52832_xxaa/queue.c.o
                0x00000764                xQueueGenericSend
 .text.xQueueGenericSendFromISR
                0x00000a7c       0xe8 _build/nrf52832_xxaa/queue.c.o
                0x00000a7c                xQueueGenericSendFromISR
 .text.xQueueGenericReceive
                0x00000b64      0x2e0 _build/nrf52832_xxaa/queue.c.o
                0x00000b64                xQueueGenericReceive
 .text.vQueueAddToRegistry
                0x00000e44       0x24 _build/nrf52832_xxaa/queue.c.o
                0x00000e44                vQueueAddToRegistry
 .text.vQueueWaitForMessageRestricted
                0x00000e68       0xb0 _build/nrf52832_xxaa/queue.c.o
                0x00000e68                vQueueWaitForMessageRestricted
 .text.xTaskGenericCreate
                0x00000f18      0x1e8 _build/nrf52832_xxaa/tasks.c.o
                0x00000f18                xTaskGenericCreate
 .text.vTaskStartScheduler
                0x00001100      0x1a4 _build/nrf52832_xxaa/tasks.c.o
                0x00001100                vTaskStartScheduler
 .text.vTaskSuspendAll
                0x000012a4       0x10 _build/nrf52832_xxaa/tasks.c.o
                0x000012a4                vTaskSuspendAll
 .text.xTaskGetTickCount
                0x000012b4        0xc _build/nrf52832_xxaa/tasks.c.o
                0x000012b4                xTaskGetTickCount
 .text.vTaskStepTick
                0x000012c0       0x10 _build/nrf52832_xxaa/tasks.c.o
                0x000012c0                vTaskStepTick
 .text.xTaskIncrementTick
                0x000012d0      0x128 _build/nrf52832_xxaa/tasks.c.o
                0x000012d0                xTaskIncrementTick
 .text.xTaskResumeAll
                0x000013f8       0xf8 _build/nrf52832_xxaa/tasks.c.o
                0x000013f8                xTaskResumeAll
 .text.vTaskDelay
                0x000014f0       0xa0 _build/nrf52832_xxaa/tasks.c.o
                0x000014f0                vTaskDelay
 .text.prvIdleTask
                0x00001590       0xf4 _build/nrf52832_xxaa/tasks.c.o
 .text.vTaskSwitchContext
                0x00001684       0x58 _build/nrf52832_xxaa/tasks.c.o
                0x00001684                vTaskSwitchContext
 .text.vTaskPlaceOnEventList
                0x000016dc       0x94 _build/nrf52832_xxaa/tasks.c.o
                0x000016dc                vTaskPlaceOnEventList
 .text.vTaskPlaceOnEventListRestricted
                0x00001770       0x7c _build/nrf52832_xxaa/tasks.c.o
                0x00001770                vTaskPlaceOnEventListRestricted
 .text.xTaskRemoveFromEventList
                0x000017ec       0xa0 _build/nrf52832_xxaa/tasks.c.o
                0x000017ec                xTaskRemoveFromEventList
 .text.vTaskSetTimeOutState
                0x0000188c       0x18 _build/nrf52832_xxaa/tasks.c.o
                0x0000188c                vTaskSetTimeOutState
 .text.xTaskCheckForTimeOut
                0x000018a4       0x60 _build/nrf52832_xxaa/tasks.c.o
                0x000018a4                xTaskCheckForTimeOut
 .text.vTaskMissedYield
                0x00001904        0xc _build/nrf52832_xxaa/tasks.c.o
                0x00001904                vTaskMissedYield
 .text.eTaskConfirmSleepModeStatus
                0x00001910       0x20 _build/nrf52832_xxaa/tasks.c.o
                0x00001910                eTaskConfirmSleepModeStatus
 .text.xTaskGetSchedulerState
                0x00001930       0x20 _build/nrf52832_xxaa/tasks.c.o
                0x00001930                xTaskGetSchedulerState
 .text.vTaskPriorityInherit
                0x00001950       0x98 _build/nrf52832_xxaa/tasks.c.o
                0x00001950                vTaskPriorityInherit
 .text.xTaskPriorityDisinherit
                0x000019e8       0x84 _build/nrf52832_xxaa/tasks.c.o
                0x000019e8                xTaskPriorityDisinherit
 .text.pvTaskIncrementMutexHeldCount
                0x00001a6c       0x18 _build/nrf52832_xxaa/tasks.c.o
                0x00001a6c                pvTaskIncrementMutexHeldCount
 .text.xTimerCreateTimerTask
                0x00001a84       0x88 _build/nrf52832_xxaa/timers.c.o
                0x00001a84                xTimerCreateTimerTask
 .text.xTimerCreate
                0x00001b0c       0xa8 _build/nrf52832_xxaa/timers.c.o
                0x00001b0c                xTimerCreate
 .text.xTimerGenericCommand
                0x00001bb4       0x58 _build/nrf52832_xxaa/timers.c.o
                0x00001bb4                xTimerGenericCommand
 .text.prvTimerTask
                0x00001c0c      0x2b0 _build/nrf52832_xxaa/timers.c.o
 .text.app_error_handler_bare
                0x00001ebc       0x20 _build/nrf52832_xxaa/app_error.c.o
                0x00001ebc                app_error_handler_bare
 .text.app_error_fault_handler
                0x00001edc       0x30 _build/nrf52832_xxaa/app_error_weak.c.o
                0x00001edc                app_error_fault_handler
 .text.app_util_critical_region_enter
                0x00001f0c       0x10 _build/nrf52832_xxaa/app_util_platform.c.o
                0x00001f0c                app_util_critical_region_enter
 .text.app_util_critical_region_exit
                0x00001f1c       0x14 _build/nrf52832_xxaa/app_util_platform.c.o
                0x00001f1c                app_util_critical_region_exit
 .text.nrf_drv_clock_init
                0x00001f30       0x40 _build/nrf52832_xxaa/nrf_drv_clock.c.o
                0x00001f30                nrf_drv_clock_init
 .text.nrf_drv_clock_lfclk_request
                0x00001f70       0x7c _build/nrf52832_xxaa/nrf_drv_clock.c.o
                0x00001f70                nrf_drv_clock_lfclk_request
 .text.POWER_CLOCK_IRQHandler
                0x00001fec       0x78 _build/nrf52832_xxaa/nrf_drv_clock.c.o
                0x00001fec                POWER_CLOCK_IRQHandler
 .text.nrf_drv_common_irq_enable
                0x00002064       0x50 _build/nrf52832_xxaa/nrf_drv_common.c.o
                0x00002064                nrf_drv_common_irq_enable
 .text.GPIOTE_IRQHandler
                0x000020b4      0x528 _build/nrf52832_xxaa/nrf_drv_gpiote.c.o
                0x000020b4                GPIOTE_IRQHandler
 .text.led_toggle_timer_callback
                0x000025dc        0x8 _build/nrf52832_xxaa/main.c.o
 .text.led_toggle_task_function
                0x000025e4       0x10 _build/nrf52832_xxaa/main.c.o
 .text.startup.main
                0x000025f4       0x88 _build/nrf52832_xxaa/main.c.o
                0x000025f4                main
 .text          0x0000267c       0x3c _build/nrf52832_xxaa/gcc_startup_nrf52.S.o
                0x0000267c                Reset_Handler
                0x000026a4                NMI_Handler
                0x000026a6                HardFault_Handler
                0x000026a8                MemoryManagement_Handler
                0x000026aa                BusFault_Handler
                0x000026ac                UsageFault_Handler
                0x000026b0                DebugMon_Handler
                0x000026b4                SysTick_Handler
                0x000026b6                RADIO_IRQHandler
                0x000026b6                PDM_IRQHandler
                0x000026b6                SWI0_EGU0_IRQHandler
                0x000026b6                PWM1_IRQHandler
                0x000026b6                QDEC_IRQHandler
                0x000026b6                TIMER3_IRQHandler
                0x000026b6                FPU_IRQHandler
                0x000026b6                SPIM0_SPIS0_TWIM0_TWIS0_SPI0_TWI0_IRQHandler
                0x000026b6                TEMP_IRQHandler
                0x000026b6                UARTE0_UART0_IRQHandler
                0x000026b6                TIMER4_IRQHandler
                0x000026b6                I2S_IRQHandler
                0x000026b6                RTC0_IRQHandler
                0x000026b6                TIMER0_IRQHandler
                0x000026b6                SWI2_EGU2_IRQHandler
                0x000026b6                TIMER1_IRQHandler
                0x000026b6                PWM2_IRQHandler
                0x000026b6                ECB_IRQHandler
                0x000026b6                SPIM1_SPIS1_TWIM1_TWIS1_SPI1_TWI1_IRQHandler
                0x000026b6                Default_Handler
                0x000026b6                SAADC_IRQHandler
                0x000026b6                CCM_AAR_IRQHandler
                0x000026b6                WDT_IRQHandler
                0x000026b6                SWI5_EGU5_IRQHandler
                0x000026b6                RNG_IRQHandler
                0x000026b6                RTC2_IRQHandler
                0x000026b6                PWM0_IRQHandler
                0x000026b6                SWI3_EGU3_IRQHandler
                0x000026b6                SWI1_EGU1_IRQHandler
                0x000026b6                SPIM2_SPIS2_SPI2_IRQHandler
                0x000026b6                NFCT_IRQHandler
                0x000026b6                SWI4_EGU4_IRQHandler
                0x000026b6                MWU_IRQHandler
                0x000026b6                TIMER2_IRQHandler
                0x000026b6                COMP_LPCOMP_IRQHandler
 .text.SystemInit
                0x000026b8      0x390 _build/nrf52832_xxaa/system_nrf52.c.o
                0x000026b8                SystemInit
 .text.exit     0x00002a48       0x28 c:/program files (x86)/gnu tools arm embedded/6.2 2016q4/bin/../lib/gcc/arm-none-eabi/6.2.1/../../../../arm-none-eabi/lib/thumb/v7e-m/fpv4-sp/hard\libc_nano.a(lib_a-exit.o)
                0x00002a48                exit
 .text.__libc_init_array
                0x00002a70       0x48 c:/program files (x86)/gnu tools arm embedded/6.2 2016q4/bin/../lib/gcc/arm-none-eabi/6.2.1/../../../../arm-none-eabi/lib/thumb/v7e-m/fpv4-sp/hard\libc_nano.a(lib_a-init.o)
                0x00002a70                __libc_init_array
 .text.memcpy   0x00002ab8       0x16 c:/program files (x86)/gnu tools arm embedded/6.2 2016q4/bin/../lib/gcc/arm-none-eabi/6.2.1/../../../../arm-none-eabi/lib/thumb/v7e-m/fpv4-sp/hard\libc_nano.a(lib_a-memcpy-stub.o)
                0x00002ab8                memcpy
 .text.memset   0x00002ace       0x10 c:/program files (x86)/gnu tools arm embedded/6.2 2016q4/bin/../lib/gcc/arm-none-eabi/6.2.1/../../../../arm-none-eabi/lib/thumb/v7e-m/fpv4-sp/hard\libc_nano.a(lib_a-memset.o)
                0x00002ace                memset
 *fill*         0x00002ade        0x2 
 .text._exit    0x00002ae0        0x4 c:/program files (x86)/gnu tools arm embedded/6.2 2016q4/bin/../lib/gcc/arm-none-eabi/6.2.1/../../../../arm-none-eabi/lib/thumb/v7e-m/fpv4-sp/hard\libnosys.a(_exit.o)
                0x00002ae0                _exit
 *(.init)
 .init          0x00002ae4        0x4 c:/program files (x86)/gnu tools arm embedded/6.2 2016q4/bin/../lib/gcc/arm-none-eabi/6.2.1/thumb/v7e-m/fpv4-sp/hard/crti.o
                0x00002ae4                _init
 .init          0x00002ae8        0x8 c:/program files (x86)/gnu tools arm embedded/6.2 2016q4/bin/../lib/gcc/arm-none-eabi/6.2.1/thumb/v7e-m/fpv4-sp/hard/crtn.o
 *(.fini)
 .fini          0x00002af0        0x4 c:/program files (x86)/gnu tools arm embedded/6.2 2016q4/bin/../lib/gcc/arm-none-eabi/6.2.1/thumb/v7e-m/fpv4-sp/hard/crti.o
                0x00002af0                _fini
 .fini          0x00002af4        0x8 c:/program files (x86)/gnu tools arm embedded/6.2 2016q4/bin/../lib/gcc/arm-none-eabi/6.2.1/thumb/v7e-m/fpv4-sp/hard/crtn.o
 *crtbegin.o(.ctors)
 *crtbegin?.o(.ctors)
 *(EXCLUDE_FILE(*crtend.o *crtend?.o) .ctors)
 *(SORT(.ctors.*))
 *(.ctors)
 *crtbegin.o(.dtors)
 *crtbegin?.o(.dtors)
 *(EXCLUDE_FILE(*crtend.o *crtend?.o) .dtors)
 *(SORT(.dtors.*))
 *(.dtors)
 *(.rodata*)
 .rodata.m_board_led_list
                0x00002afc        0x4 _build/nrf52832_xxaa/boards.c.o
 .rodata.xTimerCreateTimerTask.str1.4
                0x00002b00       0x10 _build/nrf52832_xxaa/timers.c.o
 .rodata.main.str1.4
                0x00002b10       0x10 _build/nrf52832_xxaa/main.c.o
                                  0xd (size before relaxing)
 .rodata._global_impure_ptr
                0x00002b20        0x4 c:/program files (x86)/gnu tools arm embedded/6.2 2016q4/bin/../lib/gcc/arm-none-eabi/6.2.1/../../../../arm-none-eabi/lib/thumb/v7e-m/fpv4-sp/hard\libc_nano.a(lib_a-impure.o)
                0x00002b20                _global_impure_ptr
 *(.eh_frame*)
 .eh_frame      0x00002b24        0x0 c:/program files (x86)/gnu tools arm embedded/6.2 2016q4/bin/../lib/gcc/arm-none-eabi/6.2.1/thumb/v7e-m/fpv4-sp/hard/crtbegin.o
 .eh_frame      0x00002b24        0x4 c:/program files (x86)/gnu tools arm embedded/6.2 2016q4/bin/../lib/gcc/arm-none-eabi/6.2.1/thumb/v7e-m/fpv4-sp/hard/crtend.o

.glue_7         0x00002b28        0x0
 .glue_7        0x00002b28        0x0 linker stubs

.glue_7t        0x00002b28        0x0
 .glue_7t       0x00002b28        0x0 linker stubs

.vfp11_veneer   0x00002b28        0x0
 .vfp11_veneer  0x00002b28        0x0 linker stubs

.v4_bx          0x00002b28        0x0
 .v4_bx         0x00002b28        0x0 linker stubs

.iplt           0x00002b28        0x0
 .iplt          0x00002b28        0x0 c:/program files (x86)/gnu tools arm embedded/6.2 2016q4/bin/../lib/gcc/arm-none-eabi/6.2.1/thumb/v7e-m/fpv4-sp/hard/crtbegin.o

.pwr_mgmt_data  0x00002b28        0x0
                [!provide]                PROVIDE (__start_pwr_mgmt_data, .)
 *(SORT(.pwr_mgmt_data*))
                [!provide]                PROVIDE (__stop_pwr_mgmt_data, .)

.log_const_data
                0x00002b28        0x0
                [!provide]                PROVIDE (__start_log_const_data, .)
 *(.log_const_data)
                [!provide]                PROVIDE (__stop_log_const_data, .)

.cli_command    0x00002b28        0x0
                [!provide]                PROVIDE (__start_cli_command, .)
 *(.cli_command)
                [!provide]                PROVIDE (__stop_cli_command, .)

.sdh_stack_observers
                0x00002b28        0x0
                [!provide]                PROVIDE (__start_sdh_stack_observers, .)
 *(SORT(.sdh_stack_observers*))
                [!provide]                PROVIDE (__stop_sdh_stack_observers, .)

.sdh_req_observers
                0x00002b28        0x0
                [!provide]                PROVIDE (__start_sdh_req_observers, .)
 *(SORT(.sdh_req_observers*))
                [!provide]                PROVIDE (__stop_sdh_req_observers, .)

.sdh_state_observers
                0x00002b28        0x0
                [!provide]                PROVIDE (__start_sdh_state_observers, .)
 *(SORT(.sdh_state_observers*))
                [!provide]                PROVIDE (__stop_sdh_state_observers, .)

.sdh_ant_observers
                0x00002b28        0x0
                [!provide]                PROVIDE (__start_sdh_ant_observers, .)
 *(SORT(.sdh_ant_observers*))
                [!provide]                PROVIDE (__stop_sdh_ant_observers, .)

.sdh_ble_observers
                0x00002b28        0x0
                [!provide]                PROVIDE (__start_sdh_ble_observers, .)
 *(SORT(.sdh_ble_observers*))
                [!provide]                PROVIDE (__stop_sdh_ble_observers, .)

.sdh_soc_observers
                0x00002b28        0x0
                [!provide]                PROVIDE (__start_sdh_soc_observers, .)
 *(SORT(.sdh_soc_observers*))
                [!provide]                PROVIDE (__stop_sdh_soc_observers, .)

.ARM.extab
 *(.ARM.extab* .gnu.linkonce.armextab.*)
                0x00002b28                __exidx_start = .

.ARM.exidx      0x00002b28        0x8
 *(.ARM.exidx* .gnu.linkonce.armexidx.*)
 .ARM.exidx     0x00002b28        0x8 c:/program files (x86)/gnu tools arm embedded/6.2 2016q4/bin/../lib/gcc/arm-none-eabi/6.2.1/../../../../arm-none-eabi/lib/thumb/v7e-m/fpv4-sp/hard/crt0.o
                0x00002b30                __exidx_end = .
                0x00002b30                __etext = .

.rel.dyn        0x00002b30        0x0
 .rel.iplt      0x00002b30        0x0 c:/program files (x86)/gnu tools arm embedded/6.2 2016q4/bin/../lib/gcc/arm-none-eabi/6.2.1/thumb/v7e-m/fpv4-sp/hard/crtbegin.o

.data           0x20000000       0x74 load address 0x00002b30
                0x20000000                __data_start__ = .
 *(vtable)
 *(.data*)
 .data.xNextTaskUnblockTime
                0x20000000        0x4 _build/nrf52832_xxaa/tasks.c.o
 .data.SystemCoreClock
                0x20000004        0x4 _build/nrf52832_xxaa/system_nrf52.c.o
                0x20000004                SystemCoreClock
 .data.impure_data
                0x20000008       0x60 c:/program files (x86)/gnu tools arm embedded/6.2 2016q4/bin/../lib/gcc/arm-none-eabi/6.2.1/../../../../arm-none-eabi/lib/thumb/v7e-m/fpv4-sp/hard\libc_nano.a(lib_a-impure.o)
                0x20000068                . = ALIGN (0x4)
                0x20000068                PROVIDE (__preinit_array_start, .)
 *(.preinit_array)
                0x20000068                PROVIDE (__preinit_array_end, .)
                0x20000068                . = ALIGN (0x4)
                0x20000068                PROVIDE (__init_array_start, .)
 *(SORT(.init_array.*))
 *(.init_array)
 .init_array    0x20000068        0x4 c:/program files (x86)/gnu tools arm embedded/6.2 2016q4/bin/../lib/gcc/arm-none-eabi/6.2.1/thumb/v7e-m/fpv4-sp/hard/crtbegin.o
                0x2000006c                PROVIDE (__init_array_end, .)
                0x2000006c                . = ALIGN (0x4)
                [!provide]                PROVIDE (__fini_array_start, .)
 *(SORT(.fini_array.*))
 *(.fini_array)
 .fini_array    0x2000006c        0x4 c:/program files (x86)/gnu tools arm embedded/6.2 2016q4/bin/../lib/gcc/arm-none-eabi/6.2.1/thumb/v7e-m/fpv4-sp/hard/crtbegin.o
                [!provide]                PROVIDE (__fini_array_end, .)
 *(.jcr*)
 .jcr           0x20000070        0x0 c:/program files (x86)/gnu tools arm embedded/6.2 2016q4/bin/../lib/gcc/arm-none-eabi/6.2.1/thumb/v7e-m/fpv4-sp/hard/crtbegin.o
 .jcr           0x20000070        0x4 c:/program files (x86)/gnu tools arm embedded/6.2 2016q4/bin/../lib/gcc/arm-none-eabi/6.2.1/thumb/v7e-m/fpv4-sp/hard/crtend.o
                0x20000074                . = ALIGN (0x4)
                0x20000074                __data_end__ = .
LOAD c:/program files (x86)/gnu tools arm embedded/6.2 2016q4/bin/../lib/gcc/arm-none-eabi/6.2.1/thumb/v7e-m/fpv4-sp/hard/crti.o
LOAD c:/program files (x86)/gnu tools arm embedded/6.2 2016q4/bin/../lib/gcc/arm-none-eabi/6.2.1/thumb/v7e-m/fpv4-sp/hard/crtbegin.o
LOAD c:/program files (x86)/gnu tools arm embedded/6.2 2016q4/bin/../lib/gcc/arm-none-eabi/6.2.1/../../../../arm-none-eabi/lib/thumb/v7e-m/fpv4-sp/hard/crt0.o
LOAD _build/nrf52832_xxaa/nrf_log_frontend.c.o
LOAD _build/nrf52832_xxaa/boards.c.o
LOAD _build/nrf52832_xxaa/croutine.c.o
LOAD _build/nrf52832_xxaa/event_groups.c.o
LOAD _build/nrf52832_xxaa/heap_1.c.o
LOAD _build/nrf52832_xxaa/list.c.o
LOAD _build/nrf52832_xxaa/port.c.o
LOAD _build/nrf52832_xxaa/port_cmsis.c.o
LOAD _build/nrf52832_xxaa/port_cmsis_systick.c.o
LOAD _build/nrf52832_xxaa/queue.c.o
LOAD _build/nrf52832_xxaa/tasks.c.o
LOAD _build/nrf52832_xxaa/timers.c.o
LOAD _build/nrf52832_xxaa/app_button.c.o
LOAD _build/nrf52832_xxaa/app_error.c.o
LOAD _build/nrf52832_xxaa/app_error_weak.c.o
LOAD _build/nrf52832_xxaa/app_timer_freertos.c.o
LOAD _build/nrf52832_xxaa/app_util_platform.c.o
LOAD _build/nrf52832_xxaa/nrf_assert.c.o
LOAD _build/nrf52832_xxaa/nrf_balloc.c.o
LOAD _build/nrf52832_xxaa/nrf_memobj.c.o
LOAD _build/nrf52832_xxaa/nrf_strerror.c.o
LOAD _build/nrf52832_xxaa/nrf_drv_clock.c.o
LOAD _build/nrf52832_xxaa/nrf_drv_common.c.o
LOAD _build/nrf52832_xxaa/nrf_drv_gpiote.c.o
LOAD _build/nrf52832_xxaa/nrf_nvic.c.o
LOAD _build/nrf52832_xxaa/nrf_soc.c.o
LOAD _build/nrf52832_xxaa/bsp.c.o
LOAD _build/nrf52832_xxaa/bsp_nfc.c.o
LOAD _build/nrf52832_xxaa/main.c.o
LOAD _build/nrf52832_xxaa/gcc_startup_nrf52.S.o
LOAD _build/nrf52832_xxaa/system_nrf52.c.o
LOAD c:/program files (x86)/gnu tools arm embedded/6.2 2016q4/bin/../lib/gcc/arm-none-eabi/6.2.1/../../../../arm-none-eabi/lib/thumb/v7e-m/fpv4-sp/hard\libc_nano.a
LOAD c:/program files (x86)/gnu tools arm embedded/6.2 2016q4/bin/../lib/gcc/arm-none-eabi/6.2.1/../../../../arm-none-eabi/lib/thumb/v7e-m/fpv4-sp/hard\libnosys.a
LOAD c:/program files (x86)/gnu tools arm embedded/6.2 2016q4/bin/../lib/gcc/arm-none-eabi/6.2.1/../../../../arm-none-eabi/lib/thumb/v7e-m/fpv4-sp/hard\libm.a
START GROUP
LOAD c:/program files (x86)/gnu tools arm embedded/6.2 2016q4/bin/../lib/gcc/arm-none-eabi/6.2.1/thumb/v7e-m/fpv4-sp/hard\libgcc.a
LOAD c:/program files (x86)/gnu tools arm embedded/6.2 2016q4/bin/../lib/gcc/arm-none-eabi/6.2.1/../../../../arm-none-eabi/lib/thumb/v7e-m/fpv4-sp/hard\libg_nano.a
LOAD c:/program files (x86)/gnu tools arm embedded/6.2 2016q4/bin/../lib/gcc/arm-none-eabi/6.2.1/../../../../arm-none-eabi/lib/thumb/v7e-m/fpv4-sp/hard\libc_nano.a
END GROUP
START GROUP
LOAD c:/program files (x86)/gnu tools arm embedded/6.2 2016q4/bin/../lib/gcc/arm-none-eabi/6.2.1/thumb/v7e-m/fpv4-sp/hard\libgcc.a
LOAD c:/program files (x86)/gnu tools arm embedded/6.2 2016q4/bin/../lib/gcc/arm-none-eabi/6.2.1/../../../../arm-none-eabi/lib/thumb/v7e-m/fpv4-sp/hard\libc_nano.a
END GROUP
LOAD c:/program files (x86)/gnu tools arm embedded/6.2 2016q4/bin/../lib/gcc/arm-none-eabi/6.2.1/thumb/v7e-m/fpv4-sp/hard/crtend.o
LOAD c:/program files (x86)/gnu tools arm embedded/6.2 2016q4/bin/../lib/gcc/arm-none-eabi/6.2.1/thumb/v7e-m/fpv4-sp/hard/crtn.o
START GROUP
LOAD c:/program files (x86)/gnu tools arm embedded/6.2 2016q4/bin/../lib/gcc/arm-none-eabi/6.2.1/thumb/v7e-m/fpv4-sp/hard\libgcc.a
LOAD c:/program files (x86)/gnu tools arm embedded/6.2 2016q4/bin/../lib/gcc/arm-none-eabi/6.2.1/../../../../arm-none-eabi/lib/thumb/v7e-m/fpv4-sp/hard\libc.a
LOAD c:/program files (x86)/gnu tools arm embedded/6.2 2016q4/bin/../lib/gcc/arm-none-eabi/6.2.1/../../../../arm-none-eabi/lib/thumb/v7e-m/fpv4-sp/hard\libnosys.a
END GROUP

.igot.plt       0x20000074        0x0 load address 0x00002ba4
 .igot.plt      0x20000074        0x0 c:/program files (x86)/gnu tools arm embedded/6.2 2016q4/bin/../lib/gcc/arm-none-eabi/6.2.1/thumb/v7e-m/fpv4-sp/hard/crtbegin.o
                0x20000074                . = ALIGN (0x4)

.svc_data       0x20000074        0x0
                [!provide]                PROVIDE (__start_svc_data, .)
 *(.svc_data)
                [!provide]                PROVIDE (__stop_svc_data, .)

.fs_data        0x20000074        0x0
                [!provide]                PROVIDE (__start_fs_data, .)
 *(.fs_data)
                [!provide]                PROVIDE (__stop_fs_data, .)

.log_dynamic_data
                0x20000074        0x0
                [!provide]                PROVIDE (__start_log_dynamic_data, .)
 *(.log_dynamic_data)
                [!provide]                PROVIDE (__stop_log_dynamic_data, .)

.cli_sorted_cmd_ptrs
                0x20000074        0x0
                [!provide]                PROVIDE (__start_cli_sorted_cmd_ptrs, .)
 *(.cli_sorted_cmd_ptrs)
                [!provide]                PROVIDE (__stop_cli_sorted_cmd_ptrs, .)

.bss            0x20000074     0x11c4 load address 0x00002ba4
                0x20000074                . = ALIGN (0x4)
                0x20000074                __bss_start__ = .
 *(.bss*)
 .bss           0x20000074       0x1c c:/program files (x86)/gnu tools arm embedded/6.2 2016q4/bin/../lib/gcc/arm-none-eabi/6.2.1/thumb/v7e-m/fpv4-sp/hard/crtbegin.o
 .bss.pucAlignedHeap.8221
                0x20000090        0x4 _build/nrf52832_xxaa/heap_1.c.o
 .bss.ucHeap    0x20000094     0x1000 _build/nrf52832_xxaa/heap_1.c.o
 .bss.xNextFreeByte
                0x20001094        0x4 _build/nrf52832_xxaa/heap_1.c.o
 .bss.uxCriticalNesting
                0x20001098        0x4 _build/nrf52832_xxaa/port_cmsis.c.o
 .bss.pxCurrentTCB
                0x2000109c        0x4 _build/nrf52832_xxaa/tasks.c.o
                0x2000109c                pxCurrentTCB
 .bss.pxDelayedTaskList
                0x200010a0        0x4 _build/nrf52832_xxaa/tasks.c.o
 .bss.pxOverflowDelayedTaskList
                0x200010a4        0x4 _build/nrf52832_xxaa/tasks.c.o
 .bss.pxReadyTasksLists
                0x200010a8       0x3c _build/nrf52832_xxaa/tasks.c.o
 .bss.uxCurrentNumberOfTasks
                0x200010e4        0x4 _build/nrf52832_xxaa/tasks.c.o
 .bss.uxPendedTicks
                0x200010e8        0x4 _build/nrf52832_xxaa/tasks.c.o
 .bss.uxSchedulerSuspended
                0x200010ec        0x4 _build/nrf52832_xxaa/tasks.c.o
 .bss.uxTaskNumber
                0x200010f0        0x4 _build/nrf52832_xxaa/tasks.c.o
 .bss.uxTasksDeleted
                0x200010f4        0x4 _build/nrf52832_xxaa/tasks.c.o
 .bss.uxTopReadyPriority
                0x200010f8        0x4 _build/nrf52832_xxaa/tasks.c.o
 .bss.xDelayedTaskList1
                0x200010fc       0x14 _build/nrf52832_xxaa/tasks.c.o
 .bss.xDelayedTaskList2
                0x20001110       0x14 _build/nrf52832_xxaa/tasks.c.o
 .bss.xIdleTaskHandle
                0x20001124        0x4 _build/nrf52832_xxaa/tasks.c.o
 .bss.xNumOfOverflows
                0x20001128        0x4 _build/nrf52832_xxaa/tasks.c.o
 .bss.xPendingReadyList
                0x2000112c       0x14 _build/nrf52832_xxaa/tasks.c.o
 .bss.xSchedulerRunning
                0x20001140        0x4 _build/nrf52832_xxaa/tasks.c.o
 .bss.xSuspendedTaskList
                0x20001144       0x14 _build/nrf52832_xxaa/tasks.c.o
 .bss.xTasksWaitingTermination
                0x20001158       0x14 _build/nrf52832_xxaa/tasks.c.o
 .bss.xTickCount
                0x2000116c        0x4 _build/nrf52832_xxaa/tasks.c.o
 .bss.xYieldPending
                0x20001170        0x4 _build/nrf52832_xxaa/tasks.c.o
 .bss.pxCurrentTimerList
                0x20001174        0x4 _build/nrf52832_xxaa/timers.c.o
 .bss.pxOverflowTimerList
                0x20001178        0x4 _build/nrf52832_xxaa/timers.c.o
 .bss.xActiveTimerList1
                0x2000117c       0x14 _build/nrf52832_xxaa/timers.c.o
 .bss.xActiveTimerList2
                0x20001190       0x14 _build/nrf52832_xxaa/timers.c.o
 .bss.xLastTime.8477
                0x200011a4        0x4 _build/nrf52832_xxaa/timers.c.o
 .bss.xTimerQueue
                0x200011a8        0x4 _build/nrf52832_xxaa/timers.c.o
 .bss.xTimerTaskHandle
                0x200011ac        0x4 _build/nrf52832_xxaa/timers.c.o
 .bss.m_in_critical_region
                0x200011b0        0x4 _build/nrf52832_xxaa/app_util_platform.c.o
 .bss.m_clock_cb
                0x200011b4       0x14 _build/nrf52832_xxaa/nrf_drv_clock.c.o
 .bss.m_cb      0x200011c8       0x58 _build/nrf52832_xxaa/nrf_drv_gpiote.c.o
 *(COMMON)
 COMMON         0x20001220       0x10 _build/nrf52832_xxaa/queue.c.o
                0x20001220                xQueueRegistry
 COMMON         0x20001230        0x8 _build/nrf52832_xxaa/main.c.o
                0x20001230                led_toggle_timer_handle
                0x20001234                led_toggle_task_handle
                0x20001238                . = ALIGN (0x4)
                0x20001238                __bss_end__ = .

.heap           0x20001238     0x2000
                0x20001238                __HeapBase = .
                0x20001238                __end__ = .
                [!provide]                PROVIDE (end, .)
 *(.heap*)
 .heap          0x20001238     0x2000 _build/nrf52832_xxaa/gcc_startup_nrf52.S.o
                0x20003238                __HeapLimit = .

.stack_dummy    0x20001238     0x2000
 *(.stack*)
 .stack         0x20001238     0x2000 _build/nrf52832_xxaa/gcc_startup_nrf52.S.o
                0x20010000                __StackTop = (ORIGIN (RAM) + LENGTH (RAM))
                0x2000e000                __StackLimit = (__StackTop - SIZEOF (.stack_dummy))
                0x20010000                PROVIDE (__stack, __StackTop)
                0x00000001                ASSERT ((__StackLimit >= __HeapLimit), region RAM overflowed with stack)
OUTPUT(_build/nrf52832_xxaa.out elf32-littlearm)

.ARM.attributes
                0x00000000       0x30
 .ARM.attributes
                0x00000000       0x22 c:/program files (x86)/gnu tools arm embedded/6.2 2016q4/bin/../lib/gcc/arm-none-eabi/6.2.1/thumb/v7e-m/fpv4-sp/hard/crti.o
 .ARM.attributes
                0x00000022       0x34 c:/program files (x86)/gnu tools arm embedded/6.2 2016q4/bin/../lib/gcc/arm-none-eabi/6.2.1/thumb/v7e-m/fpv4-sp/hard/crtbegin.o
 .ARM.attributes
                0x00000056       0x20 c:/program files (x86)/gnu tools arm embedded/6.2 2016q4/bin/../lib/gcc/arm-none-eabi/6.2.1/../../../../arm-none-eabi/lib/thumb/v7e-m/fpv4-sp/hard/crt0.o
 .ARM.attributes
                0x00000076       0x39 _build/nrf52832_xxaa/boards.c.o
 .ARM.attributes
                0x000000af       0x39 _build/nrf52832_xxaa/heap_1.c.o
 .ARM.attributes
                0x000000e8       0x39 _build/nrf52832_xxaa/list.c.o
 .ARM.attributes
                0x00000121       0x39 _build/nrf52832_xxaa/port.c.o
 .ARM.attributes
                0x0000015a       0x39 _build/nrf52832_xxaa/port_cmsis.c.o
 .ARM.attributes
                0x00000193       0x39 _build/nrf52832_xxaa/port_cmsis_systick.c.o
 .ARM.attributes
                0x000001cc       0x39 _build/nrf52832_xxaa/queue.c.o
 .ARM.attributes
                0x00000205       0x39 _build/nrf52832_xxaa/tasks.c.o
 .ARM.attributes
                0x0000023e       0x39 _build/nrf52832_xxaa/timers.c.o
 .ARM.attributes
                0x00000277       0x39 _build/nrf52832_xxaa/app_error.c.o
 .ARM.attributes
                0x000002b0       0x39 _build/nrf52832_xxaa/app_error_weak.c.o
 .ARM.attributes
                0x000002e9       0x39 _build/nrf52832_xxaa/app_util_platform.c.o
 .ARM.attributes
                0x00000322       0x39 _build/nrf52832_xxaa/nrf_drv_clock.c.o
 .ARM.attributes
                0x0000035b       0x39 _build/nrf52832_xxaa/nrf_drv_common.c.o
 .ARM.attributes
                0x00000394       0x39 _build/nrf52832_xxaa/nrf_drv_gpiote.c.o
 .ARM.attributes
                0x000003cd       0x39 _build/nrf52832_xxaa/main.c.o
 .ARM.attributes
                0x00000406       0x20 _build/nrf52832_xxaa/gcc_startup_nrf52.S.o
 .ARM.attributes
                0x00000426       0x39 _build/nrf52832_xxaa/system_nrf52.c.o
 .ARM.attributes
                0x0000045f       0x34 c:/program files (x86)/gnu tools arm embedded/6.2 2016q4/bin/../lib/gcc/arm-none-eabi/6.2.1/../../../../arm-none-eabi/lib/thumb/v7e-m/fpv4-sp/hard\libc_nano.a(lib_a-exit.o)
 .ARM.attributes
                0x00000493       0x34 c:/program files (x86)/gnu tools arm embedded/6.2 2016q4/bin/../lib/gcc/arm-none-eabi/6.2.1/../../../../arm-none-eabi/lib/thumb/v7e-m/fpv4-sp/hard\libc_nano.a(lib_a-impure.o)
 .ARM.attributes
                0x000004c7       0x34 c:/program files (x86)/gnu tools arm embedded/6.2 2016q4/bin/../lib/gcc/arm-none-eabi/6.2.1/../../../../arm-none-eabi/lib/thumb/v7e-m/fpv4-sp/hard\libc_nano.a(lib_a-init.o)
 .ARM.attributes
                0x000004fb       0x34 c:/program files (x86)/gnu tools arm embedded/6.2 2016q4/bin/../lib/gcc/arm-none-eabi/6.2.1/../../../../arm-none-eabi/lib/thumb/v7e-m/fpv4-sp/hard\libc_nano.a(lib_a-memcpy-stub.o)
 .ARM.attributes
                0x0000052f       0x34 c:/program files (x86)/gnu tools arm embedded/6.2 2016q4/bin/../lib/gcc/arm-none-eabi/6.2.1/../../../../arm-none-eabi/lib/thumb/v7e-m/fpv4-sp/hard\libc_nano.a(lib_a-memset.o)
 .ARM.attributes
                0x00000563       0x34 c:/program files (x86)/gnu tools arm embedded/6.2 2016q4/bin/../lib/gcc/arm-none-eabi/6.2.1/../../../../arm-none-eabi/lib/thumb/v7e-m/fpv4-sp/hard\libnosys.a(_exit.o)
 .ARM.attributes
                0x00000597       0x34 c:/program files (x86)/gnu tools arm embedded/6.2 2016q4/bin/../lib/gcc/arm-none-eabi/6.2.1/thumb/v7e-m/fpv4-sp/hard/crtend.o
 .ARM.attributes
                0x000005cb       0x22 c:/program files (x86)/gnu tools arm embedded/6.2 2016q4/bin/../lib/gcc/arm-none-eabi/6.2.1/thumb/v7e-m/fpv4-sp/hard/crtn.o

.comment        0x00000000       0x6e
 .comment       0x00000000       0x6e _build/nrf52832_xxaa/boards.c.o
                                 0x6f (size before relaxing)
 .comment       0x0000006e       0x6f _build/nrf52832_xxaa/heap_1.c.o
 .comment       0x0000006e       0x6f _build/nrf52832_xxaa/list.c.o
 .comment       0x0000006e       0x6f _build/nrf52832_xxaa/port.c.o
 .comment       0x0000006e       0x6f _build/nrf52832_xxaa/port_cmsis.c.o
 .comment       0x0000006e       0x6f _build/nrf52832_xxaa/port_cmsis_systick.c.o
 .comment       0x0000006e       0x6f _build/nrf52832_xxaa/queue.c.o
 .comment       0x0000006e       0x6f _build/nrf52832_xxaa/tasks.c.o
 .comment       0x0000006e       0x6f _build/nrf52832_xxaa/timers.c.o
 .comment       0x0000006e       0x6f _build/nrf52832_xxaa/app_error.c.o
 .comment       0x0000006e       0x6f _build/nrf52832_xxaa/app_error_weak.c.o
 .comment       0x0000006e       0x6f _build/nrf52832_xxaa/app_util_platform.c.o
 .comment       0x0000006e       0x6f _build/nrf52832_xxaa/nrf_drv_clock.c.o
 .comment       0x0000006e       0x6f _build/nrf52832_xxaa/nrf_drv_common.c.o
 .comment       0x0000006e       0x6f _build/nrf52832_xxaa/nrf_drv_gpiote.c.o
 .comment       0x0000006e       0x6f _build/nrf52832_xxaa/main.c.o
 .comment       0x0000006e       0x6f _build/nrf52832_xxaa/system_nrf52.c.o

.debug_info     0x00000000    0x16d00
 .debug_info    0x00000000     0x13fc _build/nrf52832_xxaa/boards.c.o
 .debug_info    0x000013fc      0xa0a _build/nrf52832_xxaa/heap_1.c.o
 .debug_info    0x00001e06      0xaf4 _build/nrf52832_xxaa/list.c.o
 .debug_info    0x000028fa      0x91f _build/nrf52832_xxaa/port.c.o
 .debug_info    0x00003219     0x1074 _build/nrf52832_xxaa/port_cmsis.c.o
 .debug_info    0x0000428d     0x17bb _build/nrf52832_xxaa/port_cmsis_systick.c.o
 .debug_info    0x00005a48     0x2416 _build/nrf52832_xxaa/queue.c.o
 .debug_info    0x00007e5e     0x338d _build/nrf52832_xxaa/tasks.c.o
 .debug_info    0x0000b1eb     0x1d37 _build/nrf52832_xxaa/timers.c.o
 .debug_info    0x0000cf22      0xb54 _build/nrf52832_xxaa/app_error.c.o
 .debug_info    0x0000da76      0xc02 _build/nrf52832_xxaa/app_error_weak.c.o
 .debug_info    0x0000e678      0xf9f _build/nrf52832_xxaa/app_util_platform.c.o
 .debug_info    0x0000f617     0x19a2 _build/nrf52832_xxaa/nrf_drv_clock.c.o
 .debug_info    0x00010fb9      0xe7d _build/nrf52832_xxaa/nrf_drv_common.c.o
 .debug_info    0x00011e36     0x300d _build/nrf52832_xxaa/nrf_drv_gpiote.c.o
 .debug_info    0x00014e43      0xd01 _build/nrf52832_xxaa/main.c.o
 .debug_info    0x00015b44       0xbb _build/nrf52832_xxaa/gcc_startup_nrf52.S.o
 .debug_info    0x00015bff     0x1101 _build/nrf52832_xxaa/system_nrf52.c.o

.debug_abbrev   0x00000000     0x35de
 .debug_abbrev  0x00000000      0x382 _build/nrf52832_xxaa/boards.c.o
 .debug_abbrev  0x00000382      0x262 _build/nrf52832_xxaa/heap_1.c.o
 .debug_abbrev  0x000005e4      0x223 _build/nrf52832_xxaa/list.c.o
 .debug_abbrev  0x00000807      0x1b1 _build/nrf52832_xxaa/port.c.o
 .debug_abbrev  0x000009b8      0x36b _build/nrf52832_xxaa/port_cmsis.c.o
 .debug_abbrev  0x00000d23      0x407 _build/nrf52832_xxaa/port_cmsis_systick.c.o
 .debug_abbrev  0x0000112a      0x3f4 _build/nrf52832_xxaa/queue.c.o
 .debug_abbrev  0x0000151e      0x4d4 _build/nrf52832_xxaa/tasks.c.o
 .debug_abbrev  0x000019f2      0x3f8 _build/nrf52832_xxaa/timers.c.o
 .debug_abbrev  0x00001dea      0x235 _build/nrf52832_xxaa/app_error.c.o
 .debug_abbrev  0x0000201f      0x21c _build/nrf52832_xxaa/app_error_weak.c.o
 .debug_abbrev  0x0000223b      0x324 _build/nrf52832_xxaa/app_util_platform.c.o
 .debug_abbrev  0x0000255f      0x4be _build/nrf52832_xxaa/nrf_drv_clock.c.o
 .debug_abbrev  0x00002a1d      0x285 _build/nrf52832_xxaa/nrf_drv_common.c.o
 .debug_abbrev  0x00002ca2      0x4d5 _build/nrf52832_xxaa/nrf_drv_gpiote.c.o
 .debug_abbrev  0x00003177      0x273 _build/nrf52832_xxaa/main.c.o
 .debug_abbrev  0x000033ea       0x14 _build/nrf52832_xxaa/gcc_startup_nrf52.S.o
 .debug_abbrev  0x000033fe      0x1e0 _build/nrf52832_xxaa/system_nrf52.c.o

.debug_loc      0x00000000     0x7a7f
 .debug_loc     0x00000000      0x845 _build/nrf52832_xxaa/boards.c.o
 .debug_loc     0x00000845       0xae _build/nrf52832_xxaa/heap_1.c.o
 .debug_loc     0x000008f3       0x70 _build/nrf52832_xxaa/list.c.o
 .debug_loc     0x00000963       0xa5 _build/nrf52832_xxaa/port_cmsis.c.o
 .debug_loc     0x00000a08      0x545 _build/nrf52832_xxaa/port_cmsis_systick.c.o
 .debug_loc     0x00000f4d     0x11ef _build/nrf52832_xxaa/queue.c.o
 .debug_loc     0x0000213c     0x1ee1 _build/nrf52832_xxaa/tasks.c.o
 .debug_loc     0x0000401d      0xe0d _build/nrf52832_xxaa/timers.c.o
 .debug_loc     0x00004e2a      0x145 _build/nrf52832_xxaa/app_error.c.o
 .debug_loc     0x00004f6f       0x42 _build/nrf52832_xxaa/app_error_weak.c.o
 .debug_loc     0x00004fb1       0xae _build/nrf52832_xxaa/app_util_platform.c.o
 .debug_loc     0x0000505f      0x406 _build/nrf52832_xxaa/nrf_drv_clock.c.o
 .debug_loc     0x00005465       0xea _build/nrf52832_xxaa/nrf_drv_common.c.o
 .debug_loc     0x0000554f     0x24d0 _build/nrf52832_xxaa/nrf_drv_gpiote.c.o
 .debug_loc     0x00007a1f       0x60 _build/nrf52832_xxaa/main.c.o

.debug_aranges  0x00000000      0x6d8
 .debug_aranges
                0x00000000       0x80 _build/nrf52832_xxaa/boards.c.o
 .debug_aranges
                0x00000080       0x38 _build/nrf52832_xxaa/heap_1.c.o
 .debug_aranges
                0x000000b8       0x40 _build/nrf52832_xxaa/list.c.o
 .debug_aranges
                0x000000f8       0x30 _build/nrf52832_xxaa/port.c.o
 .debug_aranges
                0x00000128       0x48 _build/nrf52832_xxaa/port_cmsis.c.o
 .debug_aranges
                0x00000170       0x30 _build/nrf52832_xxaa/port_cmsis_systick.c.o
 .debug_aranges
                0x000001a0       0xc0 _build/nrf52832_xxaa/queue.c.o
 .debug_aranges
                0x00000260      0x178 _build/nrf52832_xxaa/tasks.c.o
 .debug_aranges
                0x000003d8       0x70 _build/nrf52832_xxaa/timers.c.o
 .debug_aranges
                0x00000448       0x30 _build/nrf52832_xxaa/app_error.c.o
 .debug_aranges
                0x00000478       0x20 _build/nrf52832_xxaa/app_error_weak.c.o
 .debug_aranges
                0x00000498       0x48 _build/nrf52832_xxaa/app_util_platform.c.o
 .debug_aranges
                0x000004e0       0x80 _build/nrf52832_xxaa/nrf_drv_clock.c.o
 .debug_aranges
                0x00000560       0x28 _build/nrf52832_xxaa/nrf_drv_common.c.o
 .debug_aranges
                0x00000588       0xd8 _build/nrf52832_xxaa/nrf_drv_gpiote.c.o
 .debug_aranges
                0x00000660       0x30 _build/nrf52832_xxaa/main.c.o
 .debug_aranges
                0x00000690       0x20 _build/nrf52832_xxaa/gcc_startup_nrf52.S.o
 .debug_aranges
                0x000006b0       0x28 _build/nrf52832_xxaa/system_nrf52.c.o

.debug_ranges   0x00000000     0x1ed0
 .debug_ranges  0x00000000      0x178 _build/nrf52832_xxaa/boards.c.o
 .debug_ranges  0x00000178       0x28 _build/nrf52832_xxaa/heap_1.c.o
 .debug_ranges  0x000001a0       0x30 _build/nrf52832_xxaa/list.c.o
 .debug_ranges  0x000001d0       0x20 _build/nrf52832_xxaa/port.c.o
 .debug_ranges  0x000001f0       0x50 _build/nrf52832_xxaa/port_cmsis.c.o
 .debug_ranges  0x00000240      0x258 _build/nrf52832_xxaa/port_cmsis_systick.c.o
 .debug_ranges  0x00000498      0x230 _build/nrf52832_xxaa/queue.c.o
 .debug_ranges  0x000006c8      0x648 _build/nrf52832_xxaa/tasks.c.o
 .debug_ranges  0x00000d10      0x228 _build/nrf52832_xxaa/timers.c.o
 .debug_ranges  0x00000f38       0x20 _build/nrf52832_xxaa/app_error.c.o
 .debug_ranges  0x00000f58       0x10 _build/nrf52832_xxaa/app_error_weak.c.o
 .debug_ranges  0x00000f68       0x50 _build/nrf52832_xxaa/app_util_platform.c.o
 .debug_ranges  0x00000fb8      0x2b8 _build/nrf52832_xxaa/nrf_drv_clock.c.o
 .debug_ranges  0x00001270       0x38 _build/nrf52832_xxaa/nrf_drv_common.c.o
 .debug_ranges  0x000012a8      0xaa8 _build/nrf52832_xxaa/nrf_drv_gpiote.c.o
 .debug_ranges  0x00001d50       0x38 _build/nrf52832_xxaa/main.c.o
 .debug_ranges  0x00001d88      0x148 _build/nrf52832_xxaa/system_nrf52.c.o

.debug_macro    0x00000000     0x430b
 .debug_macro   0x00000000      0x29d _build/nrf52832_xxaa/boards.c.o
 .debug_macro   0x0000029d       0x35 _build/nrf52832_xxaa/boards.c.o
 .debug_macro   0x000002d2       0x22 _build/nrf52832_xxaa/boards.c.o
 .debug_macro   0x000002f4      0x2ce _build/nrf52832_xxaa/boards.c.o
 .debug_macro   0x000005c2       0x16 _build/nrf52832_xxaa/boards.c.o
 .debug_macro   0x000005d8       0x97 _build/nrf52832_xxaa/boards.c.o
 .debug_macro   0x0000066f       0xf6 _build/nrf52832_xxaa/boards.c.o
 .debug_macro   0x00000765       0x10 _build/nrf52832_xxaa/boards.c.o
 .debug_macro   0x00000775       0x10 _build/nrf52832_xxaa/boards.c.o
 .debug_macro   0x00000785       0xb6 _build/nrf52832_xxaa/boards.c.o
 .debug_macro   0x0000083b       0x16 _build/nrf52832_xxaa/boards.c.o
 .debug_macro   0x00000851      0x145 _build/nrf52832_xxaa/boards.c.o
 .debug_macro   0x00000996       0x2b _build/nrf52832_xxaa/boards.c.o
 .debug_macro   0x000009c1       0x10 _build/nrf52832_xxaa/boards.c.o
 .debug_macro   0x000009d1       0x16 _build/nrf52832_xxaa/boards.c.o
 .debug_macro   0x000009e7       0x22 _build/nrf52832_xxaa/boards.c.o
 .debug_macro   0x00000a09       0x16 _build/nrf52832_xxaa/boards.c.o
 .debug_macro   0x00000a1f      0x261 _build/nrf52832_xxaa/boards.c.o
 .debug_macro   0x00000c80      0x115 _build/nrf52832_xxaa/boards.c.o
 .debug_macro   0x00000d95      0x311 _build/nrf52832_xxaa/heap_1.c.o
 .debug_macro   0x000010a6      0x2f0 _build/nrf52832_xxaa/list.c.o
 .debug_macro   0x00001396      0x2e0 _build/nrf52832_xxaa/port.c.o
 .debug_macro   0x00001676      0x30a _build/nrf52832_xxaa/port_cmsis.c.o
 .debug_macro   0x00001980      0x399 _build/nrf52832_xxaa/port_cmsis_systick.c.o
 .debug_macro   0x00001d19       0x16 _build/nrf52832_xxaa/port_cmsis_systick.c.o
 .debug_macro   0x00001d2f       0x31 _build/nrf52832_xxaa/port_cmsis_systick.c.o
 .debug_macro   0x00001d60       0x10 _build/nrf52832_xxaa/port_cmsis_systick.c.o
 .debug_macro   0x00001d70      0x157 _build/nrf52832_xxaa/port_cmsis_systick.c.o
 .debug_macro   0x00001ec7       0x68 _build/nrf52832_xxaa/port_cmsis_systick.c.o
 .debug_macro   0x00001f2f       0x28 _build/nrf52832_xxaa/port_cmsis_systick.c.o
 .debug_macro   0x00001f57       0x10 _build/nrf52832_xxaa/port_cmsis_systick.c.o
 .debug_macro   0x00001f67       0x28 _build/nrf52832_xxaa/port_cmsis_systick.c.o
 .debug_macro   0x00001f8f      0x362 _build/nrf52832_xxaa/queue.c.o
 .debug_macro   0x000022f1       0xb0 _build/nrf52832_xxaa/queue.c.o
 .debug_macro   0x000023a1      0x39e _build/nrf52832_xxaa/tasks.c.o
 .debug_macro   0x0000273f       0x16 _build/nrf52832_xxaa/tasks.c.o
 .debug_macro   0x00002755      0x32d _build/nrf52832_xxaa/timers.c.o
 .debug_macro   0x00002a82      0x229 _build/nrf52832_xxaa/app_error.c.o
 .debug_macro   0x00002cab      0x32e _build/nrf52832_xxaa/app_error_weak.c.o
 .debug_macro   0x00002fd9      0x151 _build/nrf52832_xxaa/app_error_weak.c.o
 .debug_macro   0x0000312a       0x28 _build/nrf52832_xxaa/app_error_weak.c.o
 .debug_macro   0x00003152       0x16 _build/nrf52832_xxaa/app_error_weak.c.o
 .debug_macro   0x00003168       0x8c _build/nrf52832_xxaa/app_error_weak.c.o
 .debug_macro   0x000031f4       0x10 _build/nrf52832_xxaa/app_error_weak.c.o
 .debug_macro   0x00003204       0x1c _build/nrf52832_xxaa/app_error_weak.c.o
 .debug_macro   0x00003220      0x245 _build/nrf52832_xxaa/app_util_platform.c.o
 .debug_macro   0x00003465      0x333 _build/nrf52832_xxaa/nrf_drv_clock.c.o
 .debug_macro   0x00003798      0x2b9 _build/nrf52832_xxaa/nrf_drv_common.c.o
 .debug_macro   0x00003a51       0x22 _build/nrf52832_xxaa/nrf_drv_common.c.o
 .debug_macro   0x00003a73      0x397 _build/nrf52832_xxaa/nrf_drv_gpiote.c.o
 .debug_macro   0x00003e0a       0x16 _build/nrf52832_xxaa/nrf_drv_gpiote.c.o
 .debug_macro   0x00003e20      0x3f6 _build/nrf52832_xxaa/main.c.o
 .debug_macro   0x00004216       0xf5 _build/nrf52832_xxaa/system_nrf52.c.o

.debug_line     0x00000000     0xa2c5
 .debug_line    0x00000000      0x7d3 _build/nrf52832_xxaa/boards.c.o
 .debug_line    0x000007d3      0x7d8 _build/nrf52832_xxaa/heap_1.c.o
 .debug_line    0x00000fab      0x7d9 _build/nrf52832_xxaa/list.c.o
 .debug_line    0x00001784      0x73c _build/nrf52832_xxaa/port.c.o
 .debug_line    0x00001ec0      0x7c0 _build/nrf52832_xxaa/port_cmsis.c.o
 .debug_line    0x00002680      0xb37 _build/nrf52832_xxaa/port_cmsis_systick.c.o
 .debug_line    0x000031b7      0xdcd _build/nrf52832_xxaa/queue.c.o
 .debug_line    0x00003f84     0x12df _build/nrf52832_xxaa/tasks.c.o
 .debug_line    0x00005263      0x9eb _build/nrf52832_xxaa/timers.c.o
 .debug_line    0x00005c4e      0x5ab _build/nrf52832_xxaa/app_error.c.o
 .debug_line    0x000061f9      0x82d _build/nrf52832_xxaa/app_error_weak.c.o
 .debug_line    0x00006a26      0x624 _build/nrf52832_xxaa/app_util_platform.c.o
 .debug_line    0x0000704a      0xa85 _build/nrf52832_xxaa/nrf_drv_clock.c.o
 .debug_line    0x00007acf      0x6d4 _build/nrf52832_xxaa/nrf_drv_common.c.o
 .debug_line    0x000081a3     0x11b9 _build/nrf52832_xxaa/nrf_drv_gpiote.c.o
 .debug_line    0x0000935c      0x9ef _build/nrf52832_xxaa/main.c.o
 .debug_line    0x00009d4b       0xa3 _build/nrf52832_xxaa/gcc_startup_nrf52.S.o
 .debug_line    0x00009dee      0x4d7 _build/nrf52832_xxaa/system_nrf52.c.o

.debug_str      0x00000000    0x72b24
 .debug_str     0x00000000    0x61fae _build/nrf52832_xxaa/boards.c.o
                              0x62c17 (size before relaxing)
 .debug_str     0x00061fae     0x75d4 _build/nrf52832_xxaa/heap_1.c.o
                              0x686b4 (size before relaxing)
 .debug_str     0x00069582      0x169 _build/nrf52832_xxaa/list.c.o
                              0x68103 (size before relaxing)
 .debug_str     0x000696eb       0x67 _build/nrf52832_xxaa/port.c.o
                              0x68502 (size before relaxing)
 .debug_str     0x00069752      0x516 _build/nrf52832_xxaa/port_cmsis.c.o
                              0x68ae8 (size before relaxing)
 .debug_str     0x00069c68     0x26fc _build/nrf52832_xxaa/port_cmsis_systick.c.o
                              0x6b64e (size before relaxing)
 .debug_str     0x0006c364     0x1214 _build/nrf52832_xxaa/queue.c.o
                              0x699d4 (size before relaxing)
 .debug_str     0x0006d578     0x1729 _build/nrf52832_xxaa/tasks.c.o
                              0x6a1dc (size before relaxing)
 .debug_str     0x0006eca1      0x4b0 _build/nrf52832_xxaa/timers.c.o
                              0x69f4a (size before relaxing)
 .debug_str     0x0006f151      0x12b _build/nrf52832_xxaa/app_error.c.o
                              0x610da (size before relaxing)
 .debug_str     0x0006f27c      0xe91 _build/nrf52832_xxaa/app_error_weak.c.o
                              0x68225 (size before relaxing)
 .debug_str     0x0007010d      0x205 _build/nrf52832_xxaa/app_util_platform.c.o
                              0x617ec (size before relaxing)
 .debug_str     0x00070312      0x94c _build/nrf52832_xxaa/nrf_drv_clock.c.o
                              0x680c7 (size before relaxing)
 .debug_str     0x00070c5e       0x81 _build/nrf52832_xxaa/nrf_drv_common.c.o
                              0x663b9 (size before relaxing)
 .debug_str     0x00070cdf     0x164c _build/nrf52832_xxaa/nrf_drv_gpiote.c.o
                              0x69888 (size before relaxing)
 .debug_str     0x0007232b      0x487 _build/nrf52832_xxaa/main.c.o
                              0x6addd (size before relaxing)
 .debug_str     0x000727b2      0x372 _build/nrf52832_xxaa/system_nrf52.c.o
                              0x5bb6f (size before relaxing)

.debug_frame    0x00000000     0x1288
 .debug_frame   0x00000000      0x104 _build/nrf52832_xxaa/boards.c.o
 .debug_frame   0x00000104       0x5c _build/nrf52832_xxaa/heap_1.c.o
 .debug_frame   0x00000160       0x70 _build/nrf52832_xxaa/list.c.o
 .debug_frame   0x000001d0       0x40 _build/nrf52832_xxaa/port.c.o
 .debug_frame   0x00000210       0x84 _build/nrf52832_xxaa/port_cmsis.c.o
 .debug_frame   0x00000294       0x80 _build/nrf52832_xxaa/port_cmsis_systick.c.o
 .debug_frame   0x00000314      0x278 _build/nrf52832_xxaa/queue.c.o
 .debug_frame   0x0000058c      0x544 _build/nrf52832_xxaa/tasks.c.o
 .debug_frame   0x00000ad0      0x17c _build/nrf52832_xxaa/timers.c.o
 .debug_frame   0x00000c4c       0x70 _build/nrf52832_xxaa/app_error.c.o
 .debug_frame   0x00000cbc       0x20 _build/nrf52832_xxaa/app_error_weak.c.o
 .debug_frame   0x00000cdc       0x70 _build/nrf52832_xxaa/app_util_platform.c.o
 .debug_frame   0x00000d4c      0x140 _build/nrf52832_xxaa/nrf_drv_clock.c.o
 .debug_frame   0x00000e8c       0x3c _build/nrf52832_xxaa/nrf_drv_common.c.o
 .debug_frame   0x00000ec8      0x268 _build/nrf52832_xxaa/nrf_drv_gpiote.c.o
 .debug_frame   0x00001130       0x54 _build/nrf52832_xxaa/main.c.o
 .debug_frame   0x00001184       0x48 _build/nrf52832_xxaa/system_nrf52.c.o
 .debug_frame   0x000011cc       0x28 c:/program files (x86)/gnu tools arm embedded/6.2 2016q4/bin/../lib/gcc/arm-none-eabi/6.2.1/../../../../arm-none-eabi/lib/thumb/v7e-m/fpv4-sp/hard\libc_nano.a(lib_a-exit.o)
 .debug_frame   0x000011f4       0x2c c:/program files (x86)/gnu tools arm embedded/6.2 2016q4/bin/../lib/gcc/arm-none-eabi/6.2.1/../../../../arm-none-eabi/lib/thumb/v7e-m/fpv4-sp/hard\libc_nano.a(lib_a-init.o)
 .debug_frame   0x00001220       0x28 c:/program files (x86)/gnu tools arm embedded/6.2 2016q4/bin/../lib/gcc/arm-none-eabi/6.2.1/../../../../arm-none-eabi/lib/thumb/v7e-m/fpv4-sp/hard\libc_nano.a(lib_a-memcpy-stub.o)
 .debug_frame   0x00001248       0x20 c:/program files (x86)/gnu tools arm embedded/6.2 2016q4/bin/../lib/gcc/arm-none-eabi/6.2.1/../../../../arm-none-eabi/lib/thumb/v7e-m/fpv4-sp/hard\libc_nano.a(lib_a-memset.o)
 .debug_frame   0x00001268       0x20 c:/program files (x86)/gnu tools arm embedded/6.2 2016q4/bin/../lib/gcc/arm-none-eabi/6.2.1/../../../../arm-none-eabi/lib/thumb/v7e-m/fpv4-sp/hard\libnosys.a(_exit.o)
