Archive member included to satisfy reference by file (symbol)

c:/program files (x86)/gnu tools arm embedded/6.2 2016q4/bin/../lib/gcc/arm-none-eabi/6.2.1/../../../../arm-none-eabi/lib/thumb/v7e-m/fpv4-sp/hard\libc_nano.a(lib_a-exit.o)
                              c:/program files (x86)/gnu tools arm embedded/6.2 2016q4/bin/../lib/gcc/arm-none-eabi/6.2.1/../../../../arm-none-eabi/lib/thumb/v7e-m/fpv4-sp/hard/crt0.o (exit)
c:/program files (x86)/gnu tools arm embedded/6.2 2016q4/bin/../lib/gcc/arm-none-eabi/6.2.1/../../../../arm-none-eabi/lib/thumb/v7e-m/fpv4-sp/hard\libc_nano.a(lib_a-impure.o)
                              c:/program files (x86)/gnu tools arm embedded/6.2 2016q4/bin/../lib/gcc/arm-none-eabi/6.2.1/../../../../arm-none-eabi/lib/thumb/v7e-m/fpv4-sp/hard\libc_nano.a(lib_a-exit.o) (_global_impure_ptr)
c:/program files (x86)/gnu tools arm embedded/6.2 2016q4/bin/../lib/gcc/arm-none-eabi/6.2.1/../../../../arm-none-eabi/lib/thumb/v7e-m/fpv4-sp/hard\libc_nano.a(lib_a-init.o)
                              c:/program files (x86)/gnu tools arm embedded/6.2 2016q4/bin/../lib/gcc/arm-none-eabi/6.2.1/../../../../arm-none-eabi/lib/thumb/v7e-m/fpv4-sp/hard/crt0.o (__libc_init_array)
c:/program files (x86)/gnu tools arm embedded/6.2 2016q4/bin/../lib/gcc/arm-none-eabi/6.2.1/../../../../arm-none-eabi/lib/thumb/v7e-m/fpv4-sp/hard\libc_nano.a(lib_a-memset.o)
                              c:/program files (x86)/gnu tools arm embedded/6.2 2016q4/bin/../lib/gcc/arm-none-eabi/6.2.1/../../../../arm-none-eabi/lib/thumb/v7e-m/fpv4-sp/hard/crt0.o (memset)
c:/program files (x86)/gnu tools arm embedded/6.2 2016q4/bin/../lib/gcc/arm-none-eabi/6.2.1/../../../../arm-none-eabi/lib/thumb/v7e-m/fpv4-sp/hard\libnosys.a(_exit.o)
                              c:/program files (x86)/gnu tools arm embedded/6.2 2016q4/bin/../lib/gcc/arm-none-eabi/6.2.1/../../../../arm-none-eabi/lib/thumb/v7e-m/fpv4-sp/hard\libc_nano.a(lib_a-exit.o) (_exit)
c:/program files (x86)/gnu tools arm embedded/6.2 2016q4/bin/../lib/gcc/arm-none-eabi/6.2.1/../../../../arm-none-eabi/lib/thumb/v7e-m/fpv4-sp/hard\libc_nano.a(lib_a-memcpy-stub.o)
                              _build/nrf52832_xxaa_app_scheduler.c.o (memcpy)
c:/program files (x86)/gnu tools arm embedded/6.2 2016q4/bin/../lib/gcc/arm-none-eabi/6.2.1/../../../../arm-none-eabi/lib/thumb/v7e-m/fpv4-sp/hard\libc_nano.a(lib_a-strcpy.o)
                              _build/nrf52832_xxaa_SEGGER_RTT.c.o (strcpy)
c:/program files (x86)/gnu tools arm embedded/6.2 2016q4/bin/../lib/gcc/arm-none-eabi/6.2.1/../../../../arm-none-eabi/lib/thumb/v7e-m/fpv4-sp/hard\libc_nano.a(lib_a-strlen.o)
                              _build/nrf52832_xxaa_SEGGER_RTT.c.o (strlen)

Allocating common symbols
Common symbol       size              file

_SEGGER_RTT         0x78              _build/nrf52832_xxaa_SEGGER_RTT.c.o

Discarded input sections

 .text          0x00000000        0x0 c:/program files (x86)/gnu tools arm embedded/6.2 2016q4/bin/../lib/gcc/arm-none-eabi/6.2.1/thumb/v7e-m/fpv4-sp/hard/crti.o
 .data          0x00000000        0x0 c:/program files (x86)/gnu tools arm embedded/6.2 2016q4/bin/../lib/gcc/arm-none-eabi/6.2.1/thumb/v7e-m/fpv4-sp/hard/crti.o
 .bss           0x00000000        0x0 c:/program files (x86)/gnu tools arm embedded/6.2 2016q4/bin/../lib/gcc/arm-none-eabi/6.2.1/thumb/v7e-m/fpv4-sp/hard/crti.o
 .data          0x00000000        0x4 c:/program files (x86)/gnu tools arm embedded/6.2 2016q4/bin/../lib/gcc/arm-none-eabi/6.2.1/thumb/v7e-m/fpv4-sp/hard/crtbegin.o
 .data          0x00000000        0x0 c:/program files (x86)/gnu tools arm embedded/6.2 2016q4/bin/../lib/gcc/arm-none-eabi/6.2.1/../../../../arm-none-eabi/lib/thumb/v7e-m/fpv4-sp/hard/crt0.o
 .bss           0x00000000        0x0 c:/program files (x86)/gnu tools arm embedded/6.2 2016q4/bin/../lib/gcc/arm-none-eabi/6.2.1/../../../../arm-none-eabi/lib/thumb/v7e-m/fpv4-sp/hard/crt0.o
 .ARM.extab     0x00000000        0x0 c:/program files (x86)/gnu tools arm embedded/6.2 2016q4/bin/../lib/gcc/arm-none-eabi/6.2.1/../../../../arm-none-eabi/lib/thumb/v7e-m/fpv4-sp/hard/crt0.o
 .text          0x00000000        0x0 c:/program files (x86)/gnu tools arm embedded/6.2 2016q4/bin/../lib/gcc/arm-none-eabi/6.2.1/../../../../arm-none-eabi/lib/thumb/v7e-m/fpv4-sp/hard\libc_nano.a(lib_a-exit.o)
 .data          0x00000000        0x0 c:/program files (x86)/gnu tools arm embedded/6.2 2016q4/bin/../lib/gcc/arm-none-eabi/6.2.1/../../../../arm-none-eabi/lib/thumb/v7e-m/fpv4-sp/hard\libc_nano.a(lib_a-exit.o)
 .bss           0x00000000        0x0 c:/program files (x86)/gnu tools arm embedded/6.2 2016q4/bin/../lib/gcc/arm-none-eabi/6.2.1/../../../../arm-none-eabi/lib/thumb/v7e-m/fpv4-sp/hard\libc_nano.a(lib_a-exit.o)
 .text          0x00000000        0x0 c:/program files (x86)/gnu tools arm embedded/6.2 2016q4/bin/../lib/gcc/arm-none-eabi/6.2.1/../../../../arm-none-eabi/lib/thumb/v7e-m/fpv4-sp/hard\libc_nano.a(lib_a-impure.o)
[...]
Memory Configuration

Name             Origin             Length             Attributes
FLASH            0x00000000         0x00080000         xr
RAM              0x20000000         0x00010000         xrw
*default*        0x00000000         0xffffffff

Linker script and memory map


.text           0x00000000     0x1270
 *(.isr_vector)
 .isr_vector    0x00000000      0x200 _build/nrf52832_xxaa_gcc_startup_nrf52.S.o
                0x00000000                __isr_vector
 *(.text*)
 .text          0x00000200       0x6c c:/program files (x86)/gnu tools arm embedded/6.2 2016q4/bin/../lib/gcc/arm-none-eabi/6.2.1/thumb/v7e-m/fpv4-sp/hard/crtbegin.o
 .text          0x0000026c       0x74 c:/program files (x86)/gnu tools arm embedded/6.2 2016q4/bin/../lib/gcc/arm-none-eabi/6.2.1/../../../../arm-none-eabi/lib/thumb/v7e-m/fpv4-sp/hard/crt0.o
                0x0000026c                _start
                0x0000026c                _mainCRTStartup
 .text.exit     0x000002e0       0x28 c:/program files (x86)/gnu tools arm embedded/6.2 2016q4/bin/../lib/gcc/arm-none-eabi/6.2.1/../../../../arm-none-eabi/lib/thumb/v7e-m/fpv4-sp/hard\libc_nano.a(lib_a-exit.o)
                0x000002e0                exit
 .text.__libc_init_array
                0x00000308       0x48 c:/program files (x86)/gnu tools arm embedded/6.2 2016q4/bin/../lib/gcc/arm-none-eabi/6.2.1/../../../../arm-none-eabi/lib/thumb/v7e-m/fpv4-sp/hard\libc_nano.a(lib_a-init.o)
                0x00000308                __libc_init_array
 .text.memset   0x00000350       0x10 c:/program files (x86)/gnu tools arm embedded/6.2 2016q4/bin/../lib/gcc/arm-none-eabi/6.2.1/../../../../arm-none-eabi/lib/thumb/v7e-m/fpv4-sp/hard\libc_nano.a(lib_a-memset.o)
                0x00000350                memset
 .text._exit    0x00000360        0x4 c:/program files (x86)/gnu tools arm embedded/6.2 2016q4/bin/../lib/gcc/arm-none-eabi/6.2.1/../../../../arm-none-eabi/lib/thumb/v7e-m/fpv4-sp/hard\libnosys.a(_exit.o)
                0x00000360                _exit
 .text.bsp_board_led_invert
                0x00000364       0x24 _build/nrf52832_xxaa_boards.c.o
                0x00000364                bsp_board_led_invert
 .text.bsp_board_leds_init
                0x00000388       0x3c _build/nrf52832_xxaa_boards.c.o
                0x00000388                bsp_board_leds_init
 .text.RTC1_IRQHandler
                0x000003c4       0xa0 _build/nrf52832_xxaa_app_timer.c.o
                0x000003c4                RTC1_IRQHandler
 .text.SWI0_EGU0_IRQHandler
                0x00000464      0x654 _build/nrf52832_xxaa_app_timer.c.o
                0x00000464                SWI0_EGU0_IRQHandler
 .text.POWER_CLOCK_IRQHandler
                0x00000ab8       0x78 _build/nrf52832_xxaa_nrf_drv_clock.c.o
                0x00000ab8                POWER_CLOCK_IRQHandler
 .text.UARTE0_UART0_IRQHandler
                0x00000b30      0x2f4 _build/nrf52832_xxaa_nrf_drv_uart.c.o
                0x00000b30                UARTE0_UART0_IRQHandler
 .text.startup.main
                0x00000e24       0xa4 _build/nrf52832_xxaa_main.c.o
                0x00000e24                main
 .text          0x00000ec8       0x3c _build/nrf52832_xxaa_gcc_startup_nrf52.S.o
                0x00000ec8                Reset_Handler
                0x00000ef0                NMI_Handler
                0x00000ef2                HardFault_Handler
                0x00000ef4                MemoryManagement_Handler
                0x00000ef6                BusFault_Handler
                0x00000ef8                UsageFault_Handler
                0x00000efa                SVC_Handler
                0x00000efc                DebugMon_Handler
                0x00000efe                PendSV_Handler
                0x00000f00                SysTick_Handler
                0x00000f02                RADIO_IRQHandler
                0x00000f02                PDM_IRQHandler
                0x00000f02                TEMP_IRQHandler
                0x00000f02                RTC0_IRQHandler
                0x00000f02                TIMER3_IRQHandler
                0x00000f02                FPU_IRQHandler
                0x00000f02                SPIM0_SPIS0_TWIM0_TWIS0_SPI0_TWI0_IRQHandler
                0x00000f02                GPIOTE_IRQHandler
                0x00000f02                QDEC_IRQHandler
                0x00000f02                I2S_IRQHandler
                0x00000f02                SWI4_EGU4_IRQHandler
                0x00000f02                PWM1_IRQHandler
                0x00000f02                TIMER2_IRQHandler
                0x00000f02                TIMER1_IRQHandler
                0x00000f02                PWM2_IRQHandler
                0x00000f02                ECB_IRQHandler
                0x00000f02                SPIM1_SPIS1_TWIM1_TWIS1_SPI1_TWI1_IRQHandler
                0x00000f02                Default_Handler
                0x00000f02                SAADC_IRQHandler
                0x00000f02                CCM_AAR_IRQHandler
                0x00000f02                WDT_IRQHandler
                0x00000f02                TIMER4_IRQHandler
                0x00000f02                SWI5_EGU5_IRQHandler
                0x00000f02                RNG_IRQHandler
                0x00000f02                RTC2_IRQHandler
                0x00000f02                PWM0_IRQHandler
                0x00000f02                SWI3_EGU3_IRQHandler
                0x00000f02                SWI1_EGU1_IRQHandler
                0x00000f02                SPIM2_SPIS2_SPI2_IRQHandler
                0x00000f02                NFCT_IRQHandler
                0x00000f02                SWI2_EGU2_IRQHandler
                0x00000f02                MWU_IRQHandler
                0x00000f02                TIMER0_IRQHandler
                0x00000f02                COMP_LPCOMP_IRQHandler
 .text.SystemInit
                0x00000f04      0x348 _build/nrf52832_xxaa_system_nrf52.c.o
                0x00000f04                SystemInit
 *(.init)
 .init          0x0000124c        0x4 c:/program files (x86)/gnu tools arm embedded/6.2 2016q4/bin/../lib/gcc/arm-none-eabi/6.2.1/thumb/v7e-m/fpv4-sp/hard/crti.o
                0x0000124c                _init
 .init          0x00001250        0x8 c:/program files (x86)/gnu tools arm embedded/6.2 2016q4/bin/../lib/gcc/arm-none-eabi/6.2.1/thumb/v7e-m/fpv4-sp/hard/crtn.o
 *(.fini)
 .fini          0x00001258        0x4 c:/program files (x86)/gnu tools arm embedded/6.2 2016q4/bin/../lib/gcc/arm-none-eabi/6.2.1/thumb/v7e-m/fpv4-sp/hard/crti.o
                0x00001258                _fini
 .fini          0x0000125c        0x8 c:/program files (x86)/gnu tools arm embedded/6.2 2016q4/bin/../lib/gcc/arm-none-eabi/6.2.1/thumb/v7e-m/fpv4-sp/hard/crtn.o
 *crtbegin.o(.ctors)
 *crtbegin?.o(.ctors)
 *(EXCLUDE_FILE(*crtend.o *crtend?.o) .ctors)
 *(SORT(.ctors.*))
 *(.ctors)
 *crtbegin.o(.dtors)
 *crtbegin?.o(.dtors)
 *(EXCLUDE_FILE(*crtend.o *crtend?.o) .dtors)
 *(SORT(.dtors.*))
 *(.dtors)
 *(.rodata*)
 .rodata._global_impure_ptr
                0x00001264        0x4 c:/program files (x86)/gnu tools arm embedded/6.2 2016q4/bin/../lib/gcc/arm-none-eabi/6.2.1/../../../../arm-none-eabi/lib/thumb/v7e-m/fpv4-sp/hard\libc_nano.a(lib_a-impure.o)
                0x00001264                _global_impure_ptr
 .rodata.m_board_led_list
                0x00001268        0x4 _build/nrf52832_xxaa_boards.c.o
 *(.eh_frame*)
 .eh_frame      0x0000126c        0x0 c:/program files (x86)/gnu tools arm embedded/6.2 2016q4/bin/../lib/gcc/arm-none-eabi/6.2.1/thumb/v7e-m/fpv4-sp/hard/crtbegin.o
 .eh_frame      0x0000126c        0x4 c:/program files (x86)/gnu tools arm embedded/6.2 2016q4/bin/../lib/gcc/arm-none-eabi/6.2.1/thumb/v7e-m/fpv4-sp/hard/crtend.o

.glue_7         0x00001270        0x0
 .glue_7        0x00001270        0x0 linker stubs

.glue_7t        0x00001270        0x0
 .glue_7t       0x00001270        0x0 linker stubs

.vfp11_veneer   0x00001270        0x0
 .vfp11_veneer  0x00001270        0x0 linker stubs

.v4_bx          0x00001270        0x0
 .v4_bx         0x00001270        0x0 linker stubs

.iplt           0x00001270        0x0
 .iplt          0x00001270        0x0 c:/program files (x86)/gnu tools arm embedded/6.2 2016q4/bin/../lib/gcc/arm-none-eabi/6.2.1/thumb/v7e-m/fpv4-sp/hard/crtbegin.o

.pwr_mgmt_data  0x00001270        0x0
                [!provide]                PROVIDE (__start_pwr_mgmt_data, .)
 *(SORT(.pwr_mgmt_data*))
                [!provide]                PROVIDE (__stop_pwr_mgmt_data, .)

.ARM.extab
 *(.ARM.extab* .gnu.linkonce.armextab.*)
                0x00001270                __exidx_start = .

.ARM.exidx      0x00001270        0x8
 *(.ARM.exidx* .gnu.linkonce.armexidx.*)
 .ARM.exidx     0x00001270        0x8 c:/program files (x86)/gnu tools arm embedded/6.2 2016q4/bin/../lib/gcc/arm-none-eabi/6.2.1/../../../../arm-none-eabi/lib/thumb/v7e-m/fpv4-sp/hard/crt0.o
                0x00001278                __exidx_end = .
                0x00001278                __etext = .

.rel.dyn        0x00001278        0x0
 .rel.iplt      0x00001278        0x0 c:/program files (x86)/gnu tools arm embedded/6.2 2016q4/bin/../lib/gcc/arm-none-eabi/6.2.1/thumb/v7e-m/fpv4-sp/hard/crtbegin.o

.data           0x20000000       0x70 load address 0x00001278
                0x20000000                __data_start__ = .
 *(vtable)
 *(.data*)
 .data.impure_data
                0x20000000       0x60 c:/program files (x86)/gnu tools arm embedded/6.2 2016q4/bin/../lib/gcc/arm-none-eabi/6.2.1/../../../../arm-none-eabi/lib/thumb/v7e-m/fpv4-sp/hard\libc_nano.a(lib_a-impure.o)
 .data.SystemCoreClock
                0x20000060        0x4 _build/nrf52832_xxaa_system_nrf52.c.o
                0x20000060                SystemCoreClock
                0x20000064                . = ALIGN (0x4)
                0x20000064                PROVIDE (__preinit_array_start, .)
 *(.preinit_array)
                0x20000064                PROVIDE (__preinit_array_end, .)
                0x20000064                . = ALIGN (0x4)
                0x20000064                PROVIDE (__init_array_start, .)
 *(SORT(.init_array.*))
 *(.init_array)
 .init_array    0x20000064        0x4 c:/program files (x86)/gnu tools arm embedded/6.2 2016q4/bin/../lib/gcc/arm-none-eabi/6.2.1/thumb/v7e-m/fpv4-sp/hard/crtbegin.o
                0x20000068                PROVIDE (__init_array_end, .)
                0x20000068                . = ALIGN (0x4)
                [!provide]                PROVIDE (__fini_array_start, .)
 *(SORT(.fini_array.*))
 *(.fini_array)
 .fini_array    0x20000068        0x4 c:/program files (x86)/gnu tools arm embedded/6.2 2016q4/bin/../lib/gcc/arm-none-eabi/6.2.1/thumb/v7e-m/fpv4-sp/hard/crtbegin.o
                [!provide]                PROVIDE (__fini_array_end, .)
 *(.jcr*)
 .jcr           0x2000006c        0x0 c:/program files (x86)/gnu tools arm embedded/6.2 2016q4/bin/../lib/gcc/arm-none-eabi/6.2.1/thumb/v7e-m/fpv4-sp/hard/crtbegin.o
 .jcr           0x2000006c        0x4 c:/program files (x86)/gnu tools arm embedded/6.2 2016q4/bin/../lib/gcc/arm-none-eabi/6.2.1/thumb/v7e-m/fpv4-sp/hard/crtend.o
                0x20000070                . = ALIGN (0x4)
                0x20000070                __data_end__ = .
LOAD c:/program files (x86)/gnu tools arm embedded/6.2 2016q4/bin/../lib/gcc/arm-none-eabi/6.2.1/thumb/v7e-m/fpv4-sp/hard/crti.o
LOAD c:/program files (x86)/gnu tools arm embedded/6.2 2016q4/bin/../lib/gcc/arm-none-eabi/6.2.1/thumb/v7e-m/fpv4-sp/hard/crtbegin.o
LOAD c:/program files (x86)/gnu tools arm embedded/6.2 2016q4/bin/../lib/gcc/arm-none-eabi/6.2.1/../../../../arm-none-eabi/lib/thumb/v7e-m/fpv4-sp/hard/crt0.o
LOAD c:/program files (x86)/gnu tools arm embedded/6.2 2016q4/bin/../lib/gcc/arm-none-eabi/6.2.1/../../../../arm-none-eabi/lib/thumb/v7e-m/fpv4-sp/hard\libc_nano.a
LOAD c:/program files (x86)/gnu tools arm embedded/6.2 2016q4/bin/../lib/gcc/arm-none-eabi/6.2.1/../../../../arm-none-eabi/lib/thumb/v7e-m/fpv4-sp/hard\libnosys.a
LOAD _build/nrf52832_xxaa_nrf_log_backend_serial.c.o
LOAD _build/nrf52832_xxaa_nrf_log_frontend.c.o
LOAD _build/nrf52832_xxaa_boards.c.o
LOAD _build/nrf52832_xxaa_app_error.c.o
LOAD _build/nrf52832_xxaa_app_error_weak.c.o
LOAD _build/nrf52832_xxaa_app_scheduler.c.o
LOAD _build/nrf52832_xxaa_app_timer.c.o
LOAD _build/nrf52832_xxaa_app_util_platform.c.o
LOAD _build/nrf52832_xxaa_hardfault_implementation.c.o
LOAD _build/nrf52832_xxaa_nrf_assert.c.o
LOAD _build/nrf52832_xxaa_nrf_strerror.c.o
LOAD _build/nrf52832_xxaa_nrf_drv_clock.c.o
LOAD _build/nrf52832_xxaa_nrf_drv_common.c.o
LOAD _build/nrf52832_xxaa_nrf_drv_uart.c.o
LOAD _build/nrf52832_xxaa_nrf_nvic.c.o
LOAD _build/nrf52832_xxaa_nrf_soc.c.o
LOAD _build/nrf52832_xxaa_main.c.o
LOAD _build/nrf52832_xxaa_RTT_Syscalls_GCC.c.o
LOAD _build/nrf52832_xxaa_SEGGER_RTT.c.o
LOAD _build/nrf52832_xxaa_SEGGER_RTT_printf.c.o
LOAD _build/nrf52832_xxaa_gcc_startup_nrf52.S.o
LOAD _build/nrf52832_xxaa_system_nrf52.c.o
LOAD c:/program files (x86)/gnu tools arm embedded/6.2 2016q4/bin/../lib/gcc/arm-none-eabi/6.2.1/../../../../arm-none-eabi/lib/thumb/v7e-m/fpv4-sp/hard\libm.a
START GROUP
LOAD c:/program files (x86)/gnu tools arm embedded/6.2 2016q4/bin/../lib/gcc/arm-none-eabi/6.2.1/thumb/v7e-m/fpv4-sp/hard\libgcc.a
LOAD c:/program files (x86)/gnu tools arm embedded/6.2 2016q4/bin/../lib/gcc/arm-none-eabi/6.2.1/../../../../arm-none-eabi/lib/thumb/v7e-m/fpv4-sp/hard\libc_nano.a
END GROUP
START GROUP
LOAD c:/program files (x86)/gnu tools arm embedded/6.2 2016q4/bin/../lib/gcc/arm-none-eabi/6.2.1/thumb/v7e-m/fpv4-sp/hard\libgcc.a
LOAD c:/program files (x86)/gnu tools arm embedded/6.2 2016q4/bin/../lib/gcc/arm-none-eabi/6.2.1/../../../../arm-none-eabi/lib/thumb/v7e-m/fpv4-sp/hard\libc_nano.a
END GROUP
LOAD c:/program files (x86)/gnu tools arm embedded/6.2 2016q4/bin/../lib/gcc/arm-none-eabi/6.2.1/thumb/v7e-m/fpv4-sp/hard/crtend.o
LOAD c:/program files (x86)/gnu tools arm embedded/6.2 2016q4/bin/../lib/gcc/arm-none-eabi/6.2.1/thumb/v7e-m/fpv4-sp/hard/crtn.o
START GROUP
LOAD c:/program files (x86)/gnu tools arm embedded/6.2 2016q4/bin/../lib/gcc/arm-none-eabi/6.2.1/thumb/v7e-m/fpv4-sp/hard\libgcc.a
LOAD c:/program files (x86)/gnu tools arm embedded/6.2 2016q4/bin/../lib/gcc/arm-none-eabi/6.2.1/../../../../arm-none-eabi/lib/thumb/v7e-m/fpv4-sp/hard\libc.a
LOAD c:/program files (x86)/gnu tools arm embedded/6.2 2016q4/bin/../lib/gcc/arm-none-eabi/6.2.1/../../../../arm-none-eabi/lib/thumb/v7e-m/fpv4-sp/hard\libnosys.a
END GROUP

.igot.plt       0x20000070        0x0 load address 0x000012e8
 .igot.plt      0x20000070        0x0 c:/program files (x86)/gnu tools arm embedded/6.2 2016q4/bin/../lib/gcc/arm-none-eabi/6.2.1/thumb/v7e-m/fpv4-sp/hard/crtbegin.o

.fs_data        0x20000070        0x0
                [!provide]                PROVIDE (__start_fs_data, .)
 *(.fs_data)
                [!provide]                PROVIDE (__stop_fs_data, .)

.bss            0x20000070      0x174 load address 0x000012e8
                0x20000070                . = ALIGN (0x4)
                0x20000070                __bss_start__ = .
 *(.bss*)
 .bss           0x20000070       0x1c c:/program files (x86)/gnu tools arm embedded/6.2 2016q4/bin/../lib/gcc/arm-none-eabi/6.2.1/thumb/v7e-m/fpv4-sp/hard/crtbegin.o
 .bss.m_op_queue
                0x2000008c      0x10c _build/nrf52832_xxaa_app_timer.c.o
 .bss.m_rtc1_reset
                0x20000198        0x1 _build/nrf52832_xxaa_app_timer.c.o
 .bss.m_rtc1_running
                0x20000199        0x1 _build/nrf52832_xxaa_app_timer.c.o
 *fill*         0x2000019a        0x2 
 .bss.m_ticks_elapsed
                0x2000019c        0x8 _build/nrf52832_xxaa_app_timer.c.o
 .bss.m_ticks_elapsed_q_read_ind
                0x200001a4        0x1 _build/nrf52832_xxaa_app_timer.c.o
 .bss.m_ticks_elapsed_q_write_ind
                0x200001a5        0x1 _build/nrf52832_xxaa_app_timer.c.o
 *fill*         0x200001a6        0x2 
 .bss.m_ticks_latest
                0x200001a8        0x4 _build/nrf52832_xxaa_app_timer.c.o
 .bss.mp_timer_id_head
                0x200001ac        0x4 _build/nrf52832_xxaa_app_timer.c.o
 .bss.m_clock_cb
                0x200001b0       0x14 _build/nrf52832_xxaa_nrf_drv_clock.c.o
 .bss.m_cb      0x200001c4       0x20 _build/nrf52832_xxaa_nrf_drv_uart.c.o
 *(COMMON)
                0x200001e4                . = ALIGN (0x4)
                0x200001e4                __bss_end__ = .

.heap           0x200001e8     0x2000
                0x200001e8                __HeapBase = .
                0x200001e8                __end__ = .
                [!provide]                PROVIDE (end, .)
 *(.heap*)
 .heap          0x200001e8     0x2000 _build/nrf52832_xxaa_gcc_startup_nrf52.S.o
                0x200021e8                __HeapLimit = .

.stack_dummy    0x200001e8     0x2000
 *(.stack*)
 .stack         0x200001e8     0x2000 _build/nrf52832_xxaa_gcc_startup_nrf52.S.o
                0x20010000                __StackTop = (ORIGIN (RAM) + LENGTH (RAM))
                0x2000e000                __StackLimit = (__StackTop - SIZEOF (.stack_dummy))
                0x20010000                PROVIDE (__stack, __StackTop)
                0x00000001                ASSERT ((__StackLimit >= __HeapLimit), region RAM overflowed with stack)
OUTPUT(_build/nrf52832_xxaa.out elf32-littlearm)

.ARM.attributes
                0x00000000       0x30
 .ARM.attributes
                0x00000000       0x22 c:/program files (x86)/gnu tools arm embedded/6.2 2016q4/bin/../lib/gcc/arm-none-eabi/6.2.1/thumb/v7e-m/fpv4-sp/hard/crti.o
 .ARM.attributes
                0x00000022       0x34 c:/program files (x86)/gnu tools arm embedded/6.2 2016q4/bin/../lib/gcc/arm-none-eabi/6.2.1/thumb/v7e-m/fpv4-sp/hard/crtbegin.o
 .ARM.attributes
                0x00000056       0x20 c:/program files (x86)/gnu tools arm embedded/6.2 2016q4/bin/../lib/gcc/arm-none-eabi/6.2.1/../../../../arm-none-eabi/lib/thumb/v7e-m/fpv4-sp/hard/crt0.o
 .ARM.attributes
                0x00000076       0x34 c:/program files (x86)/gnu tools arm embedded/6.2 2016q4/bin/../lib/gcc/arm-none-eabi/6.2.1/../../../../arm-none-eabi/lib/thumb/v7e-m/fpv4-sp/hard\libc_nano.a(lib_a-exit.o)
 .ARM.attributes
                0x000000aa       0x34 c:/program files (x86)/gnu tools arm embedded/6.2 2016q4/bin/../lib/gcc/arm-none-eabi/6.2.1/../../../../arm-none-eabi/lib/thumb/v7e-m/fpv4-sp/hard\libc_nano.a(lib_a-impure.o)
 .ARM.attributes
                0x000000de       0x34 c:/program files (x86)/gnu tools arm embedded/6.2 2016q4/bin/../lib/gcc/arm-none-eabi/6.2.1/../../../../arm-none-eabi/lib/thumb/v7e-m/fpv4-sp/hard\libc_nano.a(lib_a-init.o)
 .ARM.attributes
                0x00000112       0x34 c:/program files (x86)/gnu tools arm embedded/6.2 2016q4/bin/../lib/gcc/arm-none-eabi/6.2.1/../../../../arm-none-eabi/lib/thumb/v7e-m/fpv4-sp/hard\libc_nano.a(lib_a-memset.o)
 .ARM.attributes
                0x00000146       0x34 c:/program files (x86)/gnu tools arm embedded/6.2 2016q4/bin/../lib/gcc/arm-none-eabi/6.2.1/../../../../arm-none-eabi/lib/thumb/v7e-m/fpv4-sp/hard\libnosys.a(_exit.o)
 .ARM.attributes
                0x0000017a       0x39 _build/nrf52832_xxaa_boards.c.o
 .ARM.attributes
                0x000001b3       0x39 _build/nrf52832_xxaa_app_timer.c.o
 .ARM.attributes
                0x000001ec       0x39 _build/nrf52832_xxaa_nrf_drv_clock.c.o
 .ARM.attributes
                0x00000225       0x39 _build/nrf52832_xxaa_nrf_drv_uart.c.o
 .ARM.attributes
                0x0000025e       0x39 _build/nrf52832_xxaa_main.c.o
 .ARM.attributes
                0x00000297       0x1c _build/nrf52832_xxaa_gcc_startup_nrf52.S.o
 .ARM.attributes
                0x000002b3       0x39 _build/nrf52832_xxaa_system_nrf52.c.o
 .ARM.attributes
                0x000002ec       0x34 c:/program files (x86)/gnu tools arm embedded/6.2 2016q4/bin/../lib/gcc/arm-none-eabi/6.2.1/thumb/v7e-m/fpv4-sp/hard/crtend.o
 .ARM.attributes
                0x00000320       0x22 c:/program files (x86)/gnu tools arm embedded/6.2 2016q4/bin/../lib/gcc/arm-none-eabi/6.2.1/thumb/v7e-m/fpv4-sp/hard/crtn.o

.comment        0x00000000       0x6e
 .comment       0x00000000       0x6e _build/nrf52832_xxaa_boards.c.o
                                 0x6f (size before relaxing)
 .comment       0x0000006e       0x6f _build/nrf52832_xxaa_app_timer.c.o
 .comment       0x0000006e       0x6f _build/nrf52832_xxaa_nrf_drv_clock.c.o
 .comment       0x0000006e       0x6f _build/nrf52832_xxaa_nrf_drv_uart.c.o
 .comment       0x0000006e       0x6f _build/nrf52832_xxaa_main.c.o
 .comment       0x0000006e       0x6f _build/nrf52832_xxaa_system_nrf52.c.o

.debug_frame    0x00000000      0x63c
 .debug_frame   0x00000000       0x28 c:/program files (x86)/gnu tools arm embedded/6.2 2016q4/bin/../lib/gcc/arm-none-eabi/6.2.1/../../../../arm-none-eabi/lib/thumb/v7e-m/fpv4-sp/hard\libc_nano.a(lib_a-exit.o)
 .debug_frame   0x00000028       0x2c c:/program files (x86)/gnu tools arm embedded/6.2 2016q4/bin/../lib/gcc/arm-none-eabi/6.2.1/../../../../arm-none-eabi/lib/thumb/v7e-m/fpv4-sp/hard\libc_nano.a(lib_a-init.o)
 .debug_frame   0x00000054       0x20 c:/program files (x86)/gnu tools arm embedded/6.2 2016q4/bin/../lib/gcc/arm-none-eabi/6.2.1/../../../../arm-none-eabi/lib/thumb/v7e-m/fpv4-sp/hard\libc_nano.a(lib_a-memset.o)
 .debug_frame   0x00000074       0x20 c:/program files (x86)/gnu tools arm embedded/6.2 2016q4/bin/../lib/gcc/arm-none-eabi/6.2.1/../../../../arm-none-eabi/lib/thumb/v7e-m/fpv4-sp/hard\libnosys.a(_exit.o)
 .debug_frame   0x00000094      0x104 _build/nrf52832_xxaa_boards.c.o
 .debug_frame   0x00000198      0x12c _build/nrf52832_xxaa_app_timer.c.o
 .debug_frame   0x000002c4      0x140 _build/nrf52832_xxaa_nrf_drv_clock.c.o
 .debug_frame   0x00000404      0x1c0 _build/nrf52832_xxaa_nrf_drv_uart.c.o
 .debug_frame   0x000005c4       0x30 _build/nrf52832_xxaa_main.c.o
 .debug_frame   0x000005f4       0x48 _build/nrf52832_xxaa_system_nrf52.c.o

.debug_info     0x00000000     0xb37d
 .debug_info    0x00000000     0x13fc _build/nrf52832_xxaa_boards.c.o
 .debug_info    0x000013fc     0x22c0 _build/nrf52832_xxaa_app_timer.c.o
 .debug_info    0x000036bc     0x194c _build/nrf52832_xxaa_nrf_drv_clock.c.o
 .debug_info    0x00005008     0x4bc1 _build/nrf52832_xxaa_nrf_drv_uart.c.o
 .debug_info    0x00009bc9      0x9c2 _build/nrf52832_xxaa_main.c.o
 .debug_info    0x0000a58b      0xdf2 _build/nrf52832_xxaa_system_nrf52.c.o

.debug_abbrev   0x00000000     0x156d
 .debug_abbrev  0x00000000      0x382 _build/nrf52832_xxaa_boards.c.o
 .debug_abbrev  0x00000382      0x46c _build/nrf52832_xxaa_app_timer.c.o
 .debug_abbrev  0x000007ee      0x4be _build/nrf52832_xxaa_nrf_drv_clock.c.o
 .debug_abbrev  0x00000cac      0x45b _build/nrf52832_xxaa_nrf_drv_uart.c.o
 .debug_abbrev  0x00001107      0x284 _build/nrf52832_xxaa_main.c.o
 .debug_abbrev  0x0000138b      0x1e2 _build/nrf52832_xxaa_system_nrf52.c.o

.debug_loc      0x00000000     0x42bb
 .debug_loc     0x00000000      0x845 _build/nrf52832_xxaa_boards.c.o
 .debug_loc     0x00000845      0xd47 _build/nrf52832_xxaa_app_timer.c.o
 .debug_loc     0x0000158c      0x406 _build/nrf52832_xxaa_nrf_drv_clock.c.o
 .debug_loc     0x00001992     0x28dc _build/nrf52832_xxaa_nrf_drv_uart.c.o
 .debug_loc     0x0000426e       0x4d _build/nrf52832_xxaa_main.c.o

.debug_aranges  0x00000000      0x230
 .debug_aranges
                0x00000000       0x80 _build/nrf52832_xxaa_boards.c.o
 .debug_aranges
                0x00000080       0x70 _build/nrf52832_xxaa_app_timer.c.o
 .debug_aranges
                0x000000f0       0x80 _build/nrf52832_xxaa_nrf_drv_clock.c.o
 .debug_aranges
                0x00000170       0x78 _build/nrf52832_xxaa_nrf_drv_uart.c.o
 .debug_aranges
                0x000001e8       0x20 _build/nrf52832_xxaa_main.c.o
 .debug_aranges
                0x00000208       0x28 _build/nrf52832_xxaa_system_nrf52.c.o

.debug_ranges   0x00000000     0x1220
 .debug_ranges  0x00000000      0x178 _build/nrf52832_xxaa_boards.c.o
 .debug_ranges  0x00000178      0x460 _build/nrf52832_xxaa_app_timer.c.o
 .debug_ranges  0x000005d8      0x2b8 _build/nrf52832_xxaa_nrf_drv_clock.c.o
 .debug_ranges  0x00000890      0x838 _build/nrf52832_xxaa_nrf_drv_uart.c.o
 .debug_ranges  0x000010c8       0x28 _build/nrf52832_xxaa_main.c.o
 .debug_ranges  0x000010f0      0x130 _build/nrf52832_xxaa_system_nrf52.c.o

.debug_macro    0x00000000     0x1bb9
 .debug_macro   0x00000000      0x29d _build/nrf52832_xxaa_boards.c.o
 .debug_macro   0x0000029d       0x35 _build/nrf52832_xxaa_boards.c.o
 .debug_macro   0x000002d2       0x22 _build/nrf52832_xxaa_boards.c.o
 .debug_macro   0x000002f4      0x2a4 _build/nrf52832_xxaa_boards.c.o
 .debug_macro   0x00000598       0x16 _build/nrf52832_xxaa_boards.c.o
 .debug_macro   0x000005ae       0x97 _build/nrf52832_xxaa_boards.c.o
 .debug_macro   0x00000645       0xf6 _build/nrf52832_xxaa_boards.c.o
 .debug_macro   0x0000073b       0x10 _build/nrf52832_xxaa_boards.c.o
 .debug_macro   0x0000074b       0x10 _build/nrf52832_xxaa_boards.c.o
 .debug_macro   0x0000075b       0xb6 _build/nrf52832_xxaa_boards.c.o
 .debug_macro   0x00000811       0x16 _build/nrf52832_xxaa_boards.c.o
 .debug_macro   0x00000827      0x145 _build/nrf52832_xxaa_boards.c.o
 .debug_macro   0x0000096c       0x2b _build/nrf52832_xxaa_boards.c.o
 .debug_macro   0x00000997       0x10 _build/nrf52832_xxaa_boards.c.o
 .debug_macro   0x000009a7       0x16 _build/nrf52832_xxaa_boards.c.o
 .debug_macro   0x000009bd       0x22 _build/nrf52832_xxaa_boards.c.o
 .debug_macro   0x000009df       0x16 _build/nrf52832_xxaa_boards.c.o
 .debug_macro   0x000009f5      0x261 _build/nrf52832_xxaa_boards.c.o
 .debug_macro   0x00000c56      0x115 _build/nrf52832_xxaa_boards.c.o
 .debug_macro   0x00000d6b      0x313 _build/nrf52832_xxaa_app_timer.c.o
 .debug_macro   0x0000107e       0x28 _build/nrf52832_xxaa_app_timer.c.o
 .debug_macro   0x000010a6       0x16 _build/nrf52832_xxaa_app_timer.c.o
 .debug_macro   0x000010bc      0x32d _build/nrf52832_xxaa_nrf_drv_clock.c.o
 .debug_macro   0x000013e9       0x10 _build/nrf52832_xxaa_nrf_drv_clock.c.o
 .debug_macro   0x000013f9       0x28 _build/nrf52832_xxaa_nrf_drv_clock.c.o
 .debug_macro   0x00001421       0x1c _build/nrf52832_xxaa_nrf_drv_clock.c.o
 .debug_macro   0x0000143d      0x37e _build/nrf52832_xxaa_nrf_drv_uart.c.o
 .debug_macro   0x000017bb       0x10 _build/nrf52832_xxaa_nrf_drv_uart.c.o
 .debug_macro   0x000017cb       0x43 _build/nrf52832_xxaa_nrf_drv_uart.c.o
 .debug_macro   0x0000180e      0x2a6 _build/nrf52832_xxaa_main.c.o
 .debug_macro   0x00001ab4       0x10 _build/nrf52832_xxaa_main.c.o
 .debug_macro   0x00001ac4       0xf5 _build/nrf52832_xxaa_system_nrf52.c.o

.debug_line     0x00000000     0x377b
 .debug_line    0x00000000      0x740 _build/nrf52832_xxaa_boards.c.o
 .debug_line    0x00000740      0xa83 _build/nrf52832_xxaa_app_timer.c.o
 .debug_line    0x000011c3      0x95f _build/nrf52832_xxaa_nrf_drv_clock.c.o
 .debug_line    0x00001b22     0x11af _build/nrf52832_xxaa_nrf_drv_uart.c.o
 .debug_line    0x00002cd1      0x621 _build/nrf52832_xxaa_main.c.o
 .debug_line    0x000032f2      0x489 _build/nrf52832_xxaa_system_nrf52.c.o

.debug_str      0x00000000    0x6ab2b
 .debug_str     0x00000000    0x6178e _build/nrf52832_xxaa_boards.c.o
                              0x6237a (size before relaxing)
 .debug_str     0x0006178e     0x5478 _build/nrf52832_xxaa_app_timer.c.o
                              0x65edd (size before relaxing)
 .debug_str     0x00066c06     0x237f _build/nrf52832_xxaa_nrf_drv_clock.c.o
                              0x676af (size before relaxing)
 .debug_str     0x00068f85     0x18d5 _build/nrf52832_xxaa_nrf_drv_uart.c.o
                              0x690c8 (size before relaxing)
 .debug_str     0x0006a85a       0x2f _build/nrf52832_xxaa_main.c.o
                              0x61ec9 (size before relaxing)
 .debug_str     0x0006a889      0x2a2 _build/nrf52832_xxaa_system_nrf52.c.o
                              0x5bb5a (size before relaxing)
